Archive member included because of file (symbol)

c:/pixhawk/winarm/bin/../lib/gcc/arm-elf/4.1.1/../../../../arm-elf/lib/interwork\libc.a(atoi.o)
                              build/obj/hal/gps/gps_nmea.o (atoi)
c:/pixhawk/winarm/bin/../lib/gcc/arm-elf/4.1.1/../../../../arm-elf/lib/interwork\libc.a(memcpy.o)
                              build/obj/main/mainloop_generic.o (memcpy)
c:/pixhawk/winarm/bin/../lib/gcc/arm-elf/4.1.1/../../../../arm-elf/lib/interwork\libc.a(s_modf.o)
                              build/obj/hal/gps/gps_nmea.o (modf)
c:/pixhawk/winarm/bin/../lib/gcc/arm-elf/4.1.1/../../../../arm-elf/lib/interwork\libc.a(strncmp.o)
                              build/obj/hal/gps/gps_nmea.o (strncmp)
c:/pixhawk/winarm/bin/../lib/gcc/arm-elf/4.1.1/../../../../arm-elf/lib/interwork\libc.a(strncpy.o)
                              build/obj/system/communication.o (strncpy)
c:/pixhawk/winarm/bin/../lib/gcc/arm-elf/4.1.1/../../../../arm-elf/lib/interwork\libc.a(strtod.o)
                              build/obj/hal/gps/gps_nmea.o (strtod)
c:/pixhawk/winarm/bin/../lib/gcc/arm-elf/4.1.1/../../../../arm-elf/lib/interwork\libc.a(strtol.o)
                              c:/pixhawk/winarm/bin/../lib/gcc/arm-elf/4.1.1/../../../../arm-elf/lib/interwork\libc.a(atoi.o) (_strtol_r)
c:/pixhawk/winarm/bin/../lib/gcc/arm-elf/4.1.1/../../../../arm-elf/lib/interwork\libc.a(ctype_.o)
                              c:/pixhawk/winarm/bin/../lib/gcc/arm-elf/4.1.1/../../../../arm-elf/lib/interwork\libc.a(strtol.o) (__ctype_ptr)
c:/pixhawk/winarm/bin/../lib/gcc/arm-elf/4.1.1/../../../../arm-elf/lib/interwork\libc.a(impure.o)
                              c:/pixhawk/winarm/bin/../lib/gcc/arm-elf/4.1.1/../../../../arm-elf/lib/interwork\libc.a(strtod.o) (_impure_ptr)
c:/pixhawk/winarm/bin/../lib/gcc/arm-elf/4.1.1/../../../../arm-elf/lib/interwork\libc.a(mprec.o)
                              c:/pixhawk/winarm/bin/../lib/gcc/arm-elf/4.1.1/../../../../arm-elf/lib/interwork\libc.a(strtod.o) (_Bfree)
c:/pixhawk/winarm/bin/../lib/gcc/arm-elf/4.1.1/../../../../arm-elf/lib/interwork\libc.a(s_isnan.o)
                              c:/pixhawk/winarm/bin/../lib/gcc/arm-elf/4.1.1/../../../../arm-elf/lib/interwork\libc.a(strtod.o) (isnan)
c:/pixhawk/winarm/bin/../lib/gcc/arm-elf/4.1.1/../../../../arm-elf/lib/interwork\libc.a(s_nan.o)
                              c:/pixhawk/winarm/bin/../lib/gcc/arm-elf/4.1.1/../../../../arm-elf/lib/interwork\libc.a(strtod.o) (nan)
c:/pixhawk/winarm/bin/../lib/gcc/arm-elf/4.1.1/../../../../arm-elf/lib/interwork\libc.a(sf_nan.o)
                              c:/pixhawk/winarm/bin/../lib/gcc/arm-elf/4.1.1/../../../../arm-elf/lib/interwork\libc.a(strtod.o) (nanf)
c:/pixhawk/winarm/bin/../lib/gcc/arm-elf/4.1.1/../../../../arm-elf/lib/interwork\libc.a(callocr.o)
                              c:/pixhawk/winarm/bin/../lib/gcc/arm-elf/4.1.1/../../../../arm-elf/lib/interwork\libc.a(mprec.o) (_calloc_r)
c:/pixhawk/winarm/bin/../lib/gcc/arm-elf/4.1.1/../../../../arm-elf/lib/interwork\libc.a(mallocr.o)
                              c:/pixhawk/winarm/bin/../lib/gcc/arm-elf/4.1.1/../../../../arm-elf/lib/interwork\libc.a(callocr.o) (_malloc_r)
c:/pixhawk/winarm/bin/../lib/gcc/arm-elf/4.1.1/../../../../arm-elf/lib/interwork\libc.a(memset.o)
                              c:/pixhawk/winarm/bin/../lib/gcc/arm-elf/4.1.1/../../../../arm-elf/lib/interwork\libc.a(callocr.o) (memset)
c:/pixhawk/winarm/bin/../lib/gcc/arm-elf/4.1.1/../../../../arm-elf/lib/interwork\libc.a(mlock.o)
                              c:/pixhawk/winarm/bin/../lib/gcc/arm-elf/4.1.1/../../../../arm-elf/lib/interwork\libc.a(mallocr.o) (__malloc_lock)
c:/pixhawk/winarm/bin/../lib/gcc/arm-elf/4.1.1/../../../../arm-elf/lib/interwork\libc.a(freer.o)
                              c:/pixhawk/winarm/bin/../lib/gcc/arm-elf/4.1.1/../../../../arm-elf/lib/interwork\libc.a(mallocr.o) (_free_r)
c:/pixhawk/winarm/bin/../lib/gcc/arm-elf/4.1.1/../../../../arm-elf/lib/interwork\libm.a(s_atan.o)
                              build/obj/math/geodetic/latlong.o (atan)
c:/pixhawk/winarm/bin/../lib/gcc/arm-elf/4.1.1/../../../../arm-elf/lib/interwork\libm.a(s_cos.o)
                              build/obj/controllers/quadrotor/control_quadrotor_attitude.o (cos)
c:/pixhawk/winarm/bin/../lib/gcc/arm-elf/4.1.1/../../../../arm-elf/lib/interwork\libm.a(s_fabs.o)
                              c:/pixhawk/winarm/bin/../lib/gcc/arm-elf/4.1.1/../../../../arm-elf/lib/interwork\libm.a(s_atan.o) (fabs)
c:/pixhawk/winarm/bin/../lib/gcc/arm-elf/4.1.1/../../../../arm-elf/lib/interwork\libm.a(s_sin.o)
                              build/obj/fusion/attitude_observer.o (sin)
c:/pixhawk/winarm/bin/../lib/gcc/arm-elf/4.1.1/../../../../arm-elf/lib/interwork\libm.a(s_tan.o)
                              build/obj/math/geodetic/latlong.o (tan)
c:/pixhawk/winarm/bin/../lib/gcc/arm-elf/4.1.1/../../../../arm-elf/lib/interwork\libm.a(w_acos.o)
[...]
Memory Configuration

Name             Origin             Length             Attributes
ROM              0x00004000         0x00079000         xr
RAM              0x40000000         0x00008000         rw
*default*        0x00000000         0xffffffff

Linker script and memory map

LOAD build/obj/arm7/include/crt0.o
LOAD build/obj/main/mainloop_generic.o
LOAD build/obj/main/mainloop_fixed_wing.o
LOAD build/obj/main/mainloop_quadrotor.o
LOAD build/obj/main/mainloop_ground_car.o
LOAD build/obj/main/common_mainloop_functions.o
LOAD build/obj/math/lookup_sin_cos.o
LOAD build/obj/arm7/adc.o
LOAD build/obj/arm7/armVIC.o
LOAD build/obj/arm7/cam_trigger.o
LOAD build/obj/arm7/dac.o
LOAD build/obj/arm7/led.o
LOAD build/obj/arm7/spi.o
LOAD build/obj/arm7/i2c.o
LOAD build/obj/arm7/spi_devices/ads8341.o
LOAD build/obj/arm7/spi_devices/ms2100.o
LOAD build/obj/arm7/spi_devices/sca3100.o
LOAD build/obj/arm7/spi_devices/sca3000.o
LOAD build/obj/arm7/i2c_devices/bmp085.o
LOAD build/obj/arm7/i2c_devices/eeprom.o
LOAD build/obj/arm7/i2c_devices/i2c_motor_controller.o
LOAD build/obj/arm7/i2c_devices/i2c_motor_mikrokopter.o
LOAD build/obj/arm7/i2c_devices/hmc5843.o
LOAD build/obj/arm7/ppm.o
LOAD build/obj/arm7/pwm.o
LOAD build/obj/arm7/sys_time.o
LOAD build/obj/arm7/uart.o
LOAD build/obj/comm/comm.o
LOAD build/obj/system/watchdog.o
LOAD build/obj/system/pid.o
LOAD build/obj/hal/shutter.o
LOAD build/obj/system/communication.o
LOAD build/obj/controllers/coaxial/control_position.o
LOAD build/obj/controllers/coaxial/control_attitude.o
LOAD build/obj/controllers/coaxial/control_yawSpeed.o
LOAD build/obj/controllers/coaxial/control_yaw_altitude.o
LOAD build/obj/controllers/quadrotor/control_quadrotor_attitude.o
LOAD build/obj/controllers/fixed_wing/control_fixed_wing_attitude.o
LOAD build/obj/controllers/quadrotor/control_quadrotor_position.o
LOAD build/obj/controllers/quadrotor/control_quadrotor_start_land.o
LOAD build/obj/system/remote_control.o
LOAD build/obj/system/debug.o
LOAD build/obj/system/params.o
LOAD build/obj/fusion/altitude_kalman.o
LOAD build/obj/fusion/attitude_observer.o
LOAD build/obj/fusion/position_kalman.o
LOAD build/obj/fusion/vision_buffer.o
LOAD build/obj/fusion/attitude_compl_euler.o
LOAD build/obj/fusion/simple_altitude_moving_average.o
LOAD build/obj/fusion/least_square.o
LOAD build/obj/fusion/global_pos.o
LOAD build/obj/fusion/world_to_body.o
LOAD build/obj/fusion/position_kalman2.o
LOAD build/obj/fusion/position_kalman3.o
LOAD build/obj/math/transformation.o
LOAD build/obj/math/geodetic/latlong.o
LOAD build/obj/arm7/sdfat/syscalls.o
LOAD build/obj/math/geodetic/gps_transformations.o
LOAD build/obj/hal/gps/gps_nmea.o
LOAD build/obj/system/sys_state.o
LOAD build/obj/system/calibration.o
LOAD build/obj/main.o
LOAD c:/pixhawk/winarm/bin/../lib/gcc/arm-elf/4.1.1/../../../../arm-elf/lib/interwork\libc.a
LOAD c:/pixhawk/winarm/bin/../lib/gcc/arm-elf/4.1.1/../../../../arm-elf/lib/interwork\libm.a
LOAD c:/pixhawk/winarm/bin/../lib/gcc/arm-elf/4.1.1/../../../../arm-elf/lib/interwork\libc.a
LOAD c:/pixhawk/winarm/bin/../lib/gcc/arm-elf/4.1.1/interwork\libgcc.a
START GROUP
LOAD c:/pixhawk/winarm/bin/../lib/gcc/arm-elf/4.1.1/interwork\libgcc.a
LOAD c:/pixhawk/winarm/bin/../lib/gcc/arm-elf/4.1.1/../../../../arm-elf/lib/interwork\libc.a
END GROUP
                0x00004000                STACK_SIZE = 0x4000

.text           0x00004000    0x2dc08
 *(.init)
 .init          0x00004000      0x13c build/obj/arm7/include/crt0.o
                0x00004114                reset
                0x00004000                _boot
                0x00004050                _mainCRTStartup
                0x00004114                abort
                0x00004050                _start
                0x00004114                _reset
                0x00004114                exit
                0x00004050                start
 *(.text .text.*)
 .text          0x0000413c        0x0 build/obj/arm7/include/crt0.o
 .text          0x0000413c     0x272c build/obj/main/mainloop_generic.o
                0x000055d0                main_init_generic
                0x0000413c                main_loop_generic
 .text          0x00006868        0x0 build/obj/main/mainloop_fixed_wing.o
 .text          0x00006868        0x0 build/obj/main/mainloop_quadrotor.o
 .text          0x00006868      0x7c8 build/obj/main/mainloop_ground_car.o
                0x00007020                main_init_ground_car
                0x00006868                main_loop_ground_car
 .text          0x00007030     0x4030 build/obj/main/common_mainloop_functions.o
                0x000070fc                us_run_every
                0x00007030                sync_state_parameters
                0x0000840c                rc_to_255
                0x000083e8                position_integrate
                0x0000a60c                send_system_state
                0x00008258                communication_send_controller_feedback
                0x000070cc                measure_peak_cpu_load
                0x000072e4                adc_read
                0x00007064                beep_on_low_voltage
                0x000074e8                handle_eeprom_write_request
                0x00009c3c                communication_send_attitude_position
                0x00008adc                camera_shutter_handling
                0x0000909c                communication_send_remote_control
                0x00008898                fuse_vision_altitude_200hz
                0x00008508                communication_send_raw_data
                0x00007138                update_system_statemachine
                0x000070d4                measure_avg_cpu_load
                0x000070dc                us_run_init
                0x000081a4                handle_reset_request
                0x00009618                handle_controller_timeouts
 .text          0x0000b060      0x204 build/obj/math/lookup_sin_cos.o
                0x0000b23c                lookup_cos
                0x0000b060                lookup_sin
 .text          0x0000b264      0x144 build/obj/arm7/adc.o
                0x0000b2d4                adc_get_value
                0x0000b264                adc_init
 .text          0x0000b3a8       0x78 build/obj/arm7/armVIC.o
                0x0000b3a8                restoreIRQ
                0x0000b3f0                enableFIQ
                0x0000b3e0                disableFIQ
                0x0000b410                enableIRQ
                0x0000b3c4                restoreFIQ
                0x0000b400                disableIRQ
 .text          0x0000b420        0x4 build/obj/arm7/cam_trigger.o
                0x0000b420                cam_trigger_init
 .text          0x0000b424        0x0 build/obj/arm7/dac.o
 .text          0x0000b424      0x14c build/obj/arm7/led.o
                0x0000b424                led_on
                0x0000b510                led_toggle
                0x0000b46c                led_off
                0x0000b4b4                led_init
 .text          0x0000b570       0xe4 build/obj/arm7/spi.o
                0x0000b64c                spi_number_of_packages_in_buffer
                0x0000b60c                spi_init
                0x0000b644                spi_running
                0x0000b570                spi_transmit
 .text          0x0000b654     0x121c build/obj/arm7/i2c.o
                0x0000b984                i2c_write_read
                0x0000b85c                i2c1_op
                0x0000b750                i2c0_op
                0x0000b654                i2c_init
                0x0000b968                i2c_op
 .text          0x0000c870      0x1c4 build/obj/arm7/spi_devices/ads8341.o
                0x0000c898                ads8341_init
                0x0000c950                ads8341_get_value
                0x0000c974                ads8341_read
 .text          0x0000ca34      0x660 build/obj/arm7/spi_devices/ms2100.o
                0x0000cc18                ms2100_get_status
                0x0000cc28                ms2100_get_value
                0x0000cab8                ms2100_init
                0x0000ce70                ms2100_do_before_spi_transmit
                0x0000d02c                ms2100_send_request
 .text          0x0000d094      0x47c build/obj/arm7/spi_devices/sca3100.o
                0x0000d0e8                sca3100_read_int_status
                0x0000d1a4                sca3100_init
                0x0000d1e4                sca3100_read_res
                0x0000d0c4                sca3100_get_value
                0x0000d148                sca3100_reset_porst_bit
 .text          0x0000d510        0x0 build/obj/arm7/spi_devices/sca3000.o
 .text          0x0000d510      0x614 build/obj/arm7/i2c_devices/bmp085.o
                0x0000d898                bmp085_read_chip_id_on_init
                0x0000da90                bmp085_start_temp_measurement
                0x0000d510                bmp085_store_cal_param_on_init
                0x0000d77c                bmp085_start_measurement_read
                0x0000d9b4                bmp085_start_pressure_measurement
                0x0000d7f8                bmp085_get_cal_param
                0x0000d62c                bmp085_get_temperature
                0x0000d680                bmp085_get_pressure
                0x0000d928                bmp085_init
                0x0000d5cc                bmp085_save_measurement
                0x0000d874                bmp085_read_version_on_init
 .text          0x0000db24      0x2a0 build/obj/arm7/i2c_devices/eeprom.o
                0x0000dd30                eeprom_write
                0x0000dbf4                eeprom_check_handler
                0x0000db68                eeprom_read_data
                0x0000dc34                eeprom_check_start
                0x0000dbb4                eeprom_check_ok
                0x0000dca4                eeprom_start_read
 .text          0x0000ddc4      0x12c build/obj/arm7/i2c_devices/i2c_motor_controller.o
                0x0000dea4                motor_i2c_set_rpm
                0x0000de00                motor_i2c_get_rpm
 .text          0x0000def0       0x40 build/obj/arm7/i2c_devices/i2c_motor_mikrokopter.o
                0x0000def0                motor_i2c_set_pwm
 .text          0x0000df30      0x2e0 build/obj/arm7/i2c_devices/hmc5843.o
                0x0000e114                hmc5843_init
                0x0000df88                hmc5843_read_handler
                0x0000df30                hmc5843_get_data
                0x0000df64                twos_complement_decode16
                0x0000df54                hmc5843_data_ok
                0x0000e04c                hmc5843_start_read
 .text          0x0000e210      0x1a0 build/obj/arm7/ppm.o
                0x0000e2f4                PPM_ISR
                0x0000e220                ppm_get_channel
                0x0000e290                ppm_init
                0x0000e210                ppm_is_valid
 .text          0x0000e3b0      0x254 build/obj/arm7/pwm.o
                0x0000e4c8                PWM_ISR
                0x0000e3f4                pwm_init
                0x0000e3b0                pwm_set_channel
 .text          0x0000e604      0x32c build/obj/arm7/sys_time.o
                0x0000e864                TIMER0_ISR
                0x0000e800                sys_time_clock_set_unix_offset
                0x0000e844                sys_time_clock_to_local_time
                0x0000e698                SYS_TIME_PERIODIC_ISR
                0x0000e810                sys_time_clock_get_unix_offset
                0x0000e6c8                sys_time_periodic
                0x0000e744                sys_time_clock_get_time_usec
                0x0000e704                sys_time_clock_init
                0x0000e604                timer0_init
                0x0000e820                sys_time_clock_get_unix_time
                0x0000e664                sys_time_periodic_init
                0x0000e660                sys_time_init
                0x0000e6ec                SYS_TIME_CLOCK_ISR
 .text          0x0000e930      0x928 build/obj/arm7/uart.o
                0x0000ece4                uart0_get_char
                0x0000e96c                uart1_char_available
                0x0000f0f0                uart0_transmit
                0x0000e9d8                uart1_init
                0x0000ee48                uart0_ISR
                0x0000e930                uart1_check_free_space
                0x0000eaf4                uart1_ISR
                0x0000ed2c                uart0_init
                0x0000f060                uart1_get_received_bytes
                0x0000efd0                uart0_get_received_bytes
                0x0000ec84                uart0_check_free_space
                0x0000ecc0                uart0_char_available
                0x0000f1a4                uart1_transmit
                0x0000e990                uart1_get_char
 .text          0x0000f258      0x164 build/obj/comm/comm.o
                0x0000f2a0                comm_send_ch
                0x0000f364                comm_init
                0x0000f32c                comm_ch_available
                0x0000f258                comm_check_free_space
                0x0000f2fc                comm_get_ch
 .text          0x0000f3bc       0x34 build/obj/system/watchdog.o
                0x0000f3e4                watchdog_wait_reset
                0x0000f3bc                watchdog_kick
                0x0000f3d4                watchdog_init
 .text          0x0000f3f0      0x1a4 build/obj/system/pid.o
                0x0000f454                pid_calculate
                0x0000f3f0                pid_init
                0x0000f43c                pid_set_parameters
 .text          0x0000f594      0x1ec build/obj/hal/shutter.o
                0x0000f734                shutter_init
                0x0000f644                shutter_get_seq
                0x0000f594                shutter_control
                0x0000f654                shutter_loop
                0x0000f5b8                shutter_set
 .text          0x0000f780     0x3244 build/obj/system/communication.o
                0x0000f7c4                communication_init
                0x00011818                communication_receive
                0x0001265c                communication_queued_send
                0x0000f9a0                handle_mavlink_message
                0x0000f8a0                execute_action
 .text          0x000129c4      0x938 build/obj/controllers/coaxial/control_position.o
                0x000129c4                control_position
 .text          0x000132fc      0x5f0 build/obj/controllers/coaxial/control_attitude.o
                0x000132fc                control_attitude
 .text          0x000138ec       0x9c build/obj/controllers/coaxial/control_yawSpeed.o
                0x000138ec                control_yawSpeed
 .text          0x00013988      0x4a8 build/obj/controllers/coaxial/control_yaw_altitude.o
                0x00013988                control_yaw_altitude
 .text          0x00013e30      0xf44 build/obj/controllers/quadrotor/control_quadrotor_attitude.o
                0x00013f0c                control_quadrotor_attitude
                0x00013e30                control_quadrotor_attitude_init
 .text          0x00014d74      0x1c8 build/obj/controllers/fixed_wing/control_fixed_wing_attitude.o
                0x00014d78                control_fixed_wing_attitude
                0x00014d74                control_fixed_wing_attitude_init
 .text          0x00014f3c      0x308 build/obj/controllers/quadrotor/control_quadrotor_position.o
                0x00015178                control_quadrotor_position_init
                0x00014f3c                control_quadrotor_position
 .text          0x00015244      0x4fc build/obj/controllers/quadrotor/control_quadrotor_start_land.o
                0x00015378                quadrotor_start_land_handler
                0x00015244                quadrotor_start_land_motor_thrust
 .text          0x00015740      0x304 build/obj/system/remote_control.o
                0x00015740                remote_control
 .text          0x00015a44      0x88c build/obj/system/debug.o
                0x00015a48                debug_message_buffer
                0x00015a44                debug_message_init
                0x00015cb8                debug_vect
                0x00015b08                debug_message_send_immediate
                0x00015fd0                debug_message_send_one
                0x00015ad4                debug_message_buffer_sprintf
 .text          0x000162d0      0x394 build/obj/system/params.o
                0x000164c8                param_handler
                0x00016434                param_write
                0x00016350                param_read_update
                0x00016418                param_start_read
                0x00016318                param_write_all
                0x000162e0                param_read_all
                0x000162d0                param_size_check
 .text          0x00016664      0xb80 build/obj/fusion/altitude_kalman.o
                0x00016664                altitude_kalman
 .text          0x000171e4      0x5dc build/obj/fusion/attitude_observer.o
                0x000171e4                attitude_observer_init
                0x000174e0                attitude_observer_correct_magnet
                0x0001722c                attitude_observer_predict
                0x000175b4                attitude_observer_get_angles
                0x000173f8                attitude_observer_correct_accel
 .text          0x000177c0     0x1368 build/obj/fusion/position_kalman.o
                0x00017804                x_position_kalman
                0x0001870c                position_kalman
                0x000177c0                position_kalman_init
 .text          0x00018b28      0x660 build/obj/fusion/vision_buffer.o
                0x00018c20                vision_buffer_handle_data
                0x00018b54                vision_buffer_buffer_camera_triggered
                0x00018b28                vision_buffer_buffer_init
 .text          0x00019188     0x1020 build/obj/fusion/attitude_compl_euler.o
                0x00019188                complimentary_filter_predict_rad
 .text          0x0001a1a8      0x134 build/obj/fusion/simple_altitude_moving_average.o
                0x0001a1a8                simple_altitude_moving_average
 .text          0x0001a2dc      0x258 build/obj/fusion/least_square.o
                0x0001a2dc                least_square
 .text          0x0001a534       0x74 build/obj/fusion/global_pos.o
                0x0001a534                global_pos
 .text          0x0001a5a8      0x3f4 build/obj/fusion/world_to_body.o
                0x0001a5a8                world_to_body
 .text          0x0001a99c     0x4e10 build/obj/fusion/position_kalman2.o
                0x0001a99c                kalman2_init
                0x0001c2e4                y_position_kalman2
                0x0001a9e0                x_position_kalman2
                0x0001dbf8                z_position_kalman2
 .text          0x0001f7ac      0xd70 build/obj/fusion/position_kalman3.o
                0x000200b4                z_position_kalman3
                0x0001f7dc                x_position_kalman3
                0x0001f7ac                position_kalman3_init
                0x0001fc4c                y_position_kalman3
 .text          0x0002051c      0x5d4 build/obj/math/transformation.o
                0x0002051c                navi2body
                0x000209e0                turn_xy_plane
                0x00020ae4                body2navi_xy_plane
                0x00020aec                navi2body_xy_plane
                0x00020520                body2navi
 .text          0x00020af0      0x720 build/obj/math/geodetic/latlong.o
                0x00020af0                latlong_utm_of
                0x00020e78                latlong_of_utm
 .text          0x00021210       0x60 build/obj/arm7/sdfat/syscalls.o
                0x00021228                _lseek_r
                0x00021230                _fstat_r
                0x00021240                isatty
                0x00021248                _sbrk_r
                0x00021210                _read_r
                0x00021220                _close_r
                0x00021218                _write_r
 .text          0x00021270      0x328 build/obj/math/geodetic/gps_transformations.o
                0x0002134c                gps_set_local_origin
                0x00021428                gps_get_local_position
                0x00021270                gps_get_local_velocity
 .text          0x00021598      0x984 build/obj/hal/gps/gps_nmea.o
                0x00021cd8                parse_nmea_GPGSA
                0x00021598                ubxsend_cfg_rst
                0x00021d94                parse_gps_msg
                0x000215ac                parse_nmea
                0x0002159c                GpsFixValid
                0x00021678                parse_nmea_GPRMC
                0x00021818                parse_nmea_GPGGA
 .text          0x00021f1c      0x1ac build/obj/system/sys_state.o
                0x00021f50                sys_get_state
                0x00021f40                sys_get_mode
                0x00021f70                sys_set_nav_mode
                0x00022014                sys_set_mode
                0x00021f80                sys_set_state
                0x00021f60                sys_set_type
                0x00021f1c                sys_state_is_flying
 .text          0x000220c8      0x318 build/obj/system/calibration.o
                0x000222e4                start_rc_calibration
                0x000220c8                start_mag_calibration
                0x000220cc                calibration_exit
                0x000221bc                start_gyro_calibration
                0x000222c4                start_pressure_calibration
                0x00022150                calibration_enter
 .text          0x000223e0       0x18 build/obj/main.o
                0x000223e0                main
 .text          0x000223f8       0x30 c:/pixhawk/winarm/bin/../lib/gcc/arm-elf/4.1.1/../../../../arm-elf/lib/interwork\libc.a(atoi.o)
                0x000223f8                _atoi_r
                0x00022410                atoi
 .text          0x00022428       0x20 c:/pixhawk/winarm/bin/../lib/gcc/arm-elf/4.1.1/../../../../arm-elf/lib/interwork\libc.a(memcpy.o)
                0x00022428                memcpy
 .text          0x00022448      0x178 c:/pixhawk/winarm/bin/../lib/gcc/arm-elf/4.1.1/../../../../arm-elf/lib/interwork\libc.a(s_modf.o)
                0x00022448                modf
 .text          0x000225c0       0x50 c:/pixhawk/winarm/bin/../lib/gcc/arm-elf/4.1.1/../../../../arm-elf/lib/interwork\libc.a(strncmp.o)
                0x000225c0                strncmp
 .text          0x00022610       0x4c c:/pixhawk/winarm/bin/../lib/gcc/arm-elf/4.1.1/../../../../arm-elf/lib/interwork\libc.a(strncpy.o)
                0x00022610                strncpy
 .text          0x0002265c      0xf60 c:/pixhawk/winarm/bin/../lib/gcc/arm-elf/4.1.1/../../../../arm-elf/lib/interwork\libc.a(strtod.o)
                0x0002265c                _strtod_r
                0x000235a0                strtod
                0x0002354c                strtof
 .text          0x000235bc      0x1c4 c:/pixhawk/winarm/bin/../lib/gcc/arm-elf/4.1.1/../../../../arm-elf/lib/interwork\libc.a(strtol.o)
                0x00023754                strtol
                0x000235bc                _strtol_r
 .text          0x00023780        0x0 c:/pixhawk/winarm/bin/../lib/gcc/arm-elf/4.1.1/../../../../arm-elf/lib/interwork\libc.a(ctype_.o)
 .text          0x00023780        0x0 c:/pixhawk/winarm/bin/../lib/gcc/arm-elf/4.1.1/../../../../arm-elf/lib/interwork\libc.a(impure.o)
 .text          0x00023780      0xb50 c:/pixhawk/winarm/bin/../lib/gcc/arm-elf/4.1.1/../../../../arm-elf/lib/interwork\libc.a(mprec.o)
                0x00023a74                _mprec_log10
                0x0002379c                _hi0bits
                0x00023ae0                _Balloc
                0x00023b74                _d2b
                0x00023e8c                _multiply
                0x000239f8                _ratio
                0x000241ec                _s2b
                0x00024024                _i2b
                0x000237f4                _lo0bits
                0x00023884                __mcmp
                0x00024110                _pow5mult
                0x000238e4                _ulp
                0x00023944                _b2d
                0x00024048                _multadd
                0x00023c88                __mdiff
                0x00023dac                _lshift
                0x00023780                _Bfree
 .text          0x000242d0       0x20 c:/pixhawk/winarm/bin/../lib/gcc/arm-elf/4.1.1/../../../../arm-elf/lib/interwork\libc.a(s_isnan.o)
                0x000242d0                isnan
 .text          0x000242f0       0x10 c:/pixhawk/winarm/bin/../lib/gcc/arm-elf/4.1.1/../../../../arm-elf/lib/interwork\libc.a(s_nan.o)
                0x000242f0                nan
 .text          0x00024300        0xc c:/pixhawk/winarm/bin/../lib/gcc/arm-elf/4.1.1/../../../../arm-elf/lib/interwork\libc.a(sf_nan.o)
                0x00024300                nanf
 .text          0x0002430c       0x9c c:/pixhawk/winarm/bin/../lib/gcc/arm-elf/4.1.1/../../../../arm-elf/lib/interwork\libc.a(callocr.o)
                0x0002430c                _calloc_r
 .text          0x000243a8      0x688 c:/pixhawk/winarm/bin/../lib/gcc/arm-elf/4.1.1/../../../../arm-elf/lib/interwork\libc.a(mallocr.o)
                0x000243a8                _malloc_r
 .text          0x00024a30       0x1c c:/pixhawk/winarm/bin/../lib/gcc/arm-elf/4.1.1/../../../../arm-elf/lib/interwork\libc.a(memset.o)
                0x00024a30                memset
 .text          0x00024a4c        0x8 c:/pixhawk/winarm/bin/../lib/gcc/arm-elf/4.1.1/../../../../arm-elf/lib/interwork\libc.a(mlock.o)
                0x00024a50                __malloc_unlock
                0x00024a4c                __malloc_lock
 .text          0x00024a54      0x35c c:/pixhawk/winarm/bin/../lib/gcc/arm-elf/4.1.1/../../../../arm-elf/lib/interwork\libc.a(freer.o)
                0x00024b50                _free_r
                0x00024a54                _malloc_trim_r
 .text          0x00024db0      0x4dc c:/pixhawk/winarm/bin/../lib/gcc/arm-elf/4.1.1/../../../../arm-elf/lib/interwork\libm.a(s_atan.o)
                0x00024db0                atan
 .text          0x0002528c       0xd8 c:/pixhawk/winarm/bin/../lib/gcc/arm-elf/4.1.1/../../../../arm-elf/lib/interwork\libm.a(s_cos.o)
                0x0002528c                cos
 .text          0x00025364       0x1c c:/pixhawk/winarm/bin/../lib/gcc/arm-elf/4.1.1/../../../../arm-elf/lib/interwork\libm.a(s_fabs.o)
                0x00025364                fabs
 .text          0x00025380       0xe0 c:/pixhawk/winarm/bin/../lib/gcc/arm-elf/4.1.1/../../../../arm-elf/lib/interwork\libm.a(s_sin.o)
                0x00025380                sin
 .text          0x00025460       0x88 c:/pixhawk/winarm/bin/../lib/gcc/arm-elf/4.1.1/../../../../arm-elf/lib/interwork\libm.a(s_tan.o)
                0x00025460                tan
 .text          0x000254e8       0xf8 c:/pixhawk/winarm/bin/../lib/gcc/arm-elf/4.1.1/../../../../arm-elf/lib/interwork\libm.a(w_acos.o)
                0x000254e8                acos
 .text          0x000255e0       0xf8 c:/pixhawk/winarm/bin/../lib/gcc/arm-elf/4.1.1/../../../../arm-elf/lib/interwork\libm.a(w_asin.o)
                0x000255e0                asin
 .text          0x000256d8      0x128 c:/pixhawk/winarm/bin/../lib/gcc/arm-elf/4.1.1/../../../../arm-elf/lib/interwork\libm.a(w_atan2.o)
                0x000256d8                atan2
 .text          0x00025800      0x11c c:/pixhawk/winarm/bin/../lib/gcc/arm-elf/4.1.1/../../../../arm-elf/lib/interwork\libm.a(w_cosh.o)
                0x00025800                cosh
 .text          0x0002591c      0x174 c:/pixhawk/winarm/bin/../lib/gcc/arm-elf/4.1.1/../../../../arm-elf/lib/interwork\libm.a(w_exp.o)
                0x0002591c                exp
 .text          0x00025a90      0x13c c:/pixhawk/winarm/bin/../lib/gcc/arm-elf/4.1.1/../../../../arm-elf/lib/interwork\libm.a(w_log.o)
                0x00025a90                log
 .text          0x00025bcc      0x48c c:/pixhawk/winarm/bin/../lib/gcc/arm-elf/4.1.1/../../../../arm-elf/lib/interwork\libm.a(w_pow.o)
                0x00025bcc                pow
 .text          0x00026058      0x144 c:/pixhawk/winarm/bin/../lib/gcc/arm-elf/4.1.1/../../../../arm-elf/lib/interwork\libm.a(w_sinh.o)
                0x00026058                sinh
 .text          0x0002619c      0x6b4 c:/pixhawk/winarm/bin/../lib/gcc/arm-elf/4.1.1/../../../../arm-elf/lib/interwork\libm.a(e_acos.o)
                0x0002619c                __ieee754_acos
 .text          0x00026850      0x610 c:/pixhawk/winarm/bin/../lib/gcc/arm-elf/4.1.1/../../../../arm-elf/lib/interwork\libm.a(e_asin.o)
                0x00026850                __ieee754_asin
 .text          0x00026e60      0x274 c:/pixhawk/winarm/bin/../lib/gcc/arm-elf/4.1.1/../../../../arm-elf/lib/interwork\libm.a(e_atan2.o)
                0x00026e60                __ieee754_atan2
 .text          0x000270d4      0x1d4 c:/pixhawk/winarm/bin/../lib/gcc/arm-elf/4.1.1/../../../../arm-elf/lib/interwork\libm.a(e_cosh.o)
                0x000270d4                __ieee754_cosh
 .text          0x000272a8      0x45c c:/pixhawk/winarm/bin/../lib/gcc/arm-elf/4.1.1/../../../../arm-elf/lib/interwork\libm.a(e_exp.o)
                0x000272a8                __ieee754_exp
 .text          0x00027704      0x5e0 c:/pixhawk/winarm/bin/../lib/gcc/arm-elf/4.1.1/../../../../arm-elf/lib/interwork\libm.a(e_log.o)
                0x00027704                __ieee754_log
 .text          0x00027ce4     0x1008 c:/pixhawk/winarm/bin/../lib/gcc/arm-elf/4.1.1/../../../../arm-elf/lib/interwork\libm.a(e_pow.o)
                0x00027ce4                __ieee754_pow
 .text          0x00028cec      0x648 c:/pixhawk/winarm/bin/../lib/gcc/arm-elf/4.1.1/../../../../arm-elf/lib/interwork\libm.a(e_rem_pio2.o)
                0x00028cec                __ieee754_rem_pio2
 .text          0x00029334      0x254 c:/pixhawk/winarm/bin/../lib/gcc/arm-elf/4.1.1/../../../../arm-elf/lib/interwork\libm.a(e_sinh.o)
                0x00029334                __ieee754_sinh
 .text          0x00029588      0x234 c:/pixhawk/winarm/bin/../lib/gcc/arm-elf/4.1.1/../../../../arm-elf/lib/interwork\libm.a(e_sqrt.o)
                0x00029588                __ieee754_sqrt
 .text          0x000297bc      0x388 c:/pixhawk/winarm/bin/../lib/gcc/arm-elf/4.1.1/../../../../arm-elf/lib/interwork\libm.a(k_cos.o)
                0x000297bc                __kernel_cos
 .text          0x00029b44      0xafc c:/pixhawk/winarm/bin/../lib/gcc/arm-elf/4.1.1/../../../../arm-elf/lib/interwork\libm.a(k_rem_pio2.o)
                0x00029b44                __kernel_rem_pio2
 .text          0x0002a640      0x230 c:/pixhawk/winarm/bin/../lib/gcc/arm-elf/4.1.1/../../../../arm-elf/lib/interwork\libm.a(k_sin.o)
                0x0002a640                __kernel_sin
 .text          0x0002a870      0x5e8 c:/pixhawk/winarm/bin/../lib/gcc/arm-elf/4.1.1/../../../../arm-elf/lib/interwork\libm.a(k_tan.o)
                0x0002a870                __kernel_tan
 .text          0x0002ae58      0x6b0 c:/pixhawk/winarm/bin/../lib/gcc/arm-elf/4.1.1/../../../../arm-elf/lib/interwork\libm.a(s_expm1.o)
                0x0002ae58                expm1
 .text          0x0002b508       0x14 c:/pixhawk/winarm/bin/../lib/gcc/arm-elf/4.1.1/../../../../arm-elf/lib/interwork\libm.a(s_finite.o)
                0x0002b508                finite
 .text          0x0002b51c      0x190 c:/pixhawk/winarm/bin/../lib/gcc/arm-elf/4.1.1/../../../../arm-elf/lib/interwork\libm.a(s_floor.o)
                0x0002b51c                floor
 .text          0x0002b6ac        0x0 c:/pixhawk/winarm/bin/../lib/gcc/arm-elf/4.1.1/../../../../arm-elf/lib/interwork\libm.a(s_lib_ver.o)
 .text          0x0002b6ac        0x8 c:/pixhawk/winarm/bin/../lib/gcc/arm-elf/4.1.1/../../../../arm-elf/lib/interwork\libm.a(s_matherr.o)
                0x0002b6ac                matherr
 .text          0x0002b6b4      0x1b4 c:/pixhawk/winarm/bin/../lib/gcc/arm-elf/4.1.1/../../../../arm-elf/lib/interwork\libm.a(s_rint.o)
                0x0002b6b4                rint
 .text          0x0002b868      0x190 c:/pixhawk/winarm/bin/../lib/gcc/arm-elf/4.1.1/../../../../arm-elf/lib/interwork\libm.a(s_scalbn.o)
                0x0002b868                scalbn
 .text          0x0002b9f8       0x1c c:/pixhawk/winarm/bin/../lib/gcc/arm-elf/4.1.1/../../../../arm-elf/lib/interwork\libm.a(s_copysign.o)
                0x0002b9f8                copysign
 .text          0x0002ba14       0x10 c:/pixhawk/winarm/bin/../lib/gcc/arm-elf/4.1.1/../../../../arm-elf/lib/interwork\libc.a(errno.o)
                0x0002ba14                __errno
 .text          0x0002ba24      0x114 c:/pixhawk/winarm/bin/../lib/gcc/arm-elf/4.1.1/interwork\libgcc.a(_udivsi3.o)
                0x0002ba24                __udivsi3
                0x0002ba24                __aeabi_uidiv
                0x0002bb20                __aeabi_uidivmod
 .text          0x0002bb38      0x144 c:/pixhawk/winarm/bin/../lib/gcc/arm-elf/4.1.1/interwork\libgcc.a(_divsi3.o)
                0x0002bb38                __aeabi_idiv
                0x0002bb38                __divsi3
                0x0002bc64                __aeabi_idivmod
 .text          0x0002bc7c       0xd0 c:/pixhawk/winarm/bin/../lib/gcc/arm-elf/4.1.1/interwork\libgcc.a(_umodsi3.o)
                0x0002bc7c                __umodsi3
 .text          0x0002bd4c        0x4 c:/pixhawk/winarm/bin/../lib/gcc/arm-elf/4.1.1/interwork\libgcc.a(_dvmd_tls.o)
                0x0002bd4c                __aeabi_ldiv0
                0x0002bd4c                __div0
                0x0002bd4c                __aeabi_idiv0
 .text          0x0002bd50      0x430 c:/pixhawk/winarm/bin/../lib/gcc/arm-elf/4.1.1/interwork\libgcc.a(_addsubdf3.o)
                0x0002c114                __floatdidf
                0x0002c094                __floatsidf
                0x0002c06c                __aeabi_ui2d
                0x0002bd50                __aeabi_drsub
                0x0002c0c0                __extendsfdf2
                0x0002bd5c                __adddf3
                0x0002c06c                __floatunsidf
                0x0002bd5c                __aeabi_dadd
                0x0002c100                __aeabi_ul2d
                0x0002bd58                __aeabi_dsub
                0x0002c100                __floatundidf
                0x0002c094                __aeabi_i2d
                0x0002c114                __aeabi_l2d
                0x0002c0c0                __aeabi_f2d
                0x0002bd58                __subdf3
 .text          0x0002c180      0x49c c:/pixhawk/winarm/bin/../lib/gcc/arm-elf/4.1.1/interwork\libgcc.a(_muldivdf3.o)
                0x0002c410                __aeabi_ddiv
                0x0002c180                __aeabi_dmul
                0x0002c410                __divdf3
                0x0002c180                __muldf3
 .text          0x0002c61c      0x140 c:/pixhawk/winarm/bin/../lib/gcc/arm-elf/4.1.1/interwork\libgcc.a(_cmpdf2.o)
                0x0002c714                __aeabi_dcmple
                0x0002c62c                __cmpdf2
                0x0002c62c                __eqdf2
                0x0002c61c                __gtdf2
                0x0002c6cc                __aeabi_cdcmple
                0x0002c6b0                __aeabi_cdrcmple
                0x0002c624                __ltdf2
                0x0002c6fc                __aeabi_dcmplt
                0x0002c624                __ledf2
                0x0002c744                __aeabi_dcmpgt
                0x0002c72c                __aeabi_dcmpge
                0x0002c62c                __nedf2
                0x0002c6e4                __aeabi_dcmpeq
                0x0002c6cc                __aeabi_cdcmpeq
                0x0002c61c                __gedf2
 .text          0x0002c75c       0x5c c:/pixhawk/winarm/bin/../lib/gcc/arm-elf/4.1.1/interwork\libgcc.a(_fixdfsi.o)
                0x0002c75c                __fixdfsi
                0x0002c75c                __aeabi_d2iz
 .text          0x0002c7b8       0x54 c:/pixhawk/winarm/bin/../lib/gcc/arm-elf/4.1.1/interwork\libgcc.a(_fixunsdfsi.o)
                0x0002c7b8                __fixunsdfsi
                0x0002c7b8                __aeabi_d2uiz
 .text          0x0002c80c       0xa0 c:/pixhawk/winarm/bin/../lib/gcc/arm-elf/4.1.1/interwork\libgcc.a(_truncdfsf2.o)
                0x0002c80c                __aeabi_d2f
                0x0002c80c                __truncdfsf2
 .text          0x0002c8ac      0x2ac c:/pixhawk/winarm/bin/../lib/gcc/arm-elf/4.1.1/interwork\libgcc.a(_addsubsf3.o)
                0x0002c8b8                __aeabi_fadd
                0x0002c8b4                __subsf3
                0x0002ca7c                __aeabi_i2f
                0x0002c8b4                __aeabi_fsub
                0x0002caac                __floatdisf
                0x0002ca7c                __floatsisf
                0x0002ca9c                __floatundisf
                0x0002ca74                __aeabi_ui2f
                0x0002caac                __aeabi_l2f
                0x0002ca9c                __aeabi_ul2f
                0x0002c8ac                __aeabi_frsub
                0x0002ca74                __floatunsisf
                0x0002c8b8                __addsf3
 .text          0x0002cb58      0x2f8 c:/pixhawk/winarm/bin/../lib/gcc/arm-elf/4.1.1/interwork\libgcc.a(_muldivsf3.o)
                0x0002ccf0                __divsf3
                0x0002ccf0                __aeabi_fdiv
                0x0002cb58                __mulsf3
                0x0002cb58                __aeabi_fmul
 .text          0x0002ce50      0x110 c:/pixhawk/winarm/bin/../lib/gcc/arm-elf/4.1.1/interwork\libgcc.a(_cmpsf2.o)
                0x0002cf48                __aeabi_fcmpgt
                0x0002ce58                __lesf2
                0x0002ce60                __nesf2
                0x0002cf30                __aeabi_fcmpge
                0x0002ce50                __gtsf2
                0x0002cf18                __aeabi_fcmple
                0x0002ce60                __eqsf2
                0x0002ce60                __cmpsf2
                0x0002ce58                __ltsf2
                0x0002ced0                __aeabi_cfcmple
                0x0002ce50                __gesf2
                0x0002cee8                __aeabi_fcmpeq
                0x0002cec0                __aeabi_cfrcmple
                0x0002cf00                __aeabi_fcmplt
                0x0002ced0                __aeabi_cfcmpeq
 .text          0x0002cf60       0x5c c:/pixhawk/winarm/bin/../lib/gcc/arm-elf/4.1.1/interwork\libgcc.a(_fixsfsi.o)
                0x0002cf60                __fixsfsi
                0x0002cf60                __aeabi_f2iz
 .text          0x0002cfbc       0x54 c:/pixhawk/winarm/bin/../lib/gcc/arm-elf/4.1.1/interwork\libgcc.a(_fixunssfsi.o)
                0x0002cfbc                __aeabi_f2uiz
                0x0002cfbc                __fixunssfsi
 .text          0x0002d010       0x2c c:/pixhawk/winarm/bin/../lib/gcc/arm-elf/4.1.1/interwork\libgcc.a(_cmpdi2.o)
                0x0002d010                __cmpdi2
 *(.gnu.linkonce.t.*)
 *(.glue_7)
 .glue_7        0x0002d03c        0x0 build/obj/arm7/include/crt0.o
 .glue_7        0x0002d03c        0x0 build/obj/main/mainloop_generic.o
 .glue_7        0x0002d03c        0x0 build/obj/main/mainloop_fixed_wing.o
 .glue_7        0x0002d03c        0x0 build/obj/main/mainloop_quadrotor.o
 .glue_7        0x0002d03c        0x0 build/obj/main/mainloop_ground_car.o
 .glue_7        0x0002d03c        0x0 build/obj/main/common_mainloop_functions.o
 .glue_7        0x0002d03c        0x0 build/obj/math/lookup_sin_cos.o
 .glue_7        0x0002d03c        0x0 build/obj/arm7/adc.o
 .glue_7        0x0002d03c        0x0 build/obj/arm7/armVIC.o
 .glue_7        0x0002d03c        0x0 build/obj/arm7/cam_trigger.o
 .glue_7        0x0002d03c        0x0 build/obj/arm7/dac.o
 .glue_7        0x0002d03c        0x0 build/obj/arm7/led.o
 .glue_7        0x0002d03c        0x0 build/obj/arm7/spi.o
 .glue_7        0x0002d03c        0x0 build/obj/arm7/i2c.o
 .glue_7        0x0002d03c        0x0 build/obj/arm7/spi_devices/ads8341.o
 .glue_7        0x0002d03c        0x0 build/obj/arm7/spi_devices/ms2100.o
 .glue_7        0x0002d03c        0x0 build/obj/arm7/spi_devices/sca3100.o
 .glue_7        0x0002d03c        0x0 build/obj/arm7/spi_devices/sca3000.o
 .glue_7        0x0002d03c        0x0 build/obj/arm7/i2c_devices/bmp085.o
 .glue_7        0x0002d03c        0x0 build/obj/arm7/i2c_devices/eeprom.o
 .glue_7        0x0002d03c        0x0 build/obj/arm7/i2c_devices/i2c_motor_controller.o
 .glue_7        0x0002d03c        0x0 build/obj/arm7/i2c_devices/i2c_motor_mikrokopter.o
 .glue_7        0x0002d03c        0x0 build/obj/arm7/i2c_devices/hmc5843.o
 .glue_7        0x0002d03c        0x0 build/obj/arm7/ppm.o
 .glue_7        0x0002d03c        0x0 build/obj/arm7/pwm.o
 .glue_7        0x0002d03c        0x0 build/obj/arm7/sys_time.o
 .glue_7        0x0002d03c        0x0 build/obj/arm7/uart.o
 .glue_7        0x0002d03c        0x0 build/obj/comm/comm.o
 .glue_7        0x0002d03c        0x0 build/obj/system/watchdog.o
 .glue_7        0x0002d03c        0x0 build/obj/system/pid.o
 .glue_7        0x0002d03c        0x0 build/obj/hal/shutter.o
 .glue_7        0x0002d03c        0x0 build/obj/system/communication.o
 .glue_7        0x0002d03c        0x0 build/obj/controllers/coaxial/control_position.o
 .glue_7        0x0002d03c        0x0 build/obj/controllers/coaxial/control_attitude.o
 .glue_7        0x0002d03c        0x0 build/obj/controllers/coaxial/control_yawSpeed.o
 .glue_7        0x0002d03c        0x0 build/obj/controllers/coaxial/control_yaw_altitude.o
 .glue_7        0x0002d03c        0x0 build/obj/controllers/quadrotor/control_quadrotor_attitude.o
 .glue_7        0x0002d03c        0x0 build/obj/controllers/fixed_wing/control_fixed_wing_attitude.o
 .glue_7        0x0002d03c        0x0 build/obj/controllers/quadrotor/control_quadrotor_position.o
 .glue_7        0x0002d03c        0x0 build/obj/controllers/quadrotor/control_quadrotor_start_land.o
 .glue_7        0x0002d03c        0x0 build/obj/system/remote_control.o
 .glue_7        0x0002d03c        0x0 build/obj/system/debug.o
 .glue_7        0x0002d03c        0x0 build/obj/system/params.o
 .glue_7        0x0002d03c        0x0 build/obj/fusion/altitude_kalman.o
 .glue_7        0x0002d03c        0x0 build/obj/fusion/attitude_observer.o
 .glue_7        0x0002d03c        0x0 build/obj/fusion/position_kalman.o
 .glue_7        0x0002d03c        0x0 build/obj/fusion/vision_buffer.o
 .glue_7        0x0002d03c        0x0 build/obj/fusion/attitude_compl_euler.o
 .glue_7        0x0002d03c        0x0 build/obj/fusion/simple_altitude_moving_average.o
 .glue_7        0x0002d03c        0x0 build/obj/fusion/least_square.o
 .glue_7        0x0002d03c        0x0 build/obj/fusion/global_pos.o
 .glue_7        0x0002d03c        0x0 build/obj/fusion/world_to_body.o
 .glue_7        0x0002d03c        0x0 build/obj/fusion/position_kalman2.o
 .glue_7        0x0002d03c        0x0 build/obj/fusion/position_kalman3.o
 .glue_7        0x0002d03c        0x0 build/obj/math/transformation.o
 .glue_7        0x0002d03c        0x0 build/obj/math/geodetic/latlong.o
 .glue_7        0x0002d03c        0x0 build/obj/arm7/sdfat/syscalls.o
 .glue_7        0x0002d03c        0x0 build/obj/math/geodetic/gps_transformations.o
 .glue_7        0x0002d03c        0x0 build/obj/hal/gps/gps_nmea.o
 .glue_7        0x0002d03c        0x0 build/obj/system/sys_state.o
 .glue_7        0x0002d03c        0x0 build/obj/system/calibration.o
 .glue_7        0x0002d03c        0x0 build/obj/main.o
 .glue_7        0x0002d03c        0x0 c:/pixhawk/winarm/bin/../lib/gcc/arm-elf/4.1.1/../../../../arm-elf/lib/interwork\libc.a(atoi.o)
 .glue_7        0x0002d03c        0x0 c:/pixhawk/winarm/bin/../lib/gcc/arm-elf/4.1.1/../../../../arm-elf/lib/interwork\libc.a(memcpy.o)
 .glue_7        0x0002d03c        0x0 c:/pixhawk/winarm/bin/../lib/gcc/arm-elf/4.1.1/../../../../arm-elf/lib/interwork\libc.a(s_modf.o)
 .glue_7        0x0002d03c        0x0 c:/pixhawk/winarm/bin/../lib/gcc/arm-elf/4.1.1/../../../../arm-elf/lib/interwork\libc.a(strncmp.o)
 .glue_7        0x0002d03c        0x0 c:/pixhawk/winarm/bin/../lib/gcc/arm-elf/4.1.1/../../../../arm-elf/lib/interwork\libc.a(strncpy.o)
 .glue_7        0x0002d03c        0x0 c:/pixhawk/winarm/bin/../lib/gcc/arm-elf/4.1.1/../../../../arm-elf/lib/interwork\libc.a(strtod.o)
 .glue_7        0x0002d03c        0x0 c:/pixhawk/winarm/bin/../lib/gcc/arm-elf/4.1.1/../../../../arm-elf/lib/interwork\libc.a(strtol.o)
 .glue_7        0x0002d03c        0x0 c:/pixhawk/winarm/bin/../lib/gcc/arm-elf/4.1.1/../../../../arm-elf/lib/interwork\libc.a(ctype_.o)
 .glue_7        0x0002d03c        0x0 c:/pixhawk/winarm/bin/../lib/gcc/arm-elf/4.1.1/../../../../arm-elf/lib/interwork\libc.a(impure.o)
 .glue_7        0x0002d03c        0x0 c:/pixhawk/winarm/bin/../lib/gcc/arm-elf/4.1.1/../../../../arm-elf/lib/interwork\libc.a(mprec.o)
 .glue_7        0x0002d03c        0x0 c:/pixhawk/winarm/bin/../lib/gcc/arm-elf/4.1.1/../../../../arm-elf/lib/interwork\libc.a(s_isnan.o)
 .glue_7        0x0002d03c        0x0 c:/pixhawk/winarm/bin/../lib/gcc/arm-elf/4.1.1/../../../../arm-elf/lib/interwork\libc.a(s_nan.o)
 .glue_7        0x0002d03c        0x0 c:/pixhawk/winarm/bin/../lib/gcc/arm-elf/4.1.1/../../../../arm-elf/lib/interwork\libc.a(sf_nan.o)
 .glue_7        0x0002d03c        0x0 c:/pixhawk/winarm/bin/../lib/gcc/arm-elf/4.1.1/../../../../arm-elf/lib/interwork\libc.a(callocr.o)
 .glue_7        0x0002d03c        0x0 c:/pixhawk/winarm/bin/../lib/gcc/arm-elf/4.1.1/../../../../arm-elf/lib/interwork\libc.a(mallocr.o)
 .glue_7        0x0002d03c        0x0 c:/pixhawk/winarm/bin/../lib/gcc/arm-elf/4.1.1/../../../../arm-elf/lib/interwork\libc.a(memset.o)
 .glue_7        0x0002d03c        0x0 c:/pixhawk/winarm/bin/../lib/gcc/arm-elf/4.1.1/../../../../arm-elf/lib/interwork\libc.a(mlock.o)
 .glue_7        0x0002d03c        0x0 c:/pixhawk/winarm/bin/../lib/gcc/arm-elf/4.1.1/../../../../arm-elf/lib/interwork\libc.a(freer.o)
 .glue_7        0x0002d03c        0x0 c:/pixhawk/winarm/bin/../lib/gcc/arm-elf/4.1.1/../../../../arm-elf/lib/interwork\libm.a(s_atan.o)
 .glue_7        0x0002d03c        0x0 c:/pixhawk/winarm/bin/../lib/gcc/arm-elf/4.1.1/../../../../arm-elf/lib/interwork\libm.a(s_cos.o)
 .glue_7        0x0002d03c        0x0 c:/pixhawk/winarm/bin/../lib/gcc/arm-elf/4.1.1/../../../../arm-elf/lib/interwork\libm.a(s_fabs.o)
 .glue_7        0x0002d03c        0x0 c:/pixhawk/winarm/bin/../lib/gcc/arm-elf/4.1.1/../../../../arm-elf/lib/interwork\libm.a(s_sin.o)
 .glue_7        0x0002d03c        0x0 c:/pixhawk/winarm/bin/../lib/gcc/arm-elf/4.1.1/../../../../arm-elf/lib/interwork\libm.a(s_tan.o)
 .glue_7        0x0002d03c        0x0 c:/pixhawk/winarm/bin/../lib/gcc/arm-elf/4.1.1/../../../../arm-elf/lib/interwork\libm.a(w_acos.o)
 .glue_7        0x0002d03c        0x0 c:/pixhawk/winarm/bin/../lib/gcc/arm-elf/4.1.1/../../../../arm-elf/lib/interwork\libm.a(w_asin.o)
 .glue_7        0x0002d03c        0x0 c:/pixhawk/winarm/bin/../lib/gcc/arm-elf/4.1.1/../../../../arm-elf/lib/interwork\libm.a(w_atan2.o)
 .glue_7        0x0002d03c        0x0 c:/pixhawk/winarm/bin/../lib/gcc/arm-elf/4.1.1/../../../../arm-elf/lib/interwork\libm.a(w_cosh.o)
 .glue_7        0x0002d03c        0x0 c:/pixhawk/winarm/bin/../lib/gcc/arm-elf/4.1.1/../../../../arm-elf/lib/interwork\libm.a(w_exp.o)
 .glue_7        0x0002d03c        0x0 c:/pixhawk/winarm/bin/../lib/gcc/arm-elf/4.1.1/../../../../arm-elf/lib/interwork\libm.a(w_log.o)
 .glue_7        0x0002d03c        0x0 c:/pixhawk/winarm/bin/../lib/gcc/arm-elf/4.1.1/../../../../arm-elf/lib/interwork\libm.a(w_pow.o)
 .glue_7        0x0002d03c        0x0 c:/pixhawk/winarm/bin/../lib/gcc/arm-elf/4.1.1/../../../../arm-elf/lib/interwork\libm.a(w_sinh.o)
 .glue_7        0x0002d03c        0x0 c:/pixhawk/winarm/bin/../lib/gcc/arm-elf/4.1.1/../../../../arm-elf/lib/interwork\libm.a(e_acos.o)
 .glue_7        0x0002d03c        0x0 c:/pixhawk/winarm/bin/../lib/gcc/arm-elf/4.1.1/../../../../arm-elf/lib/interwork\libm.a(e_asin.o)
 .glue_7        0x0002d03c        0x0 c:/pixhawk/winarm/bin/../lib/gcc/arm-elf/4.1.1/../../../../arm-elf/lib/interwork\libm.a(e_atan2.o)
 .glue_7        0x0002d03c        0x0 c:/pixhawk/winarm/bin/../lib/gcc/arm-elf/4.1.1/../../../../arm-elf/lib/interwork\libm.a(e_cosh.o)
 .glue_7        0x0002d03c        0x0 c:/pixhawk/winarm/bin/../lib/gcc/arm-elf/4.1.1/../../../../arm-elf/lib/interwork\libm.a(e_exp.o)
 .glue_7        0x0002d03c        0x0 c:/pixhawk/winarm/bin/../lib/gcc/arm-elf/4.1.1/../../../../arm-elf/lib/interwork\libm.a(e_log.o)
 .glue_7        0x0002d03c        0x0 c:/pixhawk/winarm/bin/../lib/gcc/arm-elf/4.1.1/../../../../arm-elf/lib/interwork\libm.a(e_pow.o)
 .glue_7        0x0002d03c        0x0 c:/pixhawk/winarm/bin/../lib/gcc/arm-elf/4.1.1/../../../../arm-elf/lib/interwork\libm.a(e_rem_pio2.o)
 .glue_7        0x0002d03c        0x0 c:/pixhawk/winarm/bin/../lib/gcc/arm-elf/4.1.1/../../../../arm-elf/lib/interwork\libm.a(e_sinh.o)
 .glue_7        0x0002d03c        0x0 c:/pixhawk/winarm/bin/../lib/gcc/arm-elf/4.1.1/../../../../arm-elf/lib/interwork\libm.a(e_sqrt.o)
 .glue_7        0x0002d03c        0x0 c:/pixhawk/winarm/bin/../lib/gcc/arm-elf/4.1.1/../../../../arm-elf/lib/interwork\libm.a(k_cos.o)
 .glue_7        0x0002d03c        0x0 c:/pixhawk/winarm/bin/../lib/gcc/arm-elf/4.1.1/../../../../arm-elf/lib/interwork\libm.a(k_rem_pio2.o)
 .glue_7        0x0002d03c        0x0 c:/pixhawk/winarm/bin/../lib/gcc/arm-elf/4.1.1/../../../../arm-elf/lib/interwork\libm.a(k_sin.o)
 .glue_7        0x0002d03c        0x0 c:/pixhawk/winarm/bin/../lib/gcc/arm-elf/4.1.1/../../../../arm-elf/lib/interwork\libm.a(k_tan.o)
 .glue_7        0x0002d03c        0x0 c:/pixhawk/winarm/bin/../lib/gcc/arm-elf/4.1.1/../../../../arm-elf/lib/interwork\libm.a(s_expm1.o)
 .glue_7        0x0002d03c        0x0 c:/pixhawk/winarm/bin/../lib/gcc/arm-elf/4.1.1/../../../../arm-elf/lib/interwork\libm.a(s_finite.o)
 .glue_7        0x0002d03c        0x0 c:/pixhawk/winarm/bin/../lib/gcc/arm-elf/4.1.1/../../../../arm-elf/lib/interwork\libm.a(s_floor.o)
 .glue_7        0x0002d03c        0x0 c:/pixhawk/winarm/bin/../lib/gcc/arm-elf/4.1.1/../../../../arm-elf/lib/interwork\libm.a(s_lib_ver.o)
 .glue_7        0x0002d03c        0x0 c:/pixhawk/winarm/bin/../lib/gcc/arm-elf/4.1.1/../../../../arm-elf/lib/interwork\libm.a(s_matherr.o)
 .glue_7        0x0002d03c        0x0 c:/pixhawk/winarm/bin/../lib/gcc/arm-elf/4.1.1/../../../../arm-elf/lib/interwork\libm.a(s_rint.o)
 .glue_7        0x0002d03c        0x0 c:/pixhawk/winarm/bin/../lib/gcc/arm-elf/4.1.1/../../../../arm-elf/lib/interwork\libm.a(s_scalbn.o)
 .glue_7        0x0002d03c        0x0 c:/pixhawk/winarm/bin/../lib/gcc/arm-elf/4.1.1/../../../../arm-elf/lib/interwork\libm.a(s_copysign.o)
 .glue_7        0x0002d03c        0x0 c:/pixhawk/winarm/bin/../lib/gcc/arm-elf/4.1.1/../../../../arm-elf/lib/interwork\libc.a(errno.o)
 .glue_7        0x0002d03c        0x0 c:/pixhawk/winarm/bin/../lib/gcc/arm-elf/4.1.1/interwork\libgcc.a(_udivsi3.o)
 .glue_7        0x0002d03c        0x0 c:/pixhawk/winarm/bin/../lib/gcc/arm-elf/4.1.1/interwork\libgcc.a(_divsi3.o)
 .glue_7        0x0002d03c        0x0 c:/pixhawk/winarm/bin/../lib/gcc/arm-elf/4.1.1/interwork\libgcc.a(_umodsi3.o)
 .glue_7        0x0002d03c        0x0 c:/pixhawk/winarm/bin/../lib/gcc/arm-elf/4.1.1/interwork\libgcc.a(_dvmd_tls.o)
 .glue_7        0x0002d03c        0x0 c:/pixhawk/winarm/bin/../lib/gcc/arm-elf/4.1.1/interwork\libgcc.a(_addsubdf3.o)
 .glue_7        0x0002d03c        0x0 c:/pixhawk/winarm/bin/../lib/gcc/arm-elf/4.1.1/interwork\libgcc.a(_muldivdf3.o)
 .glue_7        0x0002d03c        0x0 c:/pixhawk/winarm/bin/../lib/gcc/arm-elf/4.1.1/interwork\libgcc.a(_cmpdf2.o)
 .glue_7        0x0002d03c        0x0 c:/pixhawk/winarm/bin/../lib/gcc/arm-elf/4.1.1/interwork\libgcc.a(_fixdfsi.o)
 .glue_7        0x0002d03c        0x0 c:/pixhawk/winarm/bin/../lib/gcc/arm-elf/4.1.1/interwork\libgcc.a(_fixunsdfsi.o)
 .glue_7        0x0002d03c        0x0 c:/pixhawk/winarm/bin/../lib/gcc/arm-elf/4.1.1/interwork\libgcc.a(_truncdfsf2.o)
 .glue_7        0x0002d03c        0x0 c:/pixhawk/winarm/bin/../lib/gcc/arm-elf/4.1.1/interwork\libgcc.a(_addsubsf3.o)
 .glue_7        0x0002d03c        0x0 c:/pixhawk/winarm/bin/../lib/gcc/arm-elf/4.1.1/interwork\libgcc.a(_muldivsf3.o)
 .glue_7        0x0002d03c        0x0 c:/pixhawk/winarm/bin/../lib/gcc/arm-elf/4.1.1/interwork\libgcc.a(_cmpsf2.o)
 .glue_7        0x0002d03c        0x0 c:/pixhawk/winarm/bin/../lib/gcc/arm-elf/4.1.1/interwork\libgcc.a(_fixsfsi.o)
 .glue_7        0x0002d03c        0x0 c:/pixhawk/winarm/bin/../lib/gcc/arm-elf/4.1.1/interwork\libgcc.a(_fixunssfsi.o)
 .glue_7        0x0002d03c        0x0 c:/pixhawk/winarm/bin/../lib/gcc/arm-elf/4.1.1/interwork\libgcc.a(_cmpdi2.o)
 *(.glue_7t)
 .glue_7t       0x0002d03c        0x0 build/obj/arm7/include/crt0.o
 .glue_7t       0x0002d03c        0x0 build/obj/main/mainloop_generic.o
 .glue_7t       0x0002d03c        0x0 build/obj/main/mainloop_fixed_wing.o
 .glue_7t       0x0002d03c        0x0 build/obj/main/mainloop_quadrotor.o
 .glue_7t       0x0002d03c        0x0 build/obj/main/mainloop_ground_car.o
 .glue_7t       0x0002d03c        0x0 build/obj/main/common_mainloop_functions.o
 .glue_7t       0x0002d03c        0x0 build/obj/math/lookup_sin_cos.o
 .glue_7t       0x0002d03c        0x0 build/obj/arm7/adc.o
 .glue_7t       0x0002d03c        0x0 build/obj/arm7/armVIC.o
 .glue_7t       0x0002d03c        0x0 build/obj/arm7/cam_trigger.o
 .glue_7t       0x0002d03c        0x0 build/obj/arm7/dac.o
 .glue_7t       0x0002d03c        0x0 build/obj/arm7/led.o
 .glue_7t       0x0002d03c        0x0 build/obj/arm7/spi.o
 .glue_7t       0x0002d03c        0x0 build/obj/arm7/i2c.o
 .glue_7t       0x0002d03c        0x0 build/obj/arm7/spi_devices/ads8341.o
 .glue_7t       0x0002d03c        0x0 build/obj/arm7/spi_devices/ms2100.o
 .glue_7t       0x0002d03c        0x0 build/obj/arm7/spi_devices/sca3100.o
 .glue_7t       0x0002d03c        0x0 build/obj/arm7/spi_devices/sca3000.o
 .glue_7t       0x0002d03c        0x0 build/obj/arm7/i2c_devices/bmp085.o
 .glue_7t       0x0002d03c        0x0 build/obj/arm7/i2c_devices/eeprom.o
 .glue_7t       0x0002d03c        0x0 build/obj/arm7/i2c_devices/i2c_motor_controller.o
 .glue_7t       0x0002d03c        0x0 build/obj/arm7/i2c_devices/i2c_motor_mikrokopter.o
 .glue_7t       0x0002d03c        0x0 build/obj/arm7/i2c_devices/hmc5843.o
 .glue_7t       0x0002d03c        0x0 build/obj/arm7/ppm.o
 .glue_7t       0x0002d03c        0x0 build/obj/arm7/pwm.o
 .glue_7t       0x0002d03c        0x0 build/obj/arm7/sys_time.o
 .glue_7t       0x0002d03c        0x0 build/obj/arm7/uart.o
 .glue_7t       0x0002d03c        0x0 build/obj/comm/comm.o
 .glue_7t       0x0002d03c        0x0 build/obj/system/watchdog.o
 .glue_7t       0x0002d03c        0x0 build/obj/system/pid.o
 .glue_7t       0x0002d03c        0x0 build/obj/hal/shutter.o
 .glue_7t       0x0002d03c        0x0 build/obj/system/communication.o
 .glue_7t       0x0002d03c        0x0 build/obj/controllers/coaxial/control_position.o
 .glue_7t       0x0002d03c        0x0 build/obj/controllers/coaxial/control_attitude.o
 .glue_7t       0x0002d03c        0x0 build/obj/controllers/coaxial/control_yawSpeed.o
 .glue_7t       0x0002d03c        0x0 build/obj/controllers/coaxial/control_yaw_altitude.o
 .glue_7t       0x0002d03c        0x0 build/obj/controllers/quadrotor/control_quadrotor_attitude.o
 .glue_7t       0x0002d03c        0x0 build/obj/controllers/fixed_wing/control_fixed_wing_attitude.o
 .glue_7t       0x0002d03c        0x0 build/obj/controllers/quadrotor/control_quadrotor_position.o
 .glue_7t       0x0002d03c        0x0 build/obj/controllers/quadrotor/control_quadrotor_start_land.o
 .glue_7t       0x0002d03c        0x0 build/obj/system/remote_control.o
 .glue_7t       0x0002d03c        0x0 build/obj/system/debug.o
 .glue_7t       0x0002d03c        0x0 build/obj/system/params.o
 .glue_7t       0x0002d03c        0x0 build/obj/fusion/altitude_kalman.o
 .glue_7t       0x0002d03c        0x0 build/obj/fusion/attitude_observer.o
 .glue_7t       0x0002d03c        0x0 build/obj/fusion/position_kalman.o
 .glue_7t       0x0002d03c        0x0 build/obj/fusion/vision_buffer.o
 .glue_7t       0x0002d03c        0x0 build/obj/fusion/attitude_compl_euler.o
 .glue_7t       0x0002d03c        0x0 build/obj/fusion/simple_altitude_moving_average.o
 .glue_7t       0x0002d03c        0x0 build/obj/fusion/least_square.o
 .glue_7t       0x0002d03c        0x0 build/obj/fusion/global_pos.o
 .glue_7t       0x0002d03c        0x0 build/obj/fusion/world_to_body.o
 .glue_7t       0x0002d03c        0x0 build/obj/fusion/position_kalman2.o
 .glue_7t       0x0002d03c        0x0 build/obj/fusion/position_kalman3.o
 .glue_7t       0x0002d03c        0x0 build/obj/math/transformation.o
 .glue_7t       0x0002d03c        0x0 build/obj/math/geodetic/latlong.o
 .glue_7t       0x0002d03c        0x0 build/obj/arm7/sdfat/syscalls.o
 .glue_7t       0x0002d03c        0x0 build/obj/math/geodetic/gps_transformations.o
 .glue_7t       0x0002d03c        0x0 build/obj/hal/gps/gps_nmea.o
 .glue_7t       0x0002d03c        0x0 build/obj/system/sys_state.o
 .glue_7t       0x0002d03c        0x0 build/obj/system/calibration.o
 .glue_7t       0x0002d03c        0x0 build/obj/main.o
 .glue_7t       0x0002d03c        0x0 c:/pixhawk/winarm/bin/../lib/gcc/arm-elf/4.1.1/../../../../arm-elf/lib/interwork\libc.a(atoi.o)
 .glue_7t       0x0002d03c        0x0 c:/pixhawk/winarm/bin/../lib/gcc/arm-elf/4.1.1/../../../../arm-elf/lib/interwork\libc.a(memcpy.o)
 .glue_7t       0x0002d03c        0x0 c:/pixhawk/winarm/bin/../lib/gcc/arm-elf/4.1.1/../../../../arm-elf/lib/interwork\libc.a(s_modf.o)
 .glue_7t       0x0002d03c        0x0 c:/pixhawk/winarm/bin/../lib/gcc/arm-elf/4.1.1/../../../../arm-elf/lib/interwork\libc.a(strncmp.o)
 .glue_7t       0x0002d03c        0x0 c:/pixhawk/winarm/bin/../lib/gcc/arm-elf/4.1.1/../../../../arm-elf/lib/interwork\libc.a(strncpy.o)
 .glue_7t       0x0002d03c        0x0 c:/pixhawk/winarm/bin/../lib/gcc/arm-elf/4.1.1/../../../../arm-elf/lib/interwork\libc.a(strtod.o)
 .glue_7t       0x0002d03c        0x0 c:/pixhawk/winarm/bin/../lib/gcc/arm-elf/4.1.1/../../../../arm-elf/lib/interwork\libc.a(strtol.o)
 .glue_7t       0x0002d03c        0x0 c:/pixhawk/winarm/bin/../lib/gcc/arm-elf/4.1.1/../../../../arm-elf/lib/interwork\libc.a(ctype_.o)
 .glue_7t       0x0002d03c        0x0 c:/pixhawk/winarm/bin/../lib/gcc/arm-elf/4.1.1/../../../../arm-elf/lib/interwork\libc.a(impure.o)
 .glue_7t       0x0002d03c        0x0 c:/pixhawk/winarm/bin/../lib/gcc/arm-elf/4.1.1/../../../../arm-elf/lib/interwork\libc.a(mprec.o)
 .glue_7t       0x0002d03c        0x0 c:/pixhawk/winarm/bin/../lib/gcc/arm-elf/4.1.1/../../../../arm-elf/lib/interwork\libc.a(s_isnan.o)
 .glue_7t       0x0002d03c        0x0 c:/pixhawk/winarm/bin/../lib/gcc/arm-elf/4.1.1/../../../../arm-elf/lib/interwork\libc.a(s_nan.o)
 .glue_7t       0x0002d03c        0x0 c:/pixhawk/winarm/bin/../lib/gcc/arm-elf/4.1.1/../../../../arm-elf/lib/interwork\libc.a(sf_nan.o)
 .glue_7t       0x0002d03c        0x0 c:/pixhawk/winarm/bin/../lib/gcc/arm-elf/4.1.1/../../../../arm-elf/lib/interwork\libc.a(callocr.o)
 .glue_7t       0x0002d03c        0x0 c:/pixhawk/winarm/bin/../lib/gcc/arm-elf/4.1.1/../../../../arm-elf/lib/interwork\libc.a(mallocr.o)
 .glue_7t       0x0002d03c        0x0 c:/pixhawk/winarm/bin/../lib/gcc/arm-elf/4.1.1/../../../../arm-elf/lib/interwork\libc.a(memset.o)
 .glue_7t       0x0002d03c        0x0 c:/pixhawk/winarm/bin/../lib/gcc/arm-elf/4.1.1/../../../../arm-elf/lib/interwork\libc.a(mlock.o)
 .glue_7t       0x0002d03c        0x0 c:/pixhawk/winarm/bin/../lib/gcc/arm-elf/4.1.1/../../../../arm-elf/lib/interwork\libc.a(freer.o)
 .glue_7t       0x0002d03c        0x0 c:/pixhawk/winarm/bin/../lib/gcc/arm-elf/4.1.1/../../../../arm-elf/lib/interwork\libm.a(s_atan.o)
 .glue_7t       0x0002d03c        0x0 c:/pixhawk/winarm/bin/../lib/gcc/arm-elf/4.1.1/../../../../arm-elf/lib/interwork\libm.a(s_cos.o)
 .glue_7t       0x0002d03c        0x0 c:/pixhawk/winarm/bin/../lib/gcc/arm-elf/4.1.1/../../../../arm-elf/lib/interwork\libm.a(s_fabs.o)
 .glue_7t       0x0002d03c        0x0 c:/pixhawk/winarm/bin/../lib/gcc/arm-elf/4.1.1/../../../../arm-elf/lib/interwork\libm.a(s_sin.o)
 .glue_7t       0x0002d03c        0x0 c:/pixhawk/winarm/bin/../lib/gcc/arm-elf/4.1.1/../../../../arm-elf/lib/interwork\libm.a(s_tan.o)
 .glue_7t       0x0002d03c        0x0 c:/pixhawk/winarm/bin/../lib/gcc/arm-elf/4.1.1/../../../../arm-elf/lib/interwork\libm.a(w_acos.o)
 .glue_7t       0x0002d03c        0x0 c:/pixhawk/winarm/bin/../lib/gcc/arm-elf/4.1.1/../../../../arm-elf/lib/interwork\libm.a(w_asin.o)
 .glue_7t       0x0002d03c        0x0 c:/pixhawk/winarm/bin/../lib/gcc/arm-elf/4.1.1/../../../../arm-elf/lib/interwork\libm.a(w_atan2.o)
 .glue_7t       0x0002d03c        0x0 c:/pixhawk/winarm/bin/../lib/gcc/arm-elf/4.1.1/../../../../arm-elf/lib/interwork\libm.a(w_cosh.o)
 .glue_7t       0x0002d03c        0x0 c:/pixhawk/winarm/bin/../lib/gcc/arm-elf/4.1.1/../../../../arm-elf/lib/interwork\libm.a(w_exp.o)
 .glue_7t       0x0002d03c        0x0 c:/pixhawk/winarm/bin/../lib/gcc/arm-elf/4.1.1/../../../../arm-elf/lib/interwork\libm.a(w_log.o)
 .glue_7t       0x0002d03c        0x0 c:/pixhawk/winarm/bin/../lib/gcc/arm-elf/4.1.1/../../../../arm-elf/lib/interwork\libm.a(w_pow.o)
 .glue_7t       0x0002d03c        0x0 c:/pixhawk/winarm/bin/../lib/gcc/arm-elf/4.1.1/../../../../arm-elf/lib/interwork\libm.a(w_sinh.o)
 .glue_7t       0x0002d03c        0x0 c:/pixhawk/winarm/bin/../lib/gcc/arm-elf/4.1.1/../../../../arm-elf/lib/interwork\libm.a(e_acos.o)
 .glue_7t       0x0002d03c        0x0 c:/pixhawk/winarm/bin/../lib/gcc/arm-elf/4.1.1/../../../../arm-elf/lib/interwork\libm.a(e_asin.o)
 .glue_7t       0x0002d03c        0x0 c:/pixhawk/winarm/bin/../lib/gcc/arm-elf/4.1.1/../../../../arm-elf/lib/interwork\libm.a(e_atan2.o)
 .glue_7t       0x0002d03c        0x0 c:/pixhawk/winarm/bin/../lib/gcc/arm-elf/4.1.1/../../../../arm-elf/lib/interwork\libm.a(e_cosh.o)
 .glue_7t       0x0002d03c        0x0 c:/pixhawk/winarm/bin/../lib/gcc/arm-elf/4.1.1/../../../../arm-elf/lib/interwork\libm.a(e_exp.o)
 .glue_7t       0x0002d03c        0x0 c:/pixhawk/winarm/bin/../lib/gcc/arm-elf/4.1.1/../../../../arm-elf/lib/interwork\libm.a(e_log.o)
 .glue_7t       0x0002d03c        0x0 c:/pixhawk/winarm/bin/../lib/gcc/arm-elf/4.1.1/../../../../arm-elf/lib/interwork\libm.a(e_pow.o)
 .glue_7t       0x0002d03c        0x0 c:/pixhawk/winarm/bin/../lib/gcc/arm-elf/4.1.1/../../../../arm-elf/lib/interwork\libm.a(e_rem_pio2.o)
 .glue_7t       0x0002d03c        0x0 c:/pixhawk/winarm/bin/../lib/gcc/arm-elf/4.1.1/../../../../arm-elf/lib/interwork\libm.a(e_sinh.o)
 .glue_7t       0x0002d03c        0x0 c:/pixhawk/winarm/bin/../lib/gcc/arm-elf/4.1.1/../../../../arm-elf/lib/interwork\libm.a(e_sqrt.o)
 .glue_7t       0x0002d03c        0x0 c:/pixhawk/winarm/bin/../lib/gcc/arm-elf/4.1.1/../../../../arm-elf/lib/interwork\libm.a(k_cos.o)
 .glue_7t       0x0002d03c        0x0 c:/pixhawk/winarm/bin/../lib/gcc/arm-elf/4.1.1/../../../../arm-elf/lib/interwork\libm.a(k_rem_pio2.o)
 .glue_7t       0x0002d03c        0x0 c:/pixhawk/winarm/bin/../lib/gcc/arm-elf/4.1.1/../../../../arm-elf/lib/interwork\libm.a(k_sin.o)
 .glue_7t       0x0002d03c        0x0 c:/pixhawk/winarm/bin/../lib/gcc/arm-elf/4.1.1/../../../../arm-elf/lib/interwork\libm.a(k_tan.o)
 .glue_7t       0x0002d03c        0x0 c:/pixhawk/winarm/bin/../lib/gcc/arm-elf/4.1.1/../../../../arm-elf/lib/interwork\libm.a(s_expm1.o)
 .glue_7t       0x0002d03c        0x0 c:/pixhawk/winarm/bin/../lib/gcc/arm-elf/4.1.1/../../../../arm-elf/lib/interwork\libm.a(s_finite.o)
 .glue_7t       0x0002d03c        0x0 c:/pixhawk/winarm/bin/../lib/gcc/arm-elf/4.1.1/../../../../arm-elf/lib/interwork\libm.a(s_floor.o)
 .glue_7t       0x0002d03c        0x0 c:/pixhawk/winarm/bin/../lib/gcc/arm-elf/4.1.1/../../../../arm-elf/lib/interwork\libm.a(s_lib_ver.o)
 .glue_7t       0x0002d03c        0x0 c:/pixhawk/winarm/bin/../lib/gcc/arm-elf/4.1.1/../../../../arm-elf/lib/interwork\libm.a(s_matherr.o)
 .glue_7t       0x0002d03c        0x0 c:/pixhawk/winarm/bin/../lib/gcc/arm-elf/4.1.1/../../../../arm-elf/lib/interwork\libm.a(s_rint.o)
 .glue_7t       0x0002d03c        0x0 c:/pixhawk/winarm/bin/../lib/gcc/arm-elf/4.1.1/../../../../arm-elf/lib/interwork\libm.a(s_scalbn.o)
 .glue_7t       0x0002d03c        0x0 c:/pixhawk/winarm/bin/../lib/gcc/arm-elf/4.1.1/../../../../arm-elf/lib/interwork\libm.a(s_copysign.o)
 .glue_7t       0x0002d03c        0x0 c:/pixhawk/winarm/bin/../lib/gcc/arm-elf/4.1.1/../../../../arm-elf/lib/interwork\libc.a(errno.o)
 .glue_7t       0x0002d03c        0x0 c:/pixhawk/winarm/bin/../lib/gcc/arm-elf/4.1.1/interwork\libgcc.a(_udivsi3.o)
 .glue_7t       0x0002d03c        0x0 c:/pixhawk/winarm/bin/../lib/gcc/arm-elf/4.1.1/interwork\libgcc.a(_divsi3.o)
 .glue_7t       0x0002d03c        0x0 c:/pixhawk/winarm/bin/../lib/gcc/arm-elf/4.1.1/interwork\libgcc.a(_umodsi3.o)
 .glue_7t       0x0002d03c        0x0 c:/pixhawk/winarm/bin/../lib/gcc/arm-elf/4.1.1/interwork\libgcc.a(_dvmd_tls.o)
 .glue_7t       0x0002d03c        0x0 c:/pixhawk/winarm/bin/../lib/gcc/arm-elf/4.1.1/interwork\libgcc.a(_addsubdf3.o)
 .glue_7t       0x0002d03c        0x0 c:/pixhawk/winarm/bin/../lib/gcc/arm-elf/4.1.1/interwork\libgcc.a(_muldivdf3.o)
 .glue_7t       0x0002d03c        0x0 c:/pixhawk/winarm/bin/../lib/gcc/arm-elf/4.1.1/interwork\libgcc.a(_cmpdf2.o)
 .glue_7t       0x0002d03c        0x0 c:/pixhawk/winarm/bin/../lib/gcc/arm-elf/4.1.1/interwork\libgcc.a(_fixdfsi.o)
 .glue_7t       0x0002d03c        0x0 c:/pixhawk/winarm/bin/../lib/gcc/arm-elf/4.1.1/interwork\libgcc.a(_fixunsdfsi.o)
 .glue_7t       0x0002d03c        0x0 c:/pixhawk/winarm/bin/../lib/gcc/arm-elf/4.1.1/interwork\libgcc.a(_truncdfsf2.o)
 .glue_7t       0x0002d03c        0x0 c:/pixhawk/winarm/bin/../lib/gcc/arm-elf/4.1.1/interwork\libgcc.a(_addsubsf3.o)
 .glue_7t       0x0002d03c        0x0 c:/pixhawk/winarm/bin/../lib/gcc/arm-elf/4.1.1/interwork\libgcc.a(_muldivsf3.o)
 .glue_7t       0x0002d03c        0x0 c:/pixhawk/winarm/bin/../lib/gcc/arm-elf/4.1.1/interwork\libgcc.a(_cmpsf2.o)
 .glue_7t       0x0002d03c        0x0 c:/pixhawk/winarm/bin/../lib/gcc/arm-elf/4.1.1/interwork\libgcc.a(_fixsfsi.o)
 .glue_7t       0x0002d03c        0x0 c:/pixhawk/winarm/bin/../lib/gcc/arm-elf/4.1.1/interwork\libgcc.a(_fixunssfsi.o)
 .glue_7t       0x0002d03c        0x0 c:/pixhawk/winarm/bin/../lib/gcc/arm-elf/4.1.1/interwork\libgcc.a(_cmpdi2.o)
 *(.gcc_except_table)
 *(.rodata)
 .rodata        0x0002d03c     0x3244 build/obj/math/lookup_sin_cos.o
 .rodata        0x00030280       0x60 build/obj/fusion/global_pos.o
 .rodata        0x000302e0       0x14 build/obj/math/geodetic/latlong.o
 .rodata        0x000302f4        0x4 build/obj/math/geodetic/gps_transformations.o
                0x000302f4                r_earth
 .rodata        0x000302f8      0x101 c:/pixhawk/winarm/bin/../lib/gcc/arm-elf/4.1.1/../../../../arm-elf/lib/interwork\libc.a(ctype_.o)
                0x000302f8                _ctype_
 *fill*         0x000303f9        0x3 00
 .rodata        0x000303fc        0x4 c:/pixhawk/winarm/bin/../lib/gcc/arm-elf/4.1.1/../../../../arm-elf/lib/interwork\libc.a(impure.o)
                0x000303fc                _global_impure_ptr
 .rodata        0x00030400      0x124 c:/pixhawk/winarm/bin/../lib/gcc/arm-elf/4.1.1/../../../../arm-elf/lib/interwork\libc.a(mprec.o)
                0x000304f0                __mprec_tinytens
                0x00030400                __mprec_tens
                0x000304c8                __mprec_bigtens
 .rodata        0x00030524       0x40 c:/pixhawk/winarm/bin/../lib/gcc/arm-elf/4.1.1/../../../../arm-elf/lib/interwork\libm.a(s_atan.o)
 .rodata        0x00030564       0x30 c:/pixhawk/winarm/bin/../lib/gcc/arm-elf/4.1.1/../../../../arm-elf/lib/interwork\libm.a(e_exp.o)
 .rodata        0x00030594       0x30 c:/pixhawk/winarm/bin/../lib/gcc/arm-elf/4.1.1/../../../../arm-elf/lib/interwork\libm.a(e_pow.o)
 .rodata        0x000305c4      0x188 c:/pixhawk/winarm/bin/../lib/gcc/arm-elf/4.1.1/../../../../arm-elf/lib/interwork\libm.a(e_rem_pio2.o)
 .rodata        0x0003074c       0x50 c:/pixhawk/winarm/bin/../lib/gcc/arm-elf/4.1.1/../../../../arm-elf/lib/interwork\libm.a(k_rem_pio2.o)
 .rodata        0x0003079c        0x4 c:/pixhawk/winarm/bin/../lib/gcc/arm-elf/4.1.1/../../../../arm-elf/lib/interwork\libm.a(s_lib_ver.o)
                0x0003079c                __fdlib_version
 .rodata        0x000307a0       0x10 c:/pixhawk/winarm/bin/../lib/gcc/arm-elf/4.1.1/../../../../arm-elf/lib/interwork\libm.a(s_rint.o)
 *(.rodata*)
 .rodata.str1.4
                0x000307b0      0x724 build/obj/main/mainloop_generic.o
 .rodata.str1.4
                0x00000000       0xb8 build/obj/main/mainloop_ground_car.o
 .rodata.str1.4
                0x00030ed4      0x155 build/obj/main/common_mainloop_functions.o
                                0x684 (size before relaxing)
 *fill*         0x00031029        0x3 00
 .rodata.str1.4
                0x0003102c      0x34c build/obj/arm7/i2c.o
 .rodata.str1.4
                0x00031378       0x4c build/obj/arm7/i2c_devices/eeprom.o
 .rodata.str1.4
                0x000313c4      0x25b build/obj/system/communication.o
                                0x25c (size before relaxing)
 *fill*         0x0003161f        0x1 00
 .rodata.str1.4
                0x00031620        0xb build/obj/controllers/quadrotor/control_quadrotor_position.o
                                  0xc (size before relaxing)
 *fill*         0x0003162b        0x1 00
 .rodata.str1.4
                0x0003162c       0xca build/obj/controllers/quadrotor/control_quadrotor_start_land.o
                                 0xcc (size before relaxing)
 *fill*         0x000316f6        0x2 00
 .rodata.str1.4
                0x000316f8       0x67 build/obj/system/remote_control.o
                                 0x68 (size before relaxing)
 *fill*         0x0003175f        0x1 00
 .rodata.str1.4
                0x00031760      0x1c8 build/obj/system/params.o
 .rodata.str1.4
                0x00031928      0x13e build/obj/fusion/vision_buffer.o
                                0x140 (size before relaxing)
 *fill*         0x00031a66        0x2 00
 .rodata.str1.4
                0x00031a68       0x17 build/obj/math/geodetic/gps_transformations.o
                                 0x18 (size before relaxing)
 *fill*         0x00031a7f        0x1 00
 .rodata.str1.4
                0x00031a80       0x5e build/obj/hal/gps/gps_nmea.o
                                 0x60 (size before relaxing)
 *fill*         0x00031ade        0x2 00
 .rodata.str1.4
                0x00031ae0       0x8b build/obj/system/sys_state.o
                                 0x8c (size before relaxing)
 *fill*         0x00031b6b        0x1 00
 .rodata.str1.4
                0x00031b6c       0x65 build/obj/system/calibration.o
                                 0x68 (size before relaxing)
 .rodata.str1.4
                0x00000000       0x65 c:/pixhawk/winarm/bin/../lib/gcc/arm-elf/4.1.1/../../../../arm-elf/lib/interwork\libc.a(impure.o)
                                  0x4 (size before relaxing)
 *fill*         0x00031bd1        0x3 00
 .rodata.str1.4
                0x00031bd4        0x5 c:/pixhawk/winarm/bin/../lib/gcc/arm-elf/4.1.1/../../../../arm-elf/lib/interwork\libm.a(w_acos.o)
                                  0x8 (size before relaxing)
 *fill*         0x00031bd9        0x3 00
 .rodata.str1.4
                0x00031bdc        0x5 c:/pixhawk/winarm/bin/../lib/gcc/arm-elf/4.1.1/../../../../arm-elf/lib/interwork\libm.a(w_asin.o)
                                  0x8 (size before relaxing)
 *fill*         0x00031be1        0x3 00
 .rodata.str1.4
                0x00031be4        0x6 c:/pixhawk/winarm/bin/../lib/gcc/arm-elf/4.1.1/../../../../arm-elf/lib/interwork\libm.a(w_atan2.o)
                                  0x8 (size before relaxing)
 *fill*         0x00031bea        0x2 00
 .rodata.str1.4
                0x00031bec        0x5 c:/pixhawk/winarm/bin/../lib/gcc/arm-elf/4.1.1/../../../../arm-elf/lib/interwork\libm.a(w_cosh.o)
                                  0x8 (size before relaxing)
 *fill*         0x00031bf1        0x3 00
 .rodata.str1.4
                0x00031bf4        0x4 c:/pixhawk/winarm/bin/../lib/gcc/arm-elf/4.1.1/../../../../arm-elf/lib/interwork\libm.a(w_exp.o)
 .rodata.str1.4
                0x00031bf8        0x4 c:/pixhawk/winarm/bin/../lib/gcc/arm-elf/4.1.1/../../../../arm-elf/lib/interwork\libm.a(w_log.o)
 .rodata.str1.4
                0x00031bfc        0x4 c:/pixhawk/winarm/bin/../lib/gcc/arm-elf/4.1.1/../../../../arm-elf/lib/interwork\libm.a(w_pow.o)
 .rodata.str1.4
                0x00031c00        0x8 c:/pixhawk/winarm/bin/../lib/gcc/arm-elf/4.1.1/../../../../arm-elf/lib/interwork\libm.a(w_sinh.o)
 *(.gnu.linkonce.r.*)
                0x00031c08                . = ALIGN (0x4)

.ctors          0x00031c08        0x0
                0x00031c08                PROVIDE (__ctors_start__, .)
 *(SORT(.ctors.*))
 *(.ctors)
                0x00031c08                PROVIDE (__ctors_end__, .)

.dtors          0x00031c08        0x0
                0x00031c08                PROVIDE (__dtors_start__, .)
 *(SORT(.dtors.*))
 *(.dtors)
                0x00031c08                PROVIDE (__dtors_end__, .)
                0x00031c08                . = ALIGN (0x4)
                0x00031c08                _etext = .
                0x00031c08                PROVIDE (etext, .)

.data           0x40000000      0x83c load address 0x00031c08
                0x40000000                _data = .
 *(.data)
 .data          0x40000000        0x0 build/obj/arm7/include/crt0.o
 .data          0x40000000        0x0 build/obj/main/mainloop_generic.o
 .data          0x40000000        0x0 build/obj/main/mainloop_fixed_wing.o
 .data          0x40000000        0x0 build/obj/main/mainloop_quadrotor.o
 .data          0x40000000        0x0 build/obj/main/mainloop_ground_car.o
 .data          0x40000000        0x0 build/obj/main/common_mainloop_functions.o
 .data          0x40000000        0x0 build/obj/math/lookup_sin_cos.o
 .data          0x40000000        0x0 build/obj/arm7/adc.o
 .data          0x40000000        0x0 build/obj/arm7/armVIC.o
 .data          0x40000000        0x0 build/obj/arm7/cam_trigger.o
 .data          0x40000000        0x0 build/obj/arm7/dac.o
 .data          0x40000000        0x0 build/obj/arm7/led.o
 .data          0x40000000        0x0 build/obj/arm7/spi.o
 .data          0x40000000        0x0 build/obj/arm7/i2c.o
 .data          0x40000000        0x0 build/obj/arm7/spi_devices/ads8341.o
 .data          0x40000000        0x0 build/obj/arm7/spi_devices/ms2100.o
 .data          0x40000000        0x0 build/obj/arm7/spi_devices/sca3100.o
 .data          0x40000000        0x0 build/obj/arm7/spi_devices/sca3000.o
 .data          0x40000000        0x0 build/obj/arm7/i2c_devices/bmp085.o
 .data          0x40000000        0x1 build/obj/arm7/i2c_devices/eeprom.o
 .data          0x40000001        0x0 build/obj/arm7/i2c_devices/i2c_motor_controller.o
 .data          0x40000001        0x0 build/obj/arm7/i2c_devices/i2c_motor_mikrokopter.o
 .data          0x40000001        0x2 build/obj/arm7/i2c_devices/hmc5843.o
                0x40000001                hmc5843_address
                0x40000002                hmc5843_bus
 *fill*         0x40000003        0x1 00
 .data          0x40000004        0x4 build/obj/arm7/ppm.o
 .data          0x40000008        0x0 build/obj/arm7/pwm.o
 .data          0x40000008        0x0 build/obj/arm7/sys_time.o
 .data          0x40000008        0x0 build/obj/arm7/uart.o
 .data          0x40000008        0x0 build/obj/comm/comm.o
 .data          0x40000008        0x0 build/obj/system/watchdog.o
 .data          0x40000008        0x0 build/obj/system/pid.o
 .data          0x40000008        0x0 build/obj/hal/shutter.o
 .data          0x40000008        0x0 build/obj/system/communication.o
 .data          0x40000008        0x0 build/obj/controllers/coaxial/control_position.o
 .data          0x40000008        0x0 build/obj/controllers/coaxial/control_attitude.o
 .data          0x40000008        0x0 build/obj/controllers/coaxial/control_yawSpeed.o
 .data          0x40000008        0x0 build/obj/controllers/coaxial/control_yaw_altitude.o
 .data          0x40000008        0x0 build/obj/controllers/quadrotor/control_quadrotor_attitude.o
 .data          0x40000008        0x0 build/obj/controllers/fixed_wing/control_fixed_wing_attitude.o
 .data          0x40000008        0x0 build/obj/controllers/quadrotor/control_quadrotor_position.o
 .data          0x40000008        0x0 build/obj/controllers/quadrotor/control_quadrotor_start_land.o
 .data          0x40000008        0x0 build/obj/system/remote_control.o
 .data          0x40000008        0x0 build/obj/system/debug.o
 .data          0x40000008        0x1 build/obj/system/params.o
                0x40000008                param_sizecheck
 .data          0x40000009        0x0 build/obj/fusion/altitude_kalman.o
 .data          0x40000009        0x0 build/obj/fusion/attitude_observer.o
 *fill*         0x40000009        0x3 00
 .data          0x4000000c        0x4 build/obj/fusion/position_kalman.o
                0x4000000c                xN
 .data          0x40000010        0x0 build/obj/fusion/vision_buffer.o
 .data          0x40000010        0x0 build/obj/fusion/attitude_compl_euler.o
 .data          0x40000010        0x0 build/obj/fusion/simple_altitude_moving_average.o
 .data          0x40000010        0x0 build/obj/fusion/least_square.o
 .data          0x40000010        0x0 build/obj/fusion/global_pos.o
 .data          0x40000010        0x0 build/obj/fusion/world_to_body.o
 .data          0x40000010        0x0 build/obj/fusion/position_kalman2.o
 .data          0x40000010       0x10 build/obj/fusion/position_kalman3.o
                0x40000014                minV
                0x40000010                maxV
                0x40000018                thresh
                0x4000001c                slope
 .data          0x40000020        0x0 build/obj/math/transformation.o
 .data          0x40000020        0x0 build/obj/math/geodetic/latlong.o
 .data          0x40000020        0x0 build/obj/arm7/sdfat/syscalls.o
 .data          0x40000020        0x0 build/obj/math/geodetic/gps_transformations.o
 .data          0x40000020        0x1 build/obj/hal/gps/gps_nmea.o
                0x40000020                nav_utm_zone0
 .data          0x40000021        0x0 build/obj/system/sys_state.o
 .data          0x40000021        0x0 build/obj/system/calibration.o
 .data          0x40000021        0x0 build/obj/main.o
 .data          0x40000021        0x0 c:/pixhawk/winarm/bin/../lib/gcc/arm-elf/4.1.1/../../../../arm-elf/lib/interwork\libc.a(atoi.o)
 .data          0x40000021        0x0 c:/pixhawk/winarm/bin/../lib/gcc/arm-elf/4.1.1/../../../../arm-elf/lib/interwork\libc.a(memcpy.o)
 .data          0x40000021        0x0 c:/pixhawk/winarm/bin/../lib/gcc/arm-elf/4.1.1/../../../../arm-elf/lib/interwork\libc.a(s_modf.o)
 .data          0x40000021        0x0 c:/pixhawk/winarm/bin/../lib/gcc/arm-elf/4.1.1/../../../../arm-elf/lib/interwork\libc.a(strncmp.o)
 .data          0x40000021        0x0 c:/pixhawk/winarm/bin/../lib/gcc/arm-elf/4.1.1/../../../../arm-elf/lib/interwork\libc.a(strncpy.o)
 .data          0x40000021        0x0 c:/pixhawk/winarm/bin/../lib/gcc/arm-elf/4.1.1/../../../../arm-elf/lib/interwork\libc.a(strtod.o)
 .data          0x40000021        0x0 c:/pixhawk/winarm/bin/../lib/gcc/arm-elf/4.1.1/../../../../arm-elf/lib/interwork\libc.a(strtol.o)
 *fill*         0x40000021        0x3 00
 .data          0x40000024        0x4 c:/pixhawk/winarm/bin/../lib/gcc/arm-elf/4.1.1/../../../../arm-elf/lib/interwork\libc.a(ctype_.o)
                0x40000024                __ctype_ptr
 .data          0x40000028      0x404 c:/pixhawk/winarm/bin/../lib/gcc/arm-elf/4.1.1/../../../../arm-elf/lib/interwork\libc.a(impure.o)
                0x40000028                _impure_ptr
 .data          0x4000042c        0x0 c:/pixhawk/winarm/bin/../lib/gcc/arm-elf/4.1.1/../../../../arm-elf/lib/interwork\libc.a(mprec.o)
 .data          0x4000042c        0x0 c:/pixhawk/winarm/bin/../lib/gcc/arm-elf/4.1.1/../../../../arm-elf/lib/interwork\libc.a(s_isnan.o)
 .data          0x4000042c        0x0 c:/pixhawk/winarm/bin/../lib/gcc/arm-elf/4.1.1/../../../../arm-elf/lib/interwork\libc.a(s_nan.o)
 .data          0x4000042c        0x0 c:/pixhawk/winarm/bin/../lib/gcc/arm-elf/4.1.1/../../../../arm-elf/lib/interwork\libc.a(sf_nan.o)
 .data          0x4000042c        0x0 c:/pixhawk/winarm/bin/../lib/gcc/arm-elf/4.1.1/../../../../arm-elf/lib/interwork\libc.a(callocr.o)
 .data          0x4000042c      0x410 c:/pixhawk/winarm/bin/../lib/gcc/arm-elf/4.1.1/../../../../arm-elf/lib/interwork\libc.a(mallocr.o)
                0x40000838                __malloc_sbrk_base
                0x4000042c                __malloc_av_
                0x40000834                __malloc_trim_threshold
 .data          0x4000083c        0x0 c:/pixhawk/winarm/bin/../lib/gcc/arm-elf/4.1.1/../../../../arm-elf/lib/interwork\libc.a(memset.o)
 .data          0x4000083c        0x0 c:/pixhawk/winarm/bin/../lib/gcc/arm-elf/4.1.1/../../../../arm-elf/lib/interwork\libc.a(mlock.o)
 .data          0x4000083c        0x0 c:/pixhawk/winarm/bin/../lib/gcc/arm-elf/4.1.1/../../../../arm-elf/lib/interwork\libc.a(freer.o)
 .data          0x4000083c        0x0 c:/pixhawk/winarm/bin/../lib/gcc/arm-elf/4.1.1/../../../../arm-elf/lib/interwork\libm.a(s_atan.o)
 .data          0x4000083c        0x0 c:/pixhawk/winarm/bin/../lib/gcc/arm-elf/4.1.1/../../../../arm-elf/lib/interwork\libm.a(s_cos.o)
 .data          0x4000083c        0x0 c:/pixhawk/winarm/bin/../lib/gcc/arm-elf/4.1.1/../../../../arm-elf/lib/interwork\libm.a(s_fabs.o)
 .data          0x4000083c        0x0 c:/pixhawk/winarm/bin/../lib/gcc/arm-elf/4.1.1/../../../../arm-elf/lib/interwork\libm.a(s_sin.o)
 .data          0x4000083c        0x0 c:/pixhawk/winarm/bin/../lib/gcc/arm-elf/4.1.1/../../../../arm-elf/lib/interwork\libm.a(s_tan.o)
 .data          0x4000083c        0x0 c:/pixhawk/winarm/bin/../lib/gcc/arm-elf/4.1.1/../../../../arm-elf/lib/interwork\libm.a(w_acos.o)
 .data          0x4000083c        0x0 c:/pixhawk/winarm/bin/../lib/gcc/arm-elf/4.1.1/../../../../arm-elf/lib/interwork\libm.a(w_asin.o)
 .data          0x4000083c        0x0 c:/pixhawk/winarm/bin/../lib/gcc/arm-elf/4.1.1/../../../../arm-elf/lib/interwork\libm.a(w_atan2.o)
 .data          0x4000083c        0x0 c:/pixhawk/winarm/bin/../lib/gcc/arm-elf/4.1.1/../../../../arm-elf/lib/interwork\libm.a(w_cosh.o)
 .data          0x4000083c        0x0 c:/pixhawk/winarm/bin/../lib/gcc/arm-elf/4.1.1/../../../../arm-elf/lib/interwork\libm.a(w_exp.o)
 .data          0x4000083c        0x0 c:/pixhawk/winarm/bin/../lib/gcc/arm-elf/4.1.1/../../../../arm-elf/lib/interwork\libm.a(w_log.o)
 .data          0x4000083c        0x0 c:/pixhawk/winarm/bin/../lib/gcc/arm-elf/4.1.1/../../../../arm-elf/lib/interwork\libm.a(w_pow.o)
 .data          0x4000083c        0x0 c:/pixhawk/winarm/bin/../lib/gcc/arm-elf/4.1.1/../../../../arm-elf/lib/interwork\libm.a(w_sinh.o)
 .data          0x4000083c        0x0 c:/pixhawk/winarm/bin/../lib/gcc/arm-elf/4.1.1/../../../../arm-elf/lib/interwork\libm.a(e_acos.o)
 .data          0x4000083c        0x0 c:/pixhawk/winarm/bin/../lib/gcc/arm-elf/4.1.1/../../../../arm-elf/lib/interwork\libm.a(e_asin.o)
 .data          0x4000083c        0x0 c:/pixhawk/winarm/bin/../lib/gcc/arm-elf/4.1.1/../../../../arm-elf/lib/interwork\libm.a(e_atan2.o)
 .data          0x4000083c        0x0 c:/pixhawk/winarm/bin/../lib/gcc/arm-elf/4.1.1/../../../../arm-elf/lib/interwork\libm.a(e_cosh.o)
 .data          0x4000083c        0x0 c:/pixhawk/winarm/bin/../lib/gcc/arm-elf/4.1.1/../../../../arm-elf/lib/interwork\libm.a(e_exp.o)
 .data          0x4000083c        0x0 c:/pixhawk/winarm/bin/../lib/gcc/arm-elf/4.1.1/../../../../arm-elf/lib/interwork\libm.a(e_log.o)
 .data          0x4000083c        0x0 c:/pixhawk/winarm/bin/../lib/gcc/arm-elf/4.1.1/../../../../arm-elf/lib/interwork\libm.a(e_pow.o)
 .data          0x4000083c        0x0 c:/pixhawk/winarm/bin/../lib/gcc/arm-elf/4.1.1/../../../../arm-elf/lib/interwork\libm.a(e_rem_pio2.o)
 .data          0x4000083c        0x0 c:/pixhawk/winarm/bin/../lib/gcc/arm-elf/4.1.1/../../../../arm-elf/lib/interwork\libm.a(e_sinh.o)
 .data          0x4000083c        0x0 c:/pixhawk/winarm/bin/../lib/gcc/arm-elf/4.1.1/../../../../arm-elf/lib/interwork\libm.a(e_sqrt.o)
 .data          0x4000083c        0x0 c:/pixhawk/winarm/bin/../lib/gcc/arm-elf/4.1.1/../../../../arm-elf/lib/interwork\libm.a(k_cos.o)
 .data          0x4000083c        0x0 c:/pixhawk/winarm/bin/../lib/gcc/arm-elf/4.1.1/../../../../arm-elf/lib/interwork\libm.a(k_rem_pio2.o)
 .data          0x4000083c        0x0 c:/pixhawk/winarm/bin/../lib/gcc/arm-elf/4.1.1/../../../../arm-elf/lib/interwork\libm.a(k_sin.o)
 .data          0x4000083c        0x0 c:/pixhawk/winarm/bin/../lib/gcc/arm-elf/4.1.1/../../../../arm-elf/lib/interwork\libm.a(k_tan.o)
 .data          0x4000083c        0x0 c:/pixhawk/winarm/bin/../lib/gcc/arm-elf/4.1.1/../../../../arm-elf/lib/interwork\libm.a(s_expm1.o)
 .data          0x4000083c        0x0 c:/pixhawk/winarm/bin/../lib/gcc/arm-elf/4.1.1/../../../../arm-elf/lib/interwork\libm.a(s_finite.o)
 .data          0x4000083c        0x0 c:/pixhawk/winarm/bin/../lib/gcc/arm-elf/4.1.1/../../../../arm-elf/lib/interwork\libm.a(s_floor.o)
 .data          0x4000083c        0x0 c:/pixhawk/winarm/bin/../lib/gcc/arm-elf/4.1.1/../../../../arm-elf/lib/interwork\libm.a(s_lib_ver.o)
 .data          0x4000083c        0x0 c:/pixhawk/winarm/bin/../lib/gcc/arm-elf/4.1.1/../../../../arm-elf/lib/interwork\libm.a(s_matherr.o)
 .data          0x4000083c        0x0 c:/pixhawk/winarm/bin/../lib/gcc/arm-elf/4.1.1/../../../../arm-elf/lib/interwork\libm.a(s_rint.o)
 .data          0x4000083c        0x0 c:/pixhawk/winarm/bin/../lib/gcc/arm-elf/4.1.1/../../../../arm-elf/lib/interwork\libm.a(s_scalbn.o)
 .data          0x4000083c        0x0 c:/pixhawk/winarm/bin/../lib/gcc/arm-elf/4.1.1/../../../../arm-elf/lib/interwork\libm.a(s_copysign.o)
 .data          0x4000083c        0x0 c:/pixhawk/winarm/bin/../lib/gcc/arm-elf/4.1.1/../../../../arm-elf/lib/interwork\libc.a(errno.o)
 .data          0x4000083c        0x0 c:/pixhawk/winarm/bin/../lib/gcc/arm-elf/4.1.1/interwork\libgcc.a(_udivsi3.o)
 .data          0x4000083c        0x0 c:/pixhawk/winarm/bin/../lib/gcc/arm-elf/4.1.1/interwork\libgcc.a(_divsi3.o)
 .data          0x4000083c        0x0 c:/pixhawk/winarm/bin/../lib/gcc/arm-elf/4.1.1/interwork\libgcc.a(_umodsi3.o)
 .data          0x4000083c        0x0 c:/pixhawk/winarm/bin/../lib/gcc/arm-elf/4.1.1/interwork\libgcc.a(_dvmd_tls.o)
 .data          0x4000083c        0x0 c:/pixhawk/winarm/bin/../lib/gcc/arm-elf/4.1.1/interwork\libgcc.a(_addsubdf3.o)
 .data          0x4000083c        0x0 c:/pixhawk/winarm/bin/../lib/gcc/arm-elf/4.1.1/interwork\libgcc.a(_muldivdf3.o)
 .data          0x4000083c        0x0 c:/pixhawk/winarm/bin/../lib/gcc/arm-elf/4.1.1/interwork\libgcc.a(_cmpdf2.o)
 .data          0x4000083c        0x0 c:/pixhawk/winarm/bin/../lib/gcc/arm-elf/4.1.1/interwork\libgcc.a(_fixdfsi.o)
 .data          0x4000083c        0x0 c:/pixhawk/winarm/bin/../lib/gcc/arm-elf/4.1.1/interwork\libgcc.a(_fixunsdfsi.o)
 .data          0x4000083c        0x0 c:/pixhawk/winarm/bin/../lib/gcc/arm-elf/4.1.1/interwork\libgcc.a(_truncdfsf2.o)
 .data          0x4000083c        0x0 c:/pixhawk/winarm/bin/../lib/gcc/arm-elf/4.1.1/interwork\libgcc.a(_addsubsf3.o)
 .data          0x4000083c        0x0 c:/pixhawk/winarm/bin/../lib/gcc/arm-elf/4.1.1/interwork\libgcc.a(_muldivsf3.o)
 .data          0x4000083c        0x0 c:/pixhawk/winarm/bin/../lib/gcc/arm-elf/4.1.1/interwork\libgcc.a(_cmpsf2.o)
 .data          0x4000083c        0x0 c:/pixhawk/winarm/bin/../lib/gcc/arm-elf/4.1.1/interwork\libgcc.a(_fixsfsi.o)
 .data          0x4000083c        0x0 c:/pixhawk/winarm/bin/../lib/gcc/arm-elf/4.1.1/interwork\libgcc.a(_fixunssfsi.o)
 .data          0x4000083c        0x0 c:/pixhawk/winarm/bin/../lib/gcc/arm-elf/4.1.1/interwork\libgcc.a(_cmpdi2.o)
 *(.data.*)
 *(.gnu.linkonce.d*)
                0x4000083c                . = ALIGN (0x4)
 *(.fastrun)
                0x4000083c                . = ALIGN (0x4)
                0x4000083c                _edata = .
                0x4000083c                PROVIDE (edata, .)

.stack          0x40000900     0x4000
                0x40004900                . = (. + STACK_SIZE)
 *fill*         0x40000900     0x4000 00
                0x40004900                PROVIDE (_stack, .)

.bss            0x40004900     0x2bc0
                0x40004900                __bss_start = .
                0x40004900                __bss_start__ = .
 *(.bss)
 .bss           0x40004900        0x0 build/obj/arm7/include/crt0.o
 .bss           0x40004900       0x5c build/obj/main/mainloop_generic.o
 .bss           0x4000495c        0x0 build/obj/main/mainloop_fixed_wing.o
 .bss           0x4000495c        0x0 build/obj/main/mainloop_quadrotor.o
 .bss           0x4000495c       0x18 build/obj/main/mainloop_ground_car.o
                0x4000495c                last_mainloop_idle
 .bss           0x40004974       0xa4 build/obj/main/common_mainloop_functions.o
 .bss           0x40004a18        0x0 build/obj/math/lookup_sin_cos.o
 .bss           0x40004a18        0x0 build/obj/arm7/adc.o
 .bss           0x40004a18        0x0 build/obj/arm7/armVIC.o
 .bss           0x40004a18        0x0 build/obj/arm7/cam_trigger.o
 .bss           0x40004a18        0x0 build/obj/arm7/dac.o
 .bss           0x40004a18        0x0 build/obj/arm7/led.o
 .bss           0x40004a18        0x0 build/obj/arm7/spi.o
 .bss           0x40004a18       0x18 build/obj/arm7/i2c.o
                0x40004a28                i2c0_permanent_error_count
                0x40004a20                i2c1stat_prior_state
                0x40004a18                i2c1_reject_count
                0x40004a1c                i2c1_permanent_error_count
                0x40004a2c                i2c0stat_prior_state
                0x40004a24                i2c0_reject_count
 .bss           0x40004a30        0x0 build/obj/arm7/spi_devices/ads8341.o
 .bss           0x40004a30        0x0 build/obj/arm7/spi_devices/ms2100.o
 .bss           0x40004a30        0x0 build/obj/arm7/spi_devices/sca3100.o
 .bss           0x40004a30        0x0 build/obj/arm7/spi_devices/sca3000.o
 .bss           0x40004a30        0x0 build/obj/arm7/i2c_devices/bmp085.o
 .bss           0x40004a30        0x1 build/obj/arm7/i2c_devices/eeprom.o
                0x40004a30                data_ready
 *fill*         0x40004a31        0x1 00
 .bss           0x40004a32        0x4 build/obj/arm7/i2c_devices/i2c_motor_controller.o
                0x40004a32                current_rpm
                0x40004a34                mot_rpm_data_ready
 .bss           0x40004a36        0x0 build/obj/arm7/i2c_devices/i2c_motor_mikrokopter.o
 .bss           0x40004a36        0x1 build/obj/arm7/i2c_devices/hmc5843.o
                0x40004a36                hmc5843_data_valid
 *fill*         0x40004a37        0x1 00
 .bss           0x40004a38        0x4 build/obj/arm7/ppm.o
 .bss           0x40004a3c        0x0 build/obj/arm7/pwm.o
 .bss           0x40004a3c        0xc build/obj/arm7/sys_time.o
                0x40004a3c                number_of_timer_overflow
                0x40004a40                m_clock_offset
 .bss           0x40004a48        0x0 build/obj/arm7/uart.o
 .bss           0x40004a48        0x0 build/obj/comm/comm.o
 .bss           0x40004a48        0x0 build/obj/system/watchdog.o
 .bss           0x40004a48        0x0 build/obj/system/pid.o
 .bss           0x40004a48       0x10 build/obj/hal/shutter.o
 .bss           0x40004a58      0x4a8 build/obj/system/communication.o
 .bss           0x40004f00        0x0 build/obj/controllers/coaxial/control_position.o
 .bss           0x40004f00        0x0 build/obj/controllers/coaxial/control_attitude.o
 .bss           0x40004f00        0x0 build/obj/controllers/coaxial/control_yawSpeed.o
 .bss           0x40004f00        0x0 build/obj/controllers/coaxial/control_yaw_altitude.o
 .bss           0x40004f00       0x54 build/obj/controllers/quadrotor/control_quadrotor_attitude.o
                0x40004f00                controller_counter
 .bss           0x40004f54        0x8 build/obj/controllers/fixed_wing/control_fixed_wing_attitude.o
 .bss           0x40004f5c        0x1 build/obj/controllers/quadrotor/control_quadrotor_position.o