Archive member included because of file (symbol)

c:/pixhawk/winarm/bin/../lib/gcc/arm-elf/4.1.1/../../../../arm-elf/lib/interwork\libc.a(atoi.o)
                              build/obj/hal/gps/gps_nmea.o (atoi)
c:/pixhawk/winarm/bin/../lib/gcc/arm-elf/4.1.1/../../../../arm-elf/lib/interwork\libc.a(memcpy.o)
                              build/obj/main/mainloop_generic.o (memcpy)
c:/pixhawk/winarm/bin/../lib/gcc/arm-elf/4.1.1/../../../../arm-elf/lib/interwork\libc.a(memset.o)
                              build/obj/fusion/kalman.o (memset)
c:/pixhawk/winarm/bin/../lib/gcc/arm-elf/4.1.1/../../../../arm-elf/lib/interwork\libc.a(s_modf.o)
                              build/obj/hal/gps/gps_nmea.o (modf)
c:/pixhawk/winarm/bin/../lib/gcc/arm-elf/4.1.1/../../../../arm-elf/lib/interwork\libc.a(strncmp.o)
                              build/obj/hal/gps/gps_nmea.o (strncmp)
c:/pixhawk/winarm/bin/../lib/gcc/arm-elf/4.1.1/../../../../arm-elf/lib/interwork\libc.a(strncpy.o)
                              build/obj/system/communication.o (strncpy)
c:/pixhawk/winarm/bin/../lib/gcc/arm-elf/4.1.1/../../../../arm-elf/lib/interwork\libc.a(strtod.o)
                              build/obj/hal/gps/gps_nmea.o (strtod)
c:/pixhawk/winarm/bin/../lib/gcc/arm-elf/4.1.1/../../../../arm-elf/lib/interwork\libc.a(strtol.o)
                              c:/pixhawk/winarm/bin/../lib/gcc/arm-elf/4.1.1/../../../../arm-elf/lib/interwork\libc.a(atoi.o) (_strtol_r)
c:/pixhawk/winarm/bin/../lib/gcc/arm-elf/4.1.1/../../../../arm-elf/lib/interwork\libc.a(ctype_.o)
                              c:/pixhawk/winarm/bin/../lib/gcc/arm-elf/4.1.1/../../../../arm-elf/lib/interwork\libc.a(strtol.o) (__ctype_ptr)
c:/pixhawk/winarm/bin/../lib/gcc/arm-elf/4.1.1/../../../../arm-elf/lib/interwork\libc.a(impure.o)
                              c:/pixhawk/winarm/bin/../lib/gcc/arm-elf/4.1.1/../../../../arm-elf/lib/interwork\libc.a(strtod.o) (_impure_ptr)
c:/pixhawk/winarm/bin/../lib/gcc/arm-elf/4.1.1/../../../../arm-elf/lib/interwork\libc.a(mprec.o)
                              c:/pixhawk/winarm/bin/../lib/gcc/arm-elf/4.1.1/../../../../arm-elf/lib/interwork\libc.a(strtod.o) (_Bfree)
c:/pixhawk/winarm/bin/../lib/gcc/arm-elf/4.1.1/../../../../arm-elf/lib/interwork\libc.a(s_isnan.o)
                              c:/pixhawk/winarm/bin/../lib/gcc/arm-elf/4.1.1/../../../../arm-elf/lib/interwork\libc.a(strtod.o) (isnan)
c:/pixhawk/winarm/bin/../lib/gcc/arm-elf/4.1.1/../../../../arm-elf/lib/interwork\libc.a(s_nan.o)
                              c:/pixhawk/winarm/bin/../lib/gcc/arm-elf/4.1.1/../../../../arm-elf/lib/interwork\libc.a(strtod.o) (nan)
c:/pixhawk/winarm/bin/../lib/gcc/arm-elf/4.1.1/../../../../arm-elf/lib/interwork\libc.a(sf_nan.o)
                              c:/pixhawk/winarm/bin/../lib/gcc/arm-elf/4.1.1/../../../../arm-elf/lib/interwork\libc.a(strtod.o) (nanf)
c:/pixhawk/winarm/bin/../lib/gcc/arm-elf/4.1.1/../../../../arm-elf/lib/interwork\libc.a(callocr.o)
                              c:/pixhawk/winarm/bin/../lib/gcc/arm-elf/4.1.1/../../../../arm-elf/lib/interwork\libc.a(mprec.o) (_calloc_r)
c:/pixhawk/winarm/bin/../lib/gcc/arm-elf/4.1.1/../../../../arm-elf/lib/interwork\libc.a(mallocr.o)
                              c:/pixhawk/winarm/bin/../lib/gcc/arm-elf/4.1.1/../../../../arm-elf/lib/interwork\libc.a(callocr.o) (_malloc_r)
c:/pixhawk/winarm/bin/../lib/gcc/arm-elf/4.1.1/../../../../arm-elf/lib/interwork\libc.a(mlock.o)
                              c:/pixhawk/winarm/bin/../lib/gcc/arm-elf/4.1.1/../../../../arm-elf/lib/interwork\libc.a(mallocr.o) (__malloc_lock)
c:/pixhawk/winarm/bin/../lib/gcc/arm-elf/4.1.1/../../../../arm-elf/lib/interwork\libc.a(freer.o)
                              c:/pixhawk/winarm/bin/../lib/gcc/arm-elf/4.1.1/../../../../arm-elf/lib/interwork\libc.a(mallocr.o) (_free_r)
c:/pixhawk/winarm/bin/../lib/gcc/arm-elf/4.1.1/../../../../arm-elf/lib/interwork\libm.a(s_atan.o)
                              build/obj/math/geodetic/latlong.o (atan)
c:/pixhawk/winarm/bin/../lib/gcc/arm-elf/4.1.1/../../../../arm-elf/lib/interwork\libm.a(s_cos.o)
                              build/obj/controllers/quadrotor/control_quadrotor_attitude.o (cos)
c:/pixhawk/winarm/bin/../lib/gcc/arm-elf/4.1.1/../../../../arm-elf/lib/interwork\libm.a(s_fabs.o)
                              c:/pixhawk/winarm/bin/../lib/gcc/arm-elf/4.1.1/../../../../arm-elf/lib/interwork\libm.a(s_atan.o) (fabs)
c:/pixhawk/winarm/bin/../lib/gcc/arm-elf/4.1.1/../../../../arm-elf/lib/interwork\libm.a(s_sin.o)
                              build/obj/fusion/attitude_observer.o (sin)
c:/pixhawk/winarm/bin/../lib/gcc/arm-elf/4.1.1/../../../../arm-elf/lib/interwork\libm.a(s_tan.o)
                              build/obj/math/geodetic/latlong.o (tan)
c:/pixhawk/winarm/bin/../lib/gcc/arm-elf/4.1.1/../../../../arm-elf/lib/interwork\libm.a(w_acos.o)
                              build/obj/controllers/coaxial/control_attitude.o (acos)
[...]
Memory Configuration

Name             Origin             Length             Attributes
ROM              0x00004000         0x00079000         xr
RAM              0x40000000         0x00008000         rw
*default*        0x00000000         0xffffffff

Linker script and memory map

LOAD build/obj/arm7/include/crt0.o
LOAD build/obj/main/mainloop_generic.o
LOAD build/obj/main/mainloop_fixed_wing.o
LOAD build/obj/main/mainloop_quadrotor.o
LOAD build/obj/main/mainloop_ground_car.o
LOAD build/obj/main/common_mainloop_functions.o
LOAD build/obj/math/lookup_sin_cos.o
LOAD build/obj/arm7/adc.o
LOAD build/obj/arm7/armVIC.o
LOAD build/obj/arm7/cam_trigger.o
LOAD build/obj/arm7/dac.o
LOAD build/obj/arm7/led.o
LOAD build/obj/arm7/spi.o
LOAD build/obj/arm7/i2c.o
LOAD build/obj/arm7/spi_devices/ads8341.o
LOAD build/obj/arm7/spi_devices/ms2100.o
LOAD build/obj/arm7/spi_devices/sca3100.o
LOAD build/obj/arm7/spi_devices/adns9500.o
LOAD build/obj/arm7/spi_devices/sca3000.o
LOAD build/obj/arm7/i2c_devices/bmp085.o
LOAD build/obj/arm7/i2c_devices/eeprom.o
LOAD build/obj/arm7/i2c_devices/i2c_motor_controller.o
LOAD build/obj/arm7/i2c_devices/i2c_motor_mikrokopter.o
LOAD build/obj/arm7/i2c_devices/hmc5843.o
LOAD build/obj/arm7/ppm.o
LOAD build/obj/arm7/pwm.o
LOAD build/obj/arm7/sys_time.o
LOAD build/obj/arm7/uart.o
LOAD build/obj/comm/comm.o
LOAD build/obj/system/watchdog.o
LOAD build/obj/system/pid.o
LOAD build/obj/hal/shutter.o
LOAD build/obj/system/communication.o
LOAD build/obj/controllers/coaxial/control_position.o
LOAD build/obj/controllers/coaxial/control_attitude.o
LOAD build/obj/controllers/coaxial/control_yawSpeed.o
LOAD build/obj/controllers/coaxial/control_yaw_altitude.o
LOAD build/obj/controllers/quadrotor/control_quadrotor_attitude.o
LOAD build/obj/controllers/fixed_wing/control_fixed_wing_attitude.o
LOAD build/obj/controllers/quadrotor/control_quadrotor_position.o
LOAD build/obj/controllers/quadrotor/control_quadrotor_start_land.o
LOAD build/obj/system/remote_control.o
LOAD build/obj/system/debug.o
LOAD build/obj/system/params.o
LOAD build/obj/fusion/altitude_kalman.o
LOAD build/obj/fusion/attitude_observer.o
LOAD build/obj/fusion/position_kalman.o
LOAD build/obj/fusion/vision_buffer.o
LOAD build/obj/fusion/kalman.o
LOAD build/obj/fusion/outdoor_position_kalman.o
LOAD build/obj/fusion/vision_position_kalman.o
LOAD build/obj/fusion/attitude_compl_euler.o
LOAD build/obj/fusion/simple_altitude_moving_average.o
LOAD build/obj/fusion/least_square.o
LOAD build/obj/fusion/global_pos.o
LOAD build/obj/fusion/world_to_body.o
LOAD build/obj/fusion/position_kalman2.o
LOAD build/obj/fusion/position_kalman3.o
LOAD build/obj/math/transformation.o
LOAD build/obj/math/matrix.o
LOAD build/obj/math/geodetic/latlong.o
LOAD build/obj/arm7/sdfat/syscalls.o
LOAD build/obj/math/geodetic/gps_transformations.o
LOAD build/obj/hal/gps/gps_nmea.o
LOAD build/obj/system/sys_state.o
LOAD build/obj/system/calibration.o
LOAD build/obj/main.o
LOAD c:/pixhawk/winarm/bin/../lib/gcc/arm-elf/4.1.1/../../../../arm-elf/lib/interwork\libc.a
LOAD c:/pixhawk/winarm/bin/../lib/gcc/arm-elf/4.1.1/../../../../arm-elf/lib/interwork\libm.a
LOAD c:/pixhawk/winarm/bin/../lib/gcc/arm-elf/4.1.1/../../../../arm-elf/lib/interwork\libc.a
LOAD c:/pixhawk/winarm/bin/../lib/gcc/arm-elf/4.1.1/interwork\libgcc.a
START GROUP
LOAD c:/pixhawk/winarm/bin/../lib/gcc/arm-elf/4.1.1/interwork\libgcc.a
LOAD c:/pixhawk/winarm/bin/../lib/gcc/arm-elf/4.1.1/../../../../arm-elf/lib/interwork\libc.a
END GROUP
                0x00004000                STACK_SIZE = 0x4000

.text           0x00004000    0x313fc
 *(.init)
 .init          0x00004000      0x13c build/obj/arm7/include/crt0.o
                0x00004114                reset
                0x00004000                _boot
                0x00004050                _mainCRTStartup
                0x00004114                abort
                0x00004050                _start
                0x00004114                _reset
                0x00004114                exit
                0x00004050                start
 *(.text .text.*)
 .text          0x0000413c        0x0 build/obj/arm7/include/crt0.o
 .text          0x0000413c     0x2880 build/obj/main/mainloop_generic.o
                0x00005700                main_init_generic
                0x0000413c                main_loop_generic
 .text          0x000069bc        0x0 build/obj/main/mainloop_fixed_wing.o
 .text          0x000069bc        0x0 build/obj/main/mainloop_quadrotor.o
 .text          0x000069bc      0x87c build/obj/main/mainloop_ground_car.o
                0x00007228                main_init_ground_car
                0x000069bc                main_loop_ground_car
 .text          0x00007238     0x3c18 build/obj/main/common_mainloop_functions.o
                0x00007304                us_run_every
                0x00008678                control_camera_angle
                0x00007238                sync_state_parameters
                0x0000871c                rc_to_255
                0x00008654                position_integrate
                0x0000a424                send_system_state
                0x000084d8                communication_send_controller_feedback
                0x000072d4                measure_peak_cpu_load
                0x00007500                adc_read
                0x0000726c                beep_on_low_voltage
                0x00007704                handle_eeprom_write_request
                0x000099d4                communication_send_attitude_position
                0x00008818                camera_shutter_handling
                0x000092f4                communication_send_remote_control
                0x00008be8                fuse_vision_altitude_200hz
                0x00009644                communication_send_raw_data
                0x00007340                update_system_statemachine
                0x000072dc                measure_avg_cpu_load
                0x000072e4                us_run_init
                0x00008424                handle_reset_request
                0x00008e2c                handle_controller_timeouts
 .text          0x0000ae50      0x204 build/obj/math/lookup_sin_cos.o
                0x0000b02c                lookup_cos
                0x0000ae50                lookup_sin
 .text          0x0000b054      0x144 build/obj/arm7/adc.o
                0x0000b0c4                adc_get_value
                0x0000b054                adc_init
 .text          0x0000b198       0x78 build/obj/arm7/armVIC.o
                0x0000b198                restoreIRQ
                0x0000b1e0                enableFIQ
                0x0000b1d0                disableFIQ
                0x0000b200                enableIRQ
                0x0000b1b4                restoreFIQ
                0x0000b1f0                disableIRQ
 .text          0x0000b210        0x4 build/obj/arm7/cam_trigger.o
                0x0000b210                cam_trigger_init
 .text          0x0000b214        0x0 build/obj/arm7/dac.o
 .text          0x0000b214      0x14c build/obj/arm7/led.o
                0x0000b214                led_on
                0x0000b300                led_toggle
                0x0000b25c                led_off
                0x0000b2a4                led_init
 .text          0x0000b360      0x2b8 build/obj/arm7/spi.o
                0x0000b3a0                spi_number_of_packages_in_buffer
                0x0000b4f4                spi_transmit_srom
                0x0000b360                spi_init
                0x0000b398                spi_running
                0x0000b444                spi_adns9500_read_reg_transmit
                0x0000b3a8                spi_transmit
 .text          0x0000b618     0x121c build/obj/arm7/i2c.o
                0x0000b948                i2c_write_read
                0x0000b820                i2c1_op
                0x0000b714                i2c0_op
                0x0000b618                i2c_init
                0x0000b92c                i2c_op
 .text          0x0000c834      0x1c4 build/obj/arm7/spi_devices/ads8341.o
                0x0000c85c                ads8341_init
                0x0000c914                ads8341_get_value
                0x0000c938                ads8341_read
 .text          0x0000c9f8      0x660 build/obj/arm7/spi_devices/ms2100.o
                0x0000cbdc                ms2100_get_status
                0x0000cbec                ms2100_get_value
                0x0000ca7c                ms2100_init
                0x0000ce34                ms2100_do_before_spi_transmit
                0x0000cff0                ms2100_send_request
 .text          0x0000d058      0x47c build/obj/arm7/spi_devices/sca3100.o
                0x0000d0ac                sca3100_read_int_status
                0x0000d168                sca3100_init
                0x0000d1a8                sca3100_read_res
                0x0000d088                sca3100_get_value
                0x0000d10c                sca3100_reset_porst_bit
 .text          0x0000d4d4      0xac8 build/obj/arm7/spi_devices/adns9500.o
                0x0000dc7c                adns9500_1_srom_download
                0x0000d9e0                adns9500_1_read_sensor
                0x0000daa0                check_connection
                0x0000d860                adns9500_2_read_reg
                0x0000d58c                my_delay
                0x0000d980                adns9500_1_read_reg
                0x0000dcc4                adns9500_1_power_up_sequence
                0x0000d6ac                us_delay
                0x0000d79c                adns9500_1_write_srom
                0x0000d548                adns9500_on_spi_write_srom
                0x0000d4ec                adns9500_1_unselect
                0x0000dc10                adns9500_1_write_reg
                0x0000db44                adns9500_2_srom_download
                0x0000dad8                adns9500_2_write_reg
                0x0000ddcc                adns9500_read_motion_burst
                0x0000d580                set_bits
                0x0000d5cc                adns9500_1_on_spi_read_reg
                0x0000d8c0                adns9500_2_read_sensor
                0x0000d51c                adns9500_2_unselect
                0x0000d5c0                delay_us
                0x0000d69c                adns9500_2_get_value
                0x0000dd48                adns9500_init
                0x0000d534                adns9500_on_spi_write_reg
                0x0000d68c                adns9500_1_get_value
                0x0000d62c                adns9500_2_on_spi_read_reg
                0x0000d570                clear_bits
                0x0000db8c                adns9500_2_power_up_sequence
                0x0000d504                adns9500_2_select
                0x0000d4d4                adns9500_1_select
                0x0000d6d8                adns9500_2_write_srom
 .text          0x0000df9c        0x0 build/obj/arm7/spi_devices/sca3000.o
 .text          0x0000df9c      0x614 build/obj/arm7/i2c_devices/bmp085.o
                0x0000e324                bmp085_read_chip_id_on_init
                0x0000e51c                bmp085_start_temp_measurement
                0x0000df9c                bmp085_store_cal_param_on_init
                0x0000e208                bmp085_start_measurement_read
                0x0000e440                bmp085_start_pressure_measurement
                0x0000e284                bmp085_get_cal_param
                0x0000e0b8                bmp085_get_temperature
                0x0000e10c                bmp085_get_pressure
                0x0000e3b4                bmp085_init
                0x0000e058                bmp085_save_measurement
                0x0000e300                bmp085_read_version_on_init
 .text          0x0000e5b0      0x2a0 build/obj/arm7/i2c_devices/eeprom.o
                0x0000e7bc                eeprom_write
                0x0000e680                eeprom_check_handler
                0x0000e5f4                eeprom_read_data
                0x0000e6c0                eeprom_check_start
                0x0000e640                eeprom_check_ok
                0x0000e730                eeprom_start_read
 .text          0x0000e850      0x128 build/obj/arm7/i2c_devices/i2c_motor_controller.o
                0x0000e930                motor_i2c_set_rpm
                0x0000e88c                motor_i2c_get_rpm
 .text          0x0000e978       0x40 build/obj/arm7/i2c_devices/i2c_motor_mikrokopter.o
                0x0000e978                motor_i2c_set_pwm
 .text          0x0000e9b8      0x2e0 build/obj/arm7/i2c_devices/hmc5843.o
                0x0000eb9c                hmc5843_init
                0x0000ea10                hmc5843_read_handler
                0x0000e9b8                hmc5843_get_data
                0x0000e9ec                twos_complement_decode16
                0x0000e9dc                hmc5843_data_ok
                0x0000ead4                hmc5843_start_read
 .text          0x0000ec98      0x1a0 build/obj/arm7/ppm.o
                0x0000ed7c                PPM_ISR
                0x0000eca8                ppm_get_channel
                0x0000ed18                ppm_init
                0x0000ec98                ppm_is_valid
 .text          0x0000ee38      0x254 build/obj/arm7/pwm.o
                0x0000ef50                PWM_ISR
                0x0000ee7c                pwm_init
                0x0000ee38                pwm_set_channel
 .text          0x0000f08c      0x32c build/obj/arm7/sys_time.o
                0x0000f2ec                TIMER0_ISR
                0x0000f288                sys_time_clock_set_unix_offset
                0x0000f2cc                sys_time_clock_to_local_time
                0x0000f120                SYS_TIME_PERIODIC_ISR
                0x0000f298                sys_time_clock_get_unix_offset
                0x0000f150                sys_time_periodic
                0x0000f1cc                sys_time_clock_get_time_usec
                0x0000f18c                sys_time_clock_init
                0x0000f08c                timer0_init
                0x0000f2a8                sys_time_clock_get_unix_time
                0x0000f0ec                sys_time_periodic_init
                0x0000f0e8                sys_time_init
                0x0000f174                SYS_TIME_CLOCK_ISR
 .text          0x0000f3b8      0x928 build/obj/arm7/uart.o
                0x0000f76c                uart0_get_char
                0x0000f3f4                uart1_char_available
                0x0000fb78                uart0_transmit
                0x0000f460                uart1_init
                0x0000f8d0                uart0_ISR
                0x0000f3b8                uart1_check_free_space
                0x0000f57c                uart1_ISR
                0x0000f7b4                uart0_init
                0x0000fae8                uart1_get_received_bytes
                0x0000fa58                uart0_get_received_bytes
                0x0000f70c                uart0_check_free_space
                0x0000f748                uart0_char_available
                0x0000fc2c                uart1_transmit
                0x0000f418                uart1_get_char
 .text          0x0000fce0      0x148 build/obj/comm/comm.o
                0x0000fd28                comm_send_ch
                0x0000fdec                comm_init
                0x0000fdb4                comm_ch_available
                0x0000fce0                comm_check_free_space
                0x0000fd84                comm_get_ch
 .text          0x0000fe28       0x34 build/obj/system/watchdog.o
                0x0000fe50                watchdog_wait_reset
                0x0000fe28                watchdog_kick
                0x0000fe40                watchdog_init
 .text          0x0000fe5c      0x1a4 build/obj/system/pid.o
                0x0000fec0                pid_calculate
                0x0000fe5c                pid_init
                0x0000fea8                pid_set_parameters
 .text          0x00010000      0x1ec build/obj/hal/shutter.o
                0x000101a0                shutter_init
                0x000100b0                shutter_get_seq
                0x00010000                shutter_control
                0x000100c0                shutter_loop
                0x00010024                shutter_set
 .text          0x000101ec     0x3560 build/obj/system/communication.o
                0x00010358                communication_init
                0x0001256c                communication_receive
                0x000133e4                communication_queued_send
                0x000102fc                communication_get_uart_drop_rate
                0x000105dc                handle_mavlink_message
                0x00010434                execute_action
 .text          0x0001374c      0x938 build/obj/controllers/coaxial/control_position.o
                0x0001374c                control_position
 .text          0x00014084      0x5f0 build/obj/controllers/coaxial/control_attitude.o
                0x00014084                control_attitude
 .text          0x00014674       0x9c build/obj/controllers/coaxial/control_yawSpeed.o
                0x00014674                control_yawSpeed
 .text          0x00014710      0x4a8 build/obj/controllers/coaxial/control_yaw_altitude.o
                0x00014710                control_yaw_altitude
 .text          0x00014bb8      0xf48 build/obj/controllers/quadrotor/control_quadrotor_attitude.o
                0x00014c94                control_quadrotor_attitude
                0x00014bb8                control_quadrotor_attitude_init
 .text          0x00015b00      0x1c8 build/obj/controllers/fixed_wing/control_fixed_wing_attitude.o
                0x00015b04                control_fixed_wing_attitude
                0x00015b00                control_fixed_wing_attitude_init
 .text          0x00015cc8      0x308 build/obj/controllers/quadrotor/control_quadrotor_position.o
                0x00015f04                control_quadrotor_position_init
                0x00015cc8                control_quadrotor_position
 .text          0x00015fd0      0x5a0 build/obj/controllers/quadrotor/control_quadrotor_start_land.o
                0x00016104                quadrotor_start_land_handler
                0x00015fd0                quadrotor_start_land_motor_thrust
 .text          0x00016570      0x538 build/obj/system/remote_control.o
                0x00016570                remote_control
 .text          0x00016aa8      0x88c build/obj/system/debug.o
                0x00016aac                debug_message_buffer
                0x00016aa8                debug_message_init
                0x00016d1c                debug_vect
                0x00016b6c                debug_message_send_immediate
                0x00017034                debug_message_send_one
                0x00016b38                debug_message_buffer_sprintf
 .text          0x00017334      0x394 build/obj/system/params.o
                0x0001752c                param_handler
                0x00017498                param_write
                0x000173b4                param_read_update
                0x0001747c                param_start_read
                0x0001737c                param_write_all
                0x00017344                param_read_all
                0x00017334                param_size_check
 .text          0x000176c8      0xb80 build/obj/fusion/altitude_kalman.o
                0x000176c8                altitude_kalman
 .text          0x00018248      0x5dc build/obj/fusion/attitude_observer.o
                0x00018248                attitude_observer_init
                0x00018544                attitude_observer_correct_magnet
                0x00018290                attitude_observer_predict
                0x00018618                attitude_observer_get_angles
                0x0001845c                attitude_observer_correct_accel
 .text          0x00018824     0x1368 build/obj/fusion/position_kalman.o
                0x00018868                x_position_kalman
                0x00019770                position_kalman
                0x00018824                position_kalman_init
 .text          0x00019b8c      0x660 build/obj/fusion/vision_buffer.o
                0x00019c84                vision_buffer_handle_data
                0x00019bb8                vision_buffer_buffer_camera_triggered
                0x00019b8c                vision_buffer_buffer_init
 .text          0x0001a1ec      0x3f0 build/obj/fusion/kalman.o
                0x0001a334                kalman_correct
                0x0001a200                kalman_init
                0x0001a2f0                kalman_predict
                0x0001a1ec                kalman_get_state
 .text          0x0001a5dc      0x5a0 build/obj/fusion/outdoor_position_kalman.o
                0x0001a7a8                outdoor_position_kalman
                0x0001a5dc                outdoor_position_kalman_init
                0x0001a708                altitude_set_local_origin
 .text          0x0001ab7c      0x4b0 build/obj/fusion/vision_position_kalman.o
                0x0001ab7c                vision_position_kalman_init
                0x0001aca8                vision_position_kalman
 .text          0x0001b02c     0x1020 build/obj/fusion/attitude_compl_euler.o
                0x0001b02c                complimentary_filter_predict_rad
 .text          0x0001c04c      0x134 build/obj/fusion/simple_altitude_moving_average.o
                0x0001c04c                simple_altitude_moving_average
 .text          0x0001c180      0x258 build/obj/fusion/least_square.o
                0x0001c180                least_square
 .text          0x0001c3d8       0x74 build/obj/fusion/global_pos.o
                0x0001c3d8                global_pos
 .text          0x0001c44c      0x3f4 build/obj/fusion/world_to_body.o
                0x0001c44c                world_to_body
 .text          0x0001c840     0x4e10 build/obj/fusion/position_kalman2.o
                0x0001c840                kalman2_init
                0x0001e188                y_position_kalman2
                0x0001c884                x_position_kalman2
                0x0001fa9c                z_position_kalman2
 .text          0x00021650      0xd70 build/obj/fusion/position_kalman3.o
                0x00021f58                z_position_kalman3
                0x00021680                x_position_kalman3
                0x00021650                position_kalman3_init
                0x00021af0                y_position_kalman3
 .text          0x000223c0      0x5d4 build/obj/math/transformation.o
                0x000223c0                navi2body
                0x00022884                turn_xy_plane
                0x00022988                body2navi_xy_plane
                0x00022990                navi2body_xy_plane
                0x000223c4                body2navi
 .text          0x00022994      0x550 build/obj/math/matrix.o
                0x0002299c                matrix_mult_element
                0x00022dd8                matrix_add
                0x00022994                matrix_create
                0x00022aa8                matrix_mult_scalar
                0x00022ccc                matrix_sub
                0x00022b78                matrix_mult
 .text          0x00022ee4      0x720 build/obj/math/geodetic/latlong.o
                0x00022ee4                latlong_utm_of
                0x0002326c                latlong_of_utm
 .text          0x00023604       0x60 build/obj/arm7/sdfat/syscalls.o
                0x0002361c                _lseek_r
                0x00023624                _fstat_r
                0x00023634                isatty
                0x0002363c                _sbrk_r
                0x00023604                _read_r
                0x00023614                _close_r
                0x0002360c                _write_r
 .text          0x00023664      0x54c build/obj/math/geodetic/gps_transformations.o
                0x00023740                gps_send_local_origin
                0x00023960                gps_set_local_origin
                0x00023a40                gps_get_local_position
                0x00023664                gps_get_local_velocity
 .text          0x00023bb0      0x988 build/obj/hal/gps/gps_nmea.o
                0x000242f0                parse_nmea_GPGSA
                0x00023bb0                ubxsend_cfg_rst
                0x000243ac                parse_gps_msg
                0x00023bc4                parse_nmea
                0x00023bb4                GpsFixValid
                0x00023c90                parse_nmea_GPRMC
                0x00023e30                parse_nmea_GPGGA
 .text          0x00024538      0x1ac build/obj/system/sys_state.o
                0x0002456c                sys_get_state
                0x0002455c                sys_get_mode
                0x0002458c                sys_set_nav_mode
                0x00024630                sys_set_mode
                0x0002459c                sys_set_state
                0x0002457c                sys_set_type
                0x00024538                sys_state_is_flying
 .text          0x000246e4      0x6e4 build/obj/system/calibration.o
                0x00024ccc                start_rc_calibration
                0x000246e4                start_mag_calibration
                0x000246e8                calibration_exit
                0x00024ba4                start_gyro_calibration
                0x00024cac                start_pressure_calibration
                0x0002476c                calibration_enter
 .text          0x00024dc8       0x18 build/obj/main.o
                0x00024dc8                main
 .text          0x00024de0       0x30 c:/pixhawk/winarm/bin/../lib/gcc/arm-elf/4.1.1/../../../../arm-elf/lib/interwork\libc.a(atoi.o)
                0x00024de0                _atoi_r
                0x00024df8                atoi
 .text          0x00024e10       0x20 c:/pixhawk/winarm/bin/../lib/gcc/arm-elf/4.1.1/../../../../arm-elf/lib/interwork\libc.a(memcpy.o)
                0x00024e10                memcpy
 .text          0x00024e30       0x1c c:/pixhawk/winarm/bin/../lib/gcc/arm-elf/4.1.1/../../../../arm-elf/lib/interwork\libc.a(memset.o)
                0x00024e30                memset
 .text          0x00024e4c      0x178 c:/pixhawk/winarm/bin/../lib/gcc/arm-elf/4.1.1/../../../../arm-elf/lib/interwork\libc.a(s_modf.o)
                0x00024e4c                modf
 .text          0x00024fc4       0x50 c:/pixhawk/winarm/bin/../lib/gcc/arm-elf/4.1.1/../../../../arm-elf/lib/interwork\libc.a(strncmp.o)
                0x00024fc4                strncmp
 .text          0x00025014       0x4c c:/pixhawk/winarm/bin/../lib/gcc/arm-elf/4.1.1/../../../../arm-elf/lib/interwork\libc.a(strncpy.o)
                0x00025014                strncpy
 .text          0x00025060      0xf60 c:/pixhawk/winarm/bin/../lib/gcc/arm-elf/4.1.1/../../../../arm-elf/lib/interwork\libc.a(strtod.o)
                0x00025060                _strtod_r
                0x00025fa4                strtod
                0x00025f50                strtof
 .text          0x00025fc0      0x1c4 c:/pixhawk/winarm/bin/../lib/gcc/arm-elf/4.1.1/../../../../arm-elf/lib/interwork\libc.a(strtol.o)
                0x00026158                strtol
                0x00025fc0                _strtol_r
 .text          0x00026184        0x0 c:/pixhawk/winarm/bin/../lib/gcc/arm-elf/4.1.1/../../../../arm-elf/lib/interwork\libc.a(ctype_.o)
 .text          0x00026184        0x0 c:/pixhawk/winarm/bin/../lib/gcc/arm-elf/4.1.1/../../../../arm-elf/lib/interwork\libc.a(impure.o)
 .text          0x00026184      0xb50 c:/pixhawk/winarm/bin/../lib/gcc/arm-elf/4.1.1/../../../../arm-elf/lib/interwork\libc.a(mprec.o)
                0x00026478                _mprec_log10
                0x000261a0                _hi0bits
                0x000264e4                _Balloc
                0x00026578                _d2b
                0x00026890                _multiply
                0x000263fc                _ratio
                0x00026bf0                _s2b
                0x00026a28                _i2b
                0x000261f8                _lo0bits
                0x00026288                __mcmp
                0x00026b14                _pow5mult
                0x000262e8                _ulp
                0x00026348                _b2d
                0x00026a4c                _multadd
                0x0002668c                __mdiff
                0x000267b0                _lshift
                0x00026184                _Bfree
 .text          0x00026cd4       0x20 c:/pixhawk/winarm/bin/../lib/gcc/arm-elf/4.1.1/../../../../arm-elf/lib/interwork\libc.a(s_isnan.o)
                0x00026cd4                isnan
 .text          0x00026cf4       0x10 c:/pixhawk/winarm/bin/../lib/gcc/arm-elf/4.1.1/../../../../arm-elf/lib/interwork\libc.a(s_nan.o)
                0x00026cf4                nan
 .text          0x00026d04        0xc c:/pixhawk/winarm/bin/../lib/gcc/arm-elf/4.1.1/../../../../arm-elf/lib/interwork\libc.a(sf_nan.o)
                0x00026d04                nanf
 .text          0x00026d10       0x9c c:/pixhawk/winarm/bin/../lib/gcc/arm-elf/4.1.1/../../../../arm-elf/lib/interwork\libc.a(callocr.o)
                0x00026d10                _calloc_r
 .text          0x00026dac      0x688 c:/pixhawk/winarm/bin/../lib/gcc/arm-elf/4.1.1/../../../../arm-elf/lib/interwork\libc.a(mallocr.o)
                0x00026dac                _malloc_r
 .text          0x00027434        0x8 c:/pixhawk/winarm/bin/../lib/gcc/arm-elf/4.1.1/../../../../arm-elf/lib/interwork\libc.a(mlock.o)
                0x00027438                __malloc_unlock
                0x00027434                __malloc_lock
 .text          0x0002743c      0x35c c:/pixhawk/winarm/bin/../lib/gcc/arm-elf/4.1.1/../../../../arm-elf/lib/interwork\libc.a(freer.o)
                0x00027538                _free_r
                0x0002743c                _malloc_trim_r
 .text          0x00027798      0x4dc c:/pixhawk/winarm/bin/../lib/gcc/arm-elf/4.1.1/../../../../arm-elf/lib/interwork\libm.a(s_atan.o)
                0x00027798                atan
 .text          0x00027c74       0xd8 c:/pixhawk/winarm/bin/../lib/gcc/arm-elf/4.1.1/../../../../arm-elf/lib/interwork\libm.a(s_cos.o)
                0x00027c74                cos
 .text          0x00027d4c       0x1c c:/pixhawk/winarm/bin/../lib/gcc/arm-elf/4.1.1/../../../../arm-elf/lib/interwork\libm.a(s_fabs.o)
                0x00027d4c                fabs
 .text          0x00027d68       0xe0 c:/pixhawk/winarm/bin/../lib/gcc/arm-elf/4.1.1/../../../../arm-elf/lib/interwork\libm.a(s_sin.o)
                0x00027d68                sin
 .text          0x00027e48       0x88 c:/pixhawk/winarm/bin/../lib/gcc/arm-elf/4.1.1/../../../../arm-elf/lib/interwork\libm.a(s_tan.o)
                0x00027e48                tan
 .text          0x00027ed0       0xf8 c:/pixhawk/winarm/bin/../lib/gcc/arm-elf/4.1.1/../../../../arm-elf/lib/interwork\libm.a(w_acos.o)
                0x00027ed0                acos
 .text          0x00027fc8       0xf8 c:/pixhawk/winarm/bin/../lib/gcc/arm-elf/4.1.1/../../../../arm-elf/lib/interwork\libm.a(w_asin.o)
                0x00027fc8                asin
 .text          0x000280c0      0x128 c:/pixhawk/winarm/bin/../lib/gcc/arm-elf/4.1.1/../../../../arm-elf/lib/interwork\libm.a(w_atan2.o)
                0x000280c0                atan2
 .text          0x000281e8      0x11c c:/pixhawk/winarm/bin/../lib/gcc/arm-elf/4.1.1/../../../../arm-elf/lib/interwork\libm.a(w_cosh.o)
                0x000281e8                cosh
 .text          0x00028304      0x174 c:/pixhawk/winarm/bin/../lib/gcc/arm-elf/4.1.1/../../../../arm-elf/lib/interwork\libm.a(w_exp.o)
                0x00028304                exp
 .text          0x00028478      0x13c c:/pixhawk/winarm/bin/../lib/gcc/arm-elf/4.1.1/../../../../arm-elf/lib/interwork\libm.a(w_log.o)
                0x00028478                log
 .text          0x000285b4      0x48c c:/pixhawk/winarm/bin/../lib/gcc/arm-elf/4.1.1/../../../../arm-elf/lib/interwork\libm.a(w_pow.o)
                0x000285b4                pow
 .text          0x00028a40      0x144 c:/pixhawk/winarm/bin/../lib/gcc/arm-elf/4.1.1/../../../../arm-elf/lib/interwork\libm.a(w_sinh.o)
                0x00028a40                sinh
 .text          0x00028b84      0x6b4 c:/pixhawk/winarm/bin/../lib/gcc/arm-elf/4.1.1/../../../../arm-elf/lib/interwork\libm.a(e_acos.o)
                0x00028b84                __ieee754_acos
 .text          0x00029238      0x610 c:/pixhawk/winarm/bin/../lib/gcc/arm-elf/4.1.1/../../../../arm-elf/lib/interwork\libm.a(e_asin.o)
                0x00029238                __ieee754_asin
 .text          0x00029848      0x274 c:/pixhawk/winarm/bin/../lib/gcc/arm-elf/4.1.1/../../../../arm-elf/lib/interwork\libm.a(e_atan2.o)
                0x00029848                __ieee754_atan2
 .text          0x00029abc      0x1d4 c:/pixhawk/winarm/bin/../lib/gcc/arm-elf/4.1.1/../../../../arm-elf/lib/interwork\libm.a(e_cosh.o)
                0x00029abc                __ieee754_cosh
 .text          0x00029c90      0x45c c:/pixhawk/winarm/bin/../lib/gcc/arm-elf/4.1.1/../../../../arm-elf/lib/interwork\libm.a(e_exp.o)
                0x00029c90                __ieee754_exp
 .text          0x0002a0ec      0x5e0 c:/pixhawk/winarm/bin/../lib/gcc/arm-elf/4.1.1/../../../../arm-elf/lib/interwork\libm.a(e_log.o)
                0x0002a0ec                __ieee754_log
 .text          0x0002a6cc     0x1008 c:/pixhawk/winarm/bin/../lib/gcc/arm-elf/4.1.1/../../../../arm-elf/lib/interwork\libm.a(e_pow.o)
                0x0002a6cc                __ieee754_pow
 .text          0x0002b6d4      0x648 c:/pixhawk/winarm/bin/../lib/gcc/arm-elf/4.1.1/../../../../arm-elf/lib/interwork\libm.a(e_rem_pio2.o)
                0x0002b6d4                __ieee754_rem_pio2
 .text          0x0002bd1c      0x254 c:/pixhawk/winarm/bin/../lib/gcc/arm-elf/4.1.1/../../../../arm-elf/lib/interwork\libm.a(e_sinh.o)
                0x0002bd1c                __ieee754_sinh
 .text          0x0002bf70      0x234 c:/pixhawk/winarm/bin/../lib/gcc/arm-elf/4.1.1/../../../../arm-elf/lib/interwork\libm.a(e_sqrt.o)
                0x0002bf70                __ieee754_sqrt
 .text          0x0002c1a4      0x388 c:/pixhawk/winarm/bin/../lib/gcc/arm-elf/4.1.1/../../../../arm-elf/lib/interwork\libm.a(k_cos.o)
                0x0002c1a4                __kernel_cos
 .text          0x0002c52c      0xafc c:/pixhawk/winarm/bin/../lib/gcc/arm-elf/4.1.1/../../../../arm-elf/lib/interwork\libm.a(k_rem_pio2.o)
                0x0002c52c                __kernel_rem_pio2
 .text          0x0002d028      0x230 c:/pixhawk/winarm/bin/../lib/gcc/arm-elf/4.1.1/../../../../arm-elf/lib/interwork\libm.a(k_sin.o)
                0x0002d028                __kernel_sin
 .text          0x0002d258      0x5e8 c:/pixhawk/winarm/bin/../lib/gcc/arm-elf/4.1.1/../../../../arm-elf/lib/interwork\libm.a(k_tan.o)
                0x0002d258                __kernel_tan
 .text          0x0002d840      0x6b0 c:/pixhawk/winarm/bin/../lib/gcc/arm-elf/4.1.1/../../../../arm-elf/lib/interwork\libm.a(s_expm1.o)
                0x0002d840                expm1
 .text          0x0002def0       0x14 c:/pixhawk/winarm/bin/../lib/gcc/arm-elf/4.1.1/../../../../arm-elf/lib/interwork\libm.a(s_finite.o)
                0x0002def0                finite
 .text          0x0002df04      0x190 c:/pixhawk/winarm/bin/../lib/gcc/arm-elf/4.1.1/../../../../arm-elf/lib/interwork\libm.a(s_floor.o)
                0x0002df04                floor
 .text          0x0002e094        0x0 c:/pixhawk/winarm/bin/../lib/gcc/arm-elf/4.1.1/../../../../arm-elf/lib/interwork\libm.a(s_lib_ver.o)
 .text          0x0002e094        0x8 c:/pixhawk/winarm/bin/../lib/gcc/arm-elf/4.1.1/../../../../arm-elf/lib/interwork\libm.a(s_matherr.o)
                0x0002e094                matherr
 .text          0x0002e09c      0x1b4 c:/pixhawk/winarm/bin/../lib/gcc/arm-elf/4.1.1/../../../../arm-elf/lib/interwork\libm.a(s_rint.o)
                0x0002e09c                rint
 .text          0x0002e250      0x190 c:/pixhawk/winarm/bin/../lib/gcc/arm-elf/4.1.1/../../../../arm-elf/lib/interwork\libm.a(s_scalbn.o)
                0x0002e250                scalbn
 .text          0x0002e3e0       0x1c c:/pixhawk/winarm/bin/../lib/gcc/arm-elf/4.1.1/../../../../arm-elf/lib/interwork\libm.a(s_copysign.o)
                0x0002e3e0                copysign
 .text          0x0002e3fc       0x10 c:/pixhawk/winarm/bin/../lib/gcc/arm-elf/4.1.1/../../../../arm-elf/lib/interwork\libc.a(errno.o)
                0x0002e3fc                __errno
 .text          0x0002e40c      0x114 c:/pixhawk/winarm/bin/../lib/gcc/arm-elf/4.1.1/interwork\libgcc.a(_udivsi3.o)
                0x0002e40c                __udivsi3
                0x0002e40c                __aeabi_uidiv
                0x0002e508                __aeabi_uidivmod
 .text          0x0002e520      0x144 c:/pixhawk/winarm/bin/../lib/gcc/arm-elf/4.1.1/interwork\libgcc.a(_divsi3.o)
                0x0002e520                __aeabi_idiv
                0x0002e520                __divsi3
                0x0002e64c                __aeabi_idivmod
 .text          0x0002e664       0xd0 c:/pixhawk/winarm/bin/../lib/gcc/arm-elf/4.1.1/interwork\libgcc.a(_umodsi3.o)
                0x0002e664                __umodsi3
 .text          0x0002e734        0x4 c:/pixhawk/winarm/bin/../lib/gcc/arm-elf/4.1.1/interwork\libgcc.a(_dvmd_tls.o)
                0x0002e734                __aeabi_ldiv0
                0x0002e734                __div0
                0x0002e734                __aeabi_idiv0
 .text          0x0002e738      0x430 c:/pixhawk/winarm/bin/../lib/gcc/arm-elf/4.1.1/interwork\libgcc.a(_addsubdf3.o)
                0x0002eafc                __floatdidf
                0x0002ea7c                __floatsidf
                0x0002ea54                __aeabi_ui2d
                0x0002e738                __aeabi_drsub
                0x0002eaa8                __extendsfdf2
                0x0002e744                __adddf3
                0x0002ea54                __floatunsidf
                0x0002e744                __aeabi_dadd
                0x0002eae8                __aeabi_ul2d
                0x0002e740                __aeabi_dsub
                0x0002eae8                __floatundidf
                0x0002ea7c                __aeabi_i2d
                0x0002eafc                __aeabi_l2d
                0x0002eaa8                __aeabi_f2d
                0x0002e740                __subdf3
 .text          0x0002eb68      0x49c c:/pixhawk/winarm/bin/../lib/gcc/arm-elf/4.1.1/interwork\libgcc.a(_muldivdf3.o)
                0x0002edf8                __aeabi_ddiv
                0x0002eb68                __aeabi_dmul
                0x0002edf8                __divdf3
                0x0002eb68                __muldf3
 .text          0x0002f004      0x140 c:/pixhawk/winarm/bin/../lib/gcc/arm-elf/4.1.1/interwork\libgcc.a(_cmpdf2.o)
                0x0002f0fc                __aeabi_dcmple
                0x0002f014                __cmpdf2
                0x0002f014                __eqdf2
                0x0002f004                __gtdf2
                0x0002f0b4                __aeabi_cdcmple
                0x0002f098                __aeabi_cdrcmple
                0x0002f00c                __ltdf2
                0x0002f0e4                __aeabi_dcmplt
                0x0002f00c                __ledf2
                0x0002f12c                __aeabi_dcmpgt
                0x0002f114                __aeabi_dcmpge
                0x0002f014                __nedf2
                0x0002f0cc                __aeabi_dcmpeq
                0x0002f0b4                __aeabi_cdcmpeq
                0x0002f004                __gedf2
 .text          0x0002f144       0x5c c:/pixhawk/winarm/bin/../lib/gcc/arm-elf/4.1.1/interwork\libgcc.a(_fixdfsi.o)
                0x0002f144                __fixdfsi
                0x0002f144                __aeabi_d2iz
 .text          0x0002f1a0       0x54 c:/pixhawk/winarm/bin/../lib/gcc/arm-elf/4.1.1/interwork\libgcc.a(_fixunsdfsi.o)
                0x0002f1a0                __fixunsdfsi
                0x0002f1a0                __aeabi_d2uiz
 .text          0x0002f1f4       0xa0 c:/pixhawk/winarm/bin/../lib/gcc/arm-elf/4.1.1/interwork\libgcc.a(_truncdfsf2.o)
                0x0002f1f4                __aeabi_d2f
                0x0002f1f4                __truncdfsf2
 .text          0x0002f294      0x2ac c:/pixhawk/winarm/bin/../lib/gcc/arm-elf/4.1.1/interwork\libgcc.a(_addsubsf3.o)
                0x0002f2a0                __aeabi_fadd
                0x0002f29c                __subsf3
                0x0002f464                __aeabi_i2f
                0x0002f29c                __aeabi_fsub
                0x0002f494                __floatdisf
                0x0002f464                __floatsisf
                0x0002f484                __floatundisf
                0x0002f45c                __aeabi_ui2f
                0x0002f494                __aeabi_l2f
                0x0002f484                __aeabi_ul2f
                0x0002f294                __aeabi_frsub
                0x0002f45c                __floatunsisf
                0x0002f2a0                __addsf3
 .text          0x0002f540      0x2f8 c:/pixhawk/winarm/bin/../lib/gcc/arm-elf/4.1.1/interwork\libgcc.a(_muldivsf3.o)
                0x0002f6d8                __divsf3
                0x0002f6d8                __aeabi_fdiv
                0x0002f540                __mulsf3
                0x0002f540                __aeabi_fmul
 .text          0x0002f838      0x110 c:/pixhawk/winarm/bin/../lib/gcc/arm-elf/4.1.1/interwork\libgcc.a(_cmpsf2.o)
                0x0002f930                __aeabi_fcmpgt
                0x0002f840                __lesf2
                0x0002f848                __nesf2
                0x0002f918                __aeabi_fcmpge
                0x0002f838                __gtsf2
                0x0002f900                __aeabi_fcmple
                0x0002f848                __eqsf2
                0x0002f848                __cmpsf2
                0x0002f840                __ltsf2
                0x0002f8b8                __aeabi_cfcmple
                0x0002f838                __gesf2
                0x0002f8d0                __aeabi_fcmpeq
                0x0002f8a8                __aeabi_cfrcmple
                0x0002f8e8                __aeabi_fcmplt
                0x0002f8b8                __aeabi_cfcmpeq
 .text          0x0002f948       0x5c c:/pixhawk/winarm/bin/../lib/gcc/arm-elf/4.1.1/interwork\libgcc.a(_fixsfsi.o)
                0x0002f948                __fixsfsi
                0x0002f948                __aeabi_f2iz
 .text          0x0002f9a4       0x54 c:/pixhawk/winarm/bin/../lib/gcc/arm-elf/4.1.1/interwork\libgcc.a(_fixunssfsi.o)
                0x0002f9a4                __aeabi_f2uiz
                0x0002f9a4                __fixunssfsi
 .text          0x0002f9f8       0x2c c:/pixhawk/winarm/bin/../lib/gcc/arm-elf/4.1.1/interwork\libgcc.a(_cmpdi2.o)
                0x0002f9f8                __cmpdi2
 *(.gnu.linkonce.t.*)
 *(.glue_7)
 .glue_7        0x0002fa24        0x0 build/obj/arm7/include/crt0.o
 .glue_7        0x0002fa24        0x0 build/obj/main/mainloop_generic.o
 .glue_7        0x0002fa24        0x0 build/obj/main/mainloop_fixed_wing.o
 .glue_7        0x0002fa24        0x0 build/obj/main/mainloop_quadrotor.o
 .glue_7        0x0002fa24        0x0 build/obj/main/mainloop_ground_car.o
 .glue_7        0x0002fa24        0x0 build/obj/main/common_mainloop_functions.o
 .glue_7        0x0002fa24        0x0 build/obj/math/lookup_sin_cos.o
 .glue_7        0x0002fa24        0x0 build/obj/arm7/adc.o
 .glue_7        0x0002fa24        0x0 build/obj/arm7/armVIC.o
 .glue_7        0x0002fa24        0x0 build/obj/arm7/cam_trigger.o
 .glue_7        0x0002fa24        0x0 build/obj/arm7/dac.o
 .glue_7        0x0002fa24        0x0 build/obj/arm7/led.o
 .glue_7        0x0002fa24        0x0 build/obj/arm7/spi.o
 .glue_7        0x0002fa24        0x0 build/obj/arm7/i2c.o
 .glue_7        0x0002fa24        0x0 build/obj/arm7/spi_devices/ads8341.o
 .glue_7        0x0002fa24        0x0 build/obj/arm7/spi_devices/ms2100.o
 .glue_7        0x0002fa24        0x0 build/obj/arm7/spi_devices/sca3100.o
 .glue_7        0x0002fa24        0x0 build/obj/arm7/spi_devices/adns9500.o
 .glue_7        0x0002fa24        0x0 build/obj/arm7/spi_devices/sca3000.o
 .glue_7        0x0002fa24        0x0 build/obj/arm7/i2c_devices/bmp085.o
 .glue_7        0x0002fa24        0x0 build/obj/arm7/i2c_devices/eeprom.o
 .glue_7        0x0002fa24        0x0 build/obj/arm7/i2c_devices/i2c_motor_controller.o
 .glue_7        0x0002fa24        0x0 build/obj/arm7/i2c_devices/i2c_motor_mikrokopter.o
 .glue_7        0x0002fa24        0x0 build/obj/arm7/i2c_devices/hmc5843.o
 .glue_7        0x0002fa24        0x0 build/obj/arm7/ppm.o
 .glue_7        0x0002fa24        0x0 build/obj/arm7/pwm.o
 .glue_7        0x0002fa24        0x0 build/obj/arm7/sys_time.o
 .glue_7        0x0002fa24        0x0 build/obj/arm7/uart.o
 .glue_7        0x0002fa24        0x0 build/obj/comm/comm.o
 .glue_7        0x0002fa24        0x0 build/obj/system/watchdog.o
 .glue_7        0x0002fa24        0x0 build/obj/system/pid.o
 .glue_7        0x0002fa24        0x0 build/obj/hal/shutter.o
 .glue_7        0x0002fa24        0x0 build/obj/system/communication.o
 .glue_7        0x0002fa24        0x0 build/obj/controllers/coaxial/control_position.o
 .glue_7        0x0002fa24        0x0 build/obj/controllers/coaxial/control_attitude.o
 .glue_7        0x0002fa24        0x0 build/obj/controllers/coaxial/control_yawSpeed.o
 .glue_7        0x0002fa24        0x0 build/obj/controllers/coaxial/control_yaw_altitude.o
 .glue_7        0x0002fa24        0x0 build/obj/controllers/quadrotor/control_quadrotor_attitude.o
 .glue_7        0x0002fa24        0x0 build/obj/controllers/fixed_wing/control_fixed_wing_attitude.o
 .glue_7        0x0002fa24        0x0 build/obj/controllers/quadrotor/control_quadrotor_position.o
 .glue_7        0x0002fa24        0x0 build/obj/controllers/quadrotor/control_quadrotor_start_land.o
 .glue_7        0x0002fa24        0x0 build/obj/system/remote_control.o
 .glue_7        0x0002fa24        0x0 build/obj/system/debug.o
 .glue_7        0x0002fa24        0x0 build/obj/system/params.o
 .glue_7        0x0002fa24        0x0 build/obj/fusion/altitude_kalman.o
 .glue_7        0x0002fa24        0x0 build/obj/fusion/attitude_observer.o
 .glue_7        0x0002fa24        0x0 build/obj/fusion/position_kalman.o
 .glue_7        0x0002fa24        0x0 build/obj/fusion/vision_buffer.o
 .glue_7        0x0002fa24        0x0 build/obj/fusion/kalman.o
 .glue_7        0x0002fa24        0x0 build/obj/fusion/outdoor_position_kalman.o
 .glue_7        0x0002fa24        0x0 build/obj/fusion/vision_position_kalman.o
 .glue_7        0x0002fa24        0x0 build/obj/fusion/attitude_compl_euler.o
 .glue_7        0x0002fa24        0x0 build/obj/fusion/simple_altitude_moving_average.o
 .glue_7        0x0002fa24        0x0 build/obj/fusion/least_square.o
 .glue_7        0x0002fa24        0x0 build/obj/fusion/global_pos.o
 .glue_7        0x0002fa24        0x0 build/obj/fusion/world_to_body.o
 .glue_7        0x0002fa24        0x0 build/obj/fusion/position_kalman2.o
 .glue_7        0x0002fa24        0x0 build/obj/fusion/position_kalman3.o
 .glue_7        0x0002fa24        0x0 build/obj/math/transformation.o
 .glue_7        0x0002fa24        0x0 build/obj/math/matrix.o
 .glue_7        0x0002fa24        0x0 build/obj/math/geodetic/latlong.o
 .glue_7        0x0002fa24        0x0 build/obj/arm7/sdfat/syscalls.o
 .glue_7        0x0002fa24        0x0 build/obj/math/geodetic/gps_transformations.o
 .glue_7        0x0002fa24        0x0 build/obj/hal/gps/gps_nmea.o
 .glue_7        0x0002fa24        0x0 build/obj/system/sys_state.o
 .glue_7        0x0002fa24        0x0 build/obj/system/calibration.o
 .glue_7        0x0002fa24        0x0 build/obj/main.o
 .glue_7        0x0002fa24        0x0 c:/pixhawk/winarm/bin/../lib/gcc/arm-elf/4.1.1/../../../../arm-elf/lib/interwork\libc.a(atoi.o)
 .glue_7        0x0002fa24        0x0 c:/pixhawk/winarm/bin/../lib/gcc/arm-elf/4.1.1/../../../../arm-elf/lib/interwork\libc.a(memcpy.o)
 .glue_7        0x0002fa24        0x0 c:/pixhawk/winarm/bin/../lib/gcc/arm-elf/4.1.1/../../../../arm-elf/lib/interwork\libc.a(memset.o)
 .glue_7        0x0002fa24        0x0 c:/pixhawk/winarm/bin/../lib/gcc/arm-elf/4.1.1/../../../../arm-elf/lib/interwork\libc.a(s_modf.o)
 .glue_7        0x0002fa24        0x0 c:/pixhawk/winarm/bin/../lib/gcc/arm-elf/4.1.1/../../../../arm-elf/lib/interwork\libc.a(strncmp.o)
 .glue_7        0x0002fa24        0x0 c:/pixhawk/winarm/bin/../lib/gcc/arm-elf/4.1.1/../../../../arm-elf/lib/interwork\libc.a(strncpy.o)
 .glue_7        0x0002fa24        0x0 c:/pixhawk/winarm/bin/../lib/gcc/arm-elf/4.1.1/../../../../arm-elf/lib/interwork\libc.a(strtod.o)
 .glue_7        0x0002fa24        0x0 c:/pixhawk/winarm/bin/../lib/gcc/arm-elf/4.1.1/../../../../arm-elf/lib/interwork\libc.a(strtol.o)
 .glue_7        0x0002fa24        0x0 c:/pixhawk/winarm/bin/../lib/gcc/arm-elf/4.1.1/../../../../arm-elf/lib/interwork\libc.a(ctype_.o)
 .glue_7        0x0002fa24        0x0 c:/pixhawk/winarm/bin/../lib/gcc/arm-elf/4.1.1/../../../../arm-elf/lib/interwork\libc.a(impure.o)
 .glue_7        0x0002fa24        0x0 c:/pixhawk/winarm/bin/../lib/gcc/arm-elf/4.1.1/../../../../arm-elf/lib/interwork\libc.a(mprec.o)
 .glue_7        0x0002fa24        0x0 c:/pixhawk/winarm/bin/../lib/gcc/arm-elf/4.1.1/../../../../arm-elf/lib/interwork\libc.a(s_isnan.o)
 .glue_7        0x0002fa24        0x0 c:/pixhawk/winarm/bin/../lib/gcc/arm-elf/4.1.1/../../../../arm-elf/lib/interwork\libc.a(s_nan.o)
 .glue_7        0x0002fa24        0x0 c:/pixhawk/winarm/bin/../lib/gcc/arm-elf/4.1.1/../../../../arm-elf/lib/interwork\libc.a(sf_nan.o)
 .glue_7        0x0002fa24        0x0 c:/pixhawk/winarm/bin/../lib/gcc/arm-elf/4.1.1/../../../../arm-elf/lib/interwork\libc.a(callocr.o)
 .glue_7        0x0002fa24        0x0 c:/pixhawk/winarm/bin/../lib/gcc/arm-elf/4.1.1/../../../../arm-elf/lib/interwork\libc.a(mallocr.o)
 .glue_7        0x0002fa24        0x0 c:/pixhawk/winarm/bin/../lib/gcc/arm-elf/4.1.1/../../../../arm-elf/lib/interwork\libc.a(mlock.o)
 .glue_7        0x0002fa24        0x0 c:/pixhawk/winarm/bin/../lib/gcc/arm-elf/4.1.1/../../../../arm-elf/lib/interwork\libc.a(freer.o)
 .glue_7        0x0002fa24        0x0 c:/pixhawk/winarm/bin/../lib/gcc/arm-elf/4.1.1/../../../../arm-elf/lib/interwork\libm.a(s_atan.o)
 .glue_7        0x0002fa24        0x0 c:/pixhawk/winarm/bin/../lib/gcc/arm-elf/4.1.1/../../../../arm-elf/lib/interwork\libm.a(s_cos.o)
 .glue_7        0x0002fa24        0x0 c:/pixhawk/winarm/bin/../lib/gcc/arm-elf/4.1.1/../../../../arm-elf/lib/interwork\libm.a(s_fabs.o)
 .glue_7        0x0002fa24        0x0 c:/pixhawk/winarm/bin/../lib/gcc/arm-elf/4.1.1/../../../../arm-elf/lib/interwork\libm.a(s_sin.o)
 .glue_7        0x0002fa24        0x0 c:/pixhawk/winarm/bin/../lib/gcc/arm-elf/4.1.1/../../../../arm-elf/lib/interwork\libm.a(s_tan.o)
 .glue_7        0x0002fa24        0x0 c:/pixhawk/winarm/bin/../lib/gcc/arm-elf/4.1.1/../../../../arm-elf/lib/interwork\libm.a(w_acos.o)
 .glue_7        0x0002fa24        0x0 c:/pixhawk/winarm/bin/../lib/gcc/arm-elf/4.1.1/../../../../arm-elf/lib/interwork\libm.a(w_asin.o)
 .glue_7        0x0002fa24        0x0 c:/pixhawk/winarm/bin/../lib/gcc/arm-elf/4.1.1/../../../../arm-elf/lib/interwork\libm.a(w_atan2.o)
 .glue_7        0x0002fa24        0x0 c:/pixhawk/winarm/bin/../lib/gcc/arm-elf/4.1.1/../../../../arm-elf/lib/interwork\libm.a(w_cosh.o)
 .glue_7        0x0002fa24        0x0 c:/pixhawk/winarm/bin/../lib/gcc/arm-elf/4.1.1/../../../../arm-elf/lib/interwork\libm.a(w_exp.o)
 .glue_7        0x0002fa24        0x0 c:/pixhawk/winarm/bin/../lib/gcc/arm-elf/4.1.1/../../../../arm-elf/lib/interwork\libm.a(w_log.o)
 .glue_7        0x0002fa24        0x0 c:/pixhawk/winarm/bin/../lib/gcc/arm-elf/4.1.1/../../../../arm-elf/lib/interwork\libm.a(w_pow.o)
 .glue_7        0x0002fa24        0x0 c:/pixhawk/winarm/bin/../lib/gcc/arm-elf/4.1.1/../../../../arm-elf/lib/interwork\libm.a(w_sinh.o)
 .glue_7        0x0002fa24        0x0 c:/pixhawk/winarm/bin/../lib/gcc/arm-elf/4.1.1/../../../../arm-elf/lib/interwork\libm.a(e_acos.o)
 .glue_7        0x0002fa24        0x0 c:/pixhawk/winarm/bin/../lib/gcc/arm-elf/4.1.1/../../../../arm-elf/lib/interwork\libm.a(e_asin.o)
 .glue_7        0x0002fa24        0x0 c:/pixhawk/winarm/bin/../lib/gcc/arm-elf/4.1.1/../../../../arm-elf/lib/interwork\libm.a(e_atan2.o)
 .glue_7        0x0002fa24        0x0 c:/pixhawk/winarm/bin/../lib/gcc/arm-elf/4.1.1/../../../../arm-elf/lib/interwork\libm.a(e_cosh.o)
 .glue_7        0x0002fa24        0x0 c:/pixhawk/winarm/bin/../lib/gcc/arm-elf/4.1.1/../../../../arm-elf/lib/interwork\libm.a(e_exp.o)
 .glue_7        0x0002fa24        0x0 c:/pixhawk/winarm/bin/../lib/gcc/arm-elf/4.1.1/../../../../arm-elf/lib/interwork\libm.a(e_log.o)
 .glue_7        0x0002fa24        0x0 c:/pixhawk/winarm/bin/../lib/gcc/arm-elf/4.1.1/../../../../arm-elf/lib/interwork\libm.a(e_pow.o)
 .glue_7        0x0002fa24        0x0 c:/pixhawk/winarm/bin/../lib/gcc/arm-elf/4.1.1/../../../../arm-elf/lib/interwork\libm.a(e_rem_pio2.o)
 .glue_7        0x0002fa24        0x0 c:/pixhawk/winarm/bin/../lib/gcc/arm-elf/4.1.1/../../../../arm-elf/lib/interwork\libm.a(e_sinh.o)
 .glue_7        0x0002fa24        0x0 c:/pixhawk/winarm/bin/../lib/gcc/arm-elf/4.1.1/../../../../arm-elf/lib/interwork\libm.a(e_sqrt.o)
 .glue_7        0x0002fa24        0x0 c:/pixhawk/winarm/bin/../lib/gcc/arm-elf/4.1.1/../../../../arm-elf/lib/interwork\libm.a(k_cos.o)
 .glue_7        0x0002fa24        0x0 c:/pixhawk/winarm/bin/../lib/gcc/arm-elf/4.1.1/../../../../arm-elf/lib/interwork\libm.a(k_rem_pio2.o)
 .glue_7        0x0002fa24        0x0 c:/pixhawk/winarm/bin/../lib/gcc/arm-elf/4.1.1/../../../../arm-elf/lib/interwork\libm.a(k_sin.o)
 .glue_7        0x0002fa24        0x0 c:/pixhawk/winarm/bin/../lib/gcc/arm-elf/4.1.1/../../../../arm-elf/lib/interwork\libm.a(k_tan.o)
 .glue_7        0x0002fa24        0x0 c:/pixhawk/winarm/bin/../lib/gcc/arm-elf/4.1.1/../../../../arm-elf/lib/interwork\libm.a(s_expm1.o)
 .glue_7        0x0002fa24        0x0 c:/pixhawk/winarm/bin/../lib/gcc/arm-elf/4.1.1/../../../../arm-elf/lib/interwork\libm.a(s_finite.o)
 .glue_7        0x0002fa24        0x0 c:/pixhawk/winarm/bin/../lib/gcc/arm-elf/4.1.1/../../../../arm-elf/lib/interwork\libm.a(s_floor.o)
 .glue_7        0x0002fa24        0x0 c:/pixhawk/winarm/bin/../lib/gcc/arm-elf/4.1.1/../../../../arm-elf/lib/interwork\libm.a(s_lib_ver.o)
 .glue_7        0x0002fa24        0x0 c:/pixhawk/winarm/bin/../lib/gcc/arm-elf/4.1.1/../../../../arm-elf/lib/interwork\libm.a(s_matherr.o)
 .glue_7        0x0002fa24        0x0 c:/pixhawk/winarm/bin/../lib/gcc/arm-elf/4.1.1/../../../../arm-elf/lib/interwork\libm.a(s_rint.o)
 .glue_7        0x0002fa24        0x0 c:/pixhawk/winarm/bin/../lib/gcc/arm-elf/4.1.1/../../../../arm-elf/lib/interwork\libm.a(s_scalbn.o)
 .glue_7        0x0002fa24        0x0 c:/pixhawk/winarm/bin/../lib/gcc/arm-elf/4.1.1/../../../../arm-elf/lib/interwork\libm.a(s_copysign.o)
 .glue_7        0x0002fa24        0x0 c:/pixhawk/winarm/bin/../lib/gcc/arm-elf/4.1.1/../../../../arm-elf/lib/interwork\libc.a(errno.o)
 .glue_7        0x0002fa24        0x0 c:/pixhawk/winarm/bin/../lib/gcc/arm-elf/4.1.1/interwork\libgcc.a(_udivsi3.o)
 .glue_7        0x0002fa24        0x0 c:/pixhawk/winarm/bin/../lib/gcc/arm-elf/4.1.1/interwork\libgcc.a(_divsi3.o)
 .glue_7        0x0002fa24        0x0 c:/pixhawk/winarm/bin/../lib/gcc/arm-elf/4.1.1/interwork\libgcc.a(_umodsi3.o)
 .glue_7        0x0002fa24        0x0 c:/pixhawk/winarm/bin/../lib/gcc/arm-elf/4.1.1/interwork\libgcc.a(_dvmd_tls.o)
 .glue_7        0x0002fa24        0x0 c:/pixhawk/winarm/bin/../lib/gcc/arm-elf/4.1.1/interwork\libgcc.a(_addsubdf3.o)
 .glue_7        0x0002fa24        0x0 c:/pixhawk/winarm/bin/../lib/gcc/arm-elf/4.1.1/interwork\libgcc.a(_muldivdf3.o)
 .glue_7        0x0002fa24        0x0 c:/pixhawk/winarm/bin/../lib/gcc/arm-elf/4.1.1/interwork\libgcc.a(_cmpdf2.o)
 .glue_7        0x0002fa24        0x0 c:/pixhawk/winarm/bin/../lib/gcc/arm-elf/4.1.1/interwork\libgcc.a(_fixdfsi.o)
 .glue_7        0x0002fa24        0x0 c:/pixhawk/winarm/bin/../lib/gcc/arm-elf/4.1.1/interwork\libgcc.a(_fixunsdfsi.o)
 .glue_7        0x0002fa24        0x0 c:/pixhawk/winarm/bin/../lib/gcc/arm-elf/4.1.1/interwork\libgcc.a(_truncdfsf2.o)
 .glue_7        0x0002fa24        0x0 c:/pixhawk/winarm/bin/../lib/gcc/arm-elf/4.1.1/interwork\libgcc.a(_addsubsf3.o)
 .glue_7        0x0002fa24        0x0 c:/pixhawk/winarm/bin/../lib/gcc/arm-elf/4.1.1/interwork\libgcc.a(_muldivsf3.o)
 .glue_7        0x0002fa24        0x0 c:/pixhawk/winarm/bin/../lib/gcc/arm-elf/4.1.1/interwork\libgcc.a(_cmpsf2.o)
 .glue_7        0x0002fa24        0x0 c:/pixhawk/winarm/bin/../lib/gcc/arm-elf/4.1.1/interwork\libgcc.a(_fixsfsi.o)
 .glue_7        0x0002fa24        0x0 c:/pixhawk/winarm/bin/../lib/gcc/arm-elf/4.1.1/interwork\libgcc.a(_fixunssfsi.o)
 .glue_7        0x0002fa24        0x0 c:/pixhawk/winarm/bin/../lib/gcc/arm-elf/4.1.1/interwork\libgcc.a(_cmpdi2.o)
 *(.glue_7t)
 .glue_7t       0x0002fa24        0x0 build/obj/arm7/include/crt0.o
 .glue_7t       0x0002fa24        0x0 build/obj/main/mainloop_generic.o
 .glue_7t       0x0002fa24        0x0 build/obj/main/mainloop_fixed_wing.o
 .glue_7t       0x0002fa24        0x0 build/obj/main/mainloop_quadrotor.o
 .glue_7t       0x0002fa24        0x0 build/obj/main/mainloop_ground_car.o
 .glue_7t       0x0002fa24        0x0 build/obj/main/common_mainloop_functions.o
 .glue_7t       0x0002fa24        0x0 build/obj/math/lookup_sin_cos.o
 .glue_7t       0x0002fa24        0x0 build/obj/arm7/adc.o
 .glue_7t       0x0002fa24        0x0 build/obj/arm7/armVIC.o
 .glue_7t       0x0002fa24        0x0 build/obj/arm7/cam_trigger.o
 .glue_7t       0x0002fa24        0x0 build/obj/arm7/dac.o
 .glue_7t       0x0002fa24        0x0 build/obj/arm7/led.o
 .glue_7t       0x0002fa24        0x0 build/obj/arm7/spi.o
 .glue_7t       0x0002fa24        0x0 build/obj/arm7/i2c.o
 .glue_7t       0x0002fa24        0x0 build/obj/arm7/spi_devices/ads8341.o
 .glue_7t       0x0002fa24        0x0 build/obj/arm7/spi_devices/ms2100.o
 .glue_7t       0x0002fa24        0x0 build/obj/arm7/spi_devices/sca3100.o
 .glue_7t       0x0002fa24        0x0 build/obj/arm7/spi_devices/adns9500.o
 .glue_7t       0x0002fa24        0x0 build/obj/arm7/spi_devices/sca3000.o
 .glue_7t       0x0002fa24        0x0 build/obj/arm7/i2c_devices/bmp085.o
 .glue_7t       0x0002fa24        0x0 build/obj/arm7/i2c_devices/eeprom.o
 .glue_7t       0x0002fa24        0x0 build/obj/arm7/i2c_devices/i2c_motor_controller.o
 .glue_7t       0x0002fa24        0x0 build/obj/arm7/i2c_devices/i2c_motor_mikrokopter.o
 .glue_7t       0x0002fa24        0x0 build/obj/arm7/i2c_devices/hmc5843.o
 .glue_7t       0x0002fa24        0x0 build/obj/arm7/ppm.o
 .glue_7t       0x0002fa24        0x0 build/obj/arm7/pwm.o
 .glue_7t       0x0002fa24        0x0 build/obj/arm7/sys_time.o
 .glue_7t       0x0002fa24        0x0 build/obj/arm7/uart.o
 .glue_7t       0x0002fa24        0x0 build/obj/comm/comm.o
 .glue_7t       0x0002fa24        0x0 build/obj/system/watchdog.o
 .glue_7t       0x0002fa24        0x0 build/obj/system/pid.o
 .glue_7t       0x0002fa24        0x0 build/obj/hal/shutter.o
 .glue_7t       0x0002fa24        0x0 build/obj/system/communication.o
 .glue_7t       0x0002fa24        0x0 build/obj/controllers/coaxial/control_position.o
 .glue_7t       0x0002fa24        0x0 build/obj/controllers/coaxial/control_attitude.o
 .glue_7t       0x0002fa24        0x0 build/obj/controllers/coaxial/control_yawSpeed.o
 .glue_7t       0x0002fa24        0x0 build/obj/controllers/coaxial/control_yaw_altitude.o
 .glue_7t       0x0002fa24        0x0 build/obj/controllers/quadrotor/control_quadrotor_attitude.o
 .glue_7t       0x0002fa24        0x0 build/obj/controllers/fixed_wing/control_fixed_wing_attitude.o
 .glue_7t       0x0002fa24        0x0 build/obj/controllers/quadrotor/control_quadrotor_position.o
 .glue_7t       0x0002fa24        0x0 build/obj/controllers/quadrotor/control_quadrotor_start_land.o
 .glue_7t       0x0002fa24        0x0 build/obj/system/remote_control.o
 .glue_7t       0x0002fa24        0x0 build/obj/system/debug.o
 .glue_7t       0x0002fa24        0x0 build/obj/system/params.o
 .glue_7t       0x0002fa24        0x0 build/obj/fusion/altitude_kalman.o
 .glue_7t       0x0002fa24        0x0 build/obj/fusion/attitude_observer.o
 .glue_7t       0x0002fa24        0x0 build/obj/fusion/position_kalman.o
 .glue_7t       0x0002fa24        0x0 build/obj/fusion/vision_buffer.o
 .glue_7t       0x0002fa24        0x0 build/obj/fusion/kalman.o
 .glue_7t       0x0002fa24        0x0 build/obj/fusion/outdoor_position_kalman.o
 .glue_7t       0x0002fa24        0x0 build/obj/fusion/vision_position_kalman.o
 .glue_7t       0x0002fa24        0x0 build/obj/fusion/attitude_compl_euler.o
 .glue_7t       0x0002fa24        0x0 build/obj/fusion/simple_altitude_moving_average.o
 .glue_7t       0x0002fa24        0x0 build/obj/fusion/least_square.o
 .glue_7t       0x0002fa24        0x0 build/obj/fusion/global_pos.o
 .glue_7t       0x0002fa24        0x0 build/obj/fusion/world_to_body.o
 .glue_7t       0x0002fa24        0x0 build/obj/fusion/position_kalman2.o
 .glue_7t       0x0002fa24        0x0 build/obj/fusion/position_kalman3.o
 .glue_7t       0x0002fa24        0x0 build/obj/math/transformation.o
 .glue_7t       0x0002fa24        0x0 build/obj/math/matrix.o
 .glue_7t       0x0002fa24        0x0 build/obj/math/geodetic/latlong.o
 .glue_7t       0x0002fa24        0x0 build/obj/arm7/sdfat/syscalls.o
 .glue_7t       0x0002fa24        0x0 build/obj/math/geodetic/gps_transformations.o
 .glue_7t       0x0002fa24        0x0 build/obj/hal/gps/gps_nmea.o
 .glue_7t       0x0002fa24        0x0 build/obj/system/sys_state.o
 .glue_7t       0x0002fa24        0x0 build/obj/system/calibration.o
 .glue_7t       0x0002fa24        0x0 build/obj/main.o
 .glue_7t       0x0002fa24        0x0 c:/pixhawk/winarm/bin/../lib/gcc/arm-elf/4.1.1/../../../../arm-elf/lib/interwork\libc.a(atoi.o)
 .glue_7t       0x0002fa24        0x0 c:/pixhawk/winarm/bin/../lib/gcc/arm-elf/4.1.1/../../../../arm-elf/lib/interwork\libc.a(memcpy.o)
 .glue_7t       0x0002fa24        0x0 c:/pixhawk/winarm/bin/../lib/gcc/arm-elf/4.1.1/../../../../arm-elf/lib/interwork\libc.a(memset.o)
 .glue_7t       0x0002fa24        0x0 c:/pixhawk/winarm/bin/../lib/gcc/arm-elf/4.1.1/../../../../arm-elf/lib/interwork\libc.a(s_modf.o)
 .glue_7t       0x0002fa24        0x0 c:/pixhawk/winarm/bin/../lib/gcc/arm-elf/4.1.1/../../../../arm-elf/lib/interwork\libc.a(strncmp.o)
 .glue_7t       0x0002fa24        0x0 c:/pixhawk/winarm/bin/../lib/gcc/arm-elf/4.1.1/../../../../arm-elf/lib/interwork\libc.a(strncpy.o)
 .glue_7t       0x0002fa24        0x0 c:/pixhawk/winarm/bin/../lib/gcc/arm-elf/4.1.1/../../../../arm-elf/lib/interwork\libc.a(strtod.o)
 .glue_7t       0x0002fa24        0x0 c:/pixhawk/winarm/bin/../lib/gcc/arm-elf/4.1.1/../../../../arm-elf/lib/interwork\libc.a(strtol.o)
 .glue_7t       0x0002fa24        0x0 c:/pixhawk/winarm/bin/../lib/gcc/arm-elf/4.1.1/../../../../arm-elf/lib/interwork\libc.a(ctype_.o)
 .glue_7t       0x0002fa24        0x0 c:/pixhawk/winarm/bin/../lib/gcc/arm-elf/4.1.1/../../../../arm-elf/lib/interwork\libc.a(impure.o)
 .glue_7t       0x0002fa24        0x0 c:/pixhawk/winarm/bin/../lib/gcc/arm-elf/4.1.1/../../../../arm-elf/lib/interwork\libc.a(mprec.o)
 .glue_7t       0x0002fa24        0x0 c:/pixhawk/winarm/bin/../lib/gcc/arm-elf/4.1.1/../../../../arm-elf/lib/interwork\libc.a(s_isnan.o)
 .glue_7t       0x0002fa24        0x0 c:/pixhawk/winarm/bin/../lib/gcc/arm-elf/4.1.1/../../../../arm-elf/lib/interwork\libc.a(s_nan.o)
 .glue_7t       0x0002fa24        0x0 c:/pixhawk/winarm/bin/../lib/gcc/arm-elf/4.1.1/../../../../arm-elf/lib/interwork\libc.a(sf_nan.o)
 .glue_7t       0x0002fa24        0x0 c:/pixhawk/winarm/bin/../lib/gcc/arm-elf/4.1.1/../../../../arm-elf/lib/interwork\libc.a(callocr.o)
 .glue_7t       0x0002fa24        0x0 c:/pixhawk/winarm/bin/../lib/gcc/arm-elf/4.1.1/../../../../arm-elf/lib/interwork\libc.a(mallocr.o)
 .glue_7t       0x0002fa24        0x0 c:/pixhawk/winarm/bin/../lib/gcc/arm-elf/4.1.1/../../../../arm-elf/lib/interwork\libc.a(mlock.o)
 .glue_7t       0x0002fa24        0x0 c:/pixhawk/winarm/bin/../lib/gcc/arm-elf/4.1.1/../../../../arm-elf/lib/interwork\libc.a(freer.o)
 .glue_7t       0x0002fa24        0x0 c:/pixhawk/winarm/bin/../lib/gcc/arm-elf/4.1.1/../../../../arm-elf/lib/interwork\libm.a(s_atan.o)
 .glue_7t       0x0002fa24        0x0 c:/pixhawk/winarm/bin/../lib/gcc/arm-elf/4.1.1/../../../../arm-elf/lib/interwork\libm.a(s_cos.o)
 .glue_7t       0x0002fa24        0x0 c:/pixhawk/winarm/bin/../lib/gcc/arm-elf/4.1.1/../../../../arm-elf/lib/interwork\libm.a(s_fabs.o)
 .glue_7t       0x0002fa24        0x0 c:/pixhawk/winarm/bin/../lib/gcc/arm-elf/4.1.1/../../../../arm-elf/lib/interwork\libm.a(s_sin.o)
 .glue_7t       0x0002fa24        0x0 c:/pixhawk/winarm/bin/../lib/gcc/arm-elf/4.1.1/../../../../arm-elf/lib/interwork\libm.a(s_tan.o)
 .glue_7t       0x0002fa24        0x0 c:/pixhawk/winarm/bin/../lib/gcc/arm-elf/4.1.1/../../../../arm-elf/lib/interwork\libm.a(w_acos.o)
 .glue_7t       0x0002fa24        0x0 c:/pixhawk/winarm/bin/../lib/gcc/arm-elf/4.1.1/../../../../arm-elf/lib/interwork\libm.a(w_asin.o)
 .glue_7t       0x0002fa24        0x0 c:/pixhawk/winarm/bin/../lib/gcc/arm-elf/4.1.1/../../../../arm-elf/lib/interwork\libm.a(w_atan2.o)
 .glue_7t       0x0002fa24        0x0 c:/pixhawk/winarm/bin/../lib/gcc/arm-elf/4.1.1/../../../../arm-elf/lib/interwork\libm.a(w_cosh.o)
 .glue_7t       0x0002fa24        0x0 c:/pixhawk/winarm/bin/../lib/gcc/arm-elf/4.1.1/../../../../arm-elf/lib/interwork\libm.a(w_exp.o)
 .glue_7t       0x0002fa24        0x0 c:/pixhawk/winarm/bin/../lib/gcc/arm-elf/4.1.1/../../../../arm-elf/lib/interwork\libm.a(w_log.o)
 .glue_7t       0x0002fa24        0x0 c:/pixhawk/winarm/bin/../lib/gcc/arm-elf/4.1.1/../../../../arm-elf/lib/interwork\libm.a(w_pow.o)
 .glue_7t       0x0002fa24        0x0 c:/pixhawk/winarm/bin/../lib/gcc/arm-elf/4.1.1/../../../../arm-elf/lib/interwork\libm.a(w_sinh.o)
 .glue_7t       0x0002fa24        0x0 c:/pixhawk/winarm/bin/../lib/gcc/arm-elf/4.1.1/../../../../arm-elf/lib/interwork\libm.a(e_acos.o)
 .glue_7t       0x0002fa24        0x0 c:/pixhawk/winarm/bin/../lib/gcc/arm-elf/4.1.1/../../../../arm-elf/lib/interwork\libm.a(e_asin.o)
 .glue_7t       0x0002fa24        0x0 c:/pixhawk/winarm/bin/../lib/gcc/arm-elf/4.1.1/../../../../arm-elf/lib/interwork\libm.a(e_atan2.o)
 .glue_7t       0x0002fa24        0x0 c:/pixhawk/winarm/bin/../lib/gcc/arm-elf/4.1.1/../../../../arm-elf/lib/interwork\libm.a(e_cosh.o)
 .glue_7t       0x0002fa24        0x0 c:/pixhawk/winarm/bin/../lib/gcc/arm-elf/4.1.1/../../../../arm-elf/lib/interwork\libm.a(e_exp.o)
 .glue_7t       0x0002fa24        0x0 c:/pixhawk/winarm/bin/../lib/gcc/arm-elf/4.1.1/../../../../arm-elf/lib/interwork\libm.a(e_log.o)
 .glue_7t       0x0002fa24        0x0 c:/pixhawk/winarm/bin/../lib/gcc/arm-elf/4.1.1/../../../../arm-elf/lib/interwork\libm.a(e_pow.o)
 .glue_7t       0x0002fa24        0x0 c:/pixhawk/winarm/bin/../lib/gcc/arm-elf/4.1.1/../../../../arm-elf/lib/interwork\libm.a(e_rem_pio2.o)
 .glue_7t       0x0002fa24        0x0 c:/pixhawk/winarm/bin/../lib/gcc/arm-elf/4.1.1/../../../../arm-elf/lib/interwork\libm.a(e_sinh.o)
 .glue_7t       0x0002fa24        0x0 c:/pixhawk/winarm/bin/../lib/gcc/arm-elf/4.1.1/../../../../arm-elf/lib/interwork\libm.a(e_sqrt.o)
 .glue_7t       0x0002fa24        0x0 c:/pixhawk/winarm/bin/../lib/gcc/arm-elf/4.1.1/../../../../arm-elf/lib/interwork\libm.a(k_cos.o)
 .glue_7t       0x0002fa24        0x0 c:/pixhawk/winarm/bin/../lib/gcc/arm-elf/4.1.1/../../../../arm-elf/lib/interwork\libm.a(k_rem_pio2.o)
 .glue_7t       0x0002fa24        0x0 c:/pixhawk/winarm/bin/../lib/gcc/arm-elf/4.1.1/../../../../arm-elf/lib/interwork\libm.a(k_sin.o)
 .glue_7t       0x0002fa24        0x0 c:/pixhawk/winarm/bin/../lib/gcc/arm-elf/4.1.1/../../../../arm-elf/lib/interwork\libm.a(k_tan.o)
 .glue_7t       0x0002fa24        0x0 c:/pixhawk/winarm/bin/../lib/gcc/arm-elf/4.1.1/../../../../arm-elf/lib/interwork\libm.a(s_expm1.o)
 .glue_7t       0x0002fa24        0x0 c:/pixhawk/winarm/bin/../lib/gcc/arm-elf/4.1.1/../../../../arm-elf/lib/interwork\libm.a(s_finite.o)
 .glue_7t       0x0002fa24        0x0 c:/pixhawk/winarm/bin/../lib/gcc/arm-elf/4.1.1/../../../../arm-elf/lib/interwork\libm.a(s_floor.o)
 .glue_7t       0x0002fa24        0x0 c:/pixhawk/winarm/bin/../lib/gcc/arm-elf/4.1.1/../../../../arm-elf/lib/interwork\libm.a(s_lib_ver.o)
 .glue_7t       0x0002fa24        0x0 c:/pixhawk/winarm/bin/../lib/gcc/arm-elf/4.1.1/../../../../arm-elf/lib/interwork\libm.a(s_matherr.o)
 .glue_7t       0x0002fa24        0x0 c:/pixhawk/winarm/bin/../lib/gcc/arm-elf/4.1.1/../../../../arm-elf/lib/interwork\libm.a(s_rint.o)
 .glue_7t       0x0002fa24        0x0 c:/pixhawk/winarm/bin/../lib/gcc/arm-elf/4.1.1/../../../../arm-elf/lib/interwork\libm.a(s_scalbn.o)
 .glue_7t       0x0002fa24        0x0 c:/pixhawk/winarm/bin/../lib/gcc/arm-elf/4.1.1/../../../../arm-elf/lib/interwork\libm.a(s_copysign.o)
 .glue_7t       0x0002fa24        0x0 c:/pixhawk/winarm/bin/../lib/gcc/arm-elf/4.1.1/../../../../arm-elf/lib/interwork\libc.a(errno.o)
 .glue_7t       0x0002fa24        0x0 c:/pixhawk/winarm/bin/../lib/gcc/arm-elf/4.1.1/interwork\libgcc.a(_udivsi3.o)
 .glue_7t       0x0002fa24        0x0 c:/pixhawk/winarm/bin/../lib/gcc/arm-elf/4.1.1/interwork\libgcc.a(_divsi3.o)
 .glue_7t       0x0002fa24        0x0 c:/pixhawk/winarm/bin/../lib/gcc/arm-elf/4.1.1/interwork\libgcc.a(_umodsi3.o)
 .glue_7t       0x0002fa24        0x0 c:/pixhawk/winarm/bin/../lib/gcc/arm-elf/4.1.1/interwork\libgcc.a(_dvmd_tls.o)
 .glue_7t       0x0002fa24        0x0 c:/pixhawk/winarm/bin/../lib/gcc/arm-elf/4.1.1/interwork\libgcc.a(_addsubdf3.o)
 .glue_7t       0x0002fa24        0x0 c:/pixhawk/winarm/bin/../lib/gcc/arm-elf/4.1.1/interwork\libgcc.a(_muldivdf3.o)
 .glue_7t       0x0002fa24        0x0 c:/pixhawk/winarm/bin/../lib/gcc/arm-elf/4.1.1/interwork\libgcc.a(_cmpdf2.o)
 .glue_7t       0x0002fa24        0x0 c:/pixhawk/winarm/bin/../lib/gcc/arm-elf/4.1.1/interwork\libgcc.a(_fixdfsi.o)
 .glue_7t       0x0002fa24        0x0 c:/pixhawk/winarm/bin/../lib/gcc/arm-elf/4.1.1/interwork\libgcc.a(_fixunsdfsi.o)
 .glue_7t       0x0002fa24        0x0 c:/pixhawk/winarm/bin/../lib/gcc/arm-elf/4.1.1/interwork\libgcc.a(_truncdfsf2.o)
 .glue_7t       0x0002fa24        0x0 c:/pixhawk/winarm/bin/../lib/gcc/arm-elf/4.1.1/interwork\libgcc.a(_addsubsf3.o)
 .glue_7t       0x0002fa24        0x0 c:/pixhawk/winarm/bin/../lib/gcc/arm-elf/4.1.1/interwork\libgcc.a(_muldivsf3.o)
 .glue_7t       0x0002fa24        0x0 c:/pixhawk/winarm/bin/../lib/gcc/arm-elf/4.1.1/interwork\libgcc.a(_cmpsf2.o)
 .glue_7t       0x0002fa24        0x0 c:/pixhawk/winarm/bin/../lib/gcc/arm-elf/4.1.1/interwork\libgcc.a(_fixsfsi.o)
 .glue_7t       0x0002fa24        0x0 c:/pixhawk/winarm/bin/../lib/gcc/arm-elf/4.1.1/interwork\libgcc.a(_fixunssfsi.o)
 .glue_7t       0x0002fa24        0x0 c:/pixhawk/winarm/bin/../lib/gcc/arm-elf/4.1.1/interwork\libgcc.a(_cmpdi2.o)
 *(.gcc_except_table)
 *(.rodata)
 .rodata        0x0002fa24     0x3244 build/obj/math/lookup_sin_cos.o
 .rodata        0x00032c68      0xbfe build/obj/arm7/spi_devices/adns9500.o
                0x00032c68                srom_file
 *fill*         0x00033866        0x2 00
 .rodata        0x00033868       0x20 build/obj/fusion/outdoor_position_kalman.o
 .rodata        0x00033888       0x20 build/obj/fusion/vision_position_kalman.o
 .rodata        0x000338a8       0x60 build/obj/fusion/global_pos.o
 .rodata        0x00033908       0x14 build/obj/math/geodetic/latlong.o
 .rodata        0x0003391c        0x4 build/obj/math/geodetic/gps_transformations.o
                0x0003391c                r_earth
 .rodata        0x00033920      0x101 c:/pixhawk/winarm/bin/../lib/gcc/arm-elf/4.1.1/../../../../arm-elf/lib/interwork\libc.a(ctype_.o)
                0x00033920                _ctype_
 *fill*         0x00033a21        0x3 00
 .rodata        0x00033a24        0x4 c:/pixhawk/winarm/bin/../lib/gcc/arm-elf/4.1.1/../../../../arm-elf/lib/interwork\libc.a(impure.o)
                0x00033a24                _global_impure_ptr
 .rodata        0x00033a28      0x124 c:/pixhawk/winarm/bin/../lib/gcc/arm-elf/4.1.1/../../../../arm-elf/lib/interwork\libc.a(mprec.o)
                0x00033b18                __mprec_tinytens
                0x00033a28                __mprec_tens
                0x00033af0                __mprec_bigtens
 .rodata        0x00033b4c       0x40 c:/pixhawk/winarm/bin/../lib/gcc/arm-elf/4.1.1/../../../../arm-elf/lib/interwork\libm.a(s_atan.o)
 .rodata        0x00033b8c       0x30 c:/pixhawk/winarm/bin/../lib/gcc/arm-elf/4.1.1/../../../../arm-elf/lib/interwork\libm.a(e_exp.o)
 .rodata        0x00033bbc       0x30 c:/pixhawk/winarm/bin/../lib/gcc/arm-elf/4.1.1/../../../../arm-elf/lib/interwork\libm.a(e_pow.o)
 .rodata        0x00033bec      0x188 c:/pixhawk/winarm/bin/../lib/gcc/arm-elf/4.1.1/../../../../arm-elf/lib/interwork\libm.a(e_rem_pio2.o)
 .rodata        0x00033d74       0x50 c:/pixhawk/winarm/bin/../lib/gcc/arm-elf/4.1.1/../../../../arm-elf/lib/interwork\libm.a(k_rem_pio2.o)
 .rodata        0x00033dc4        0x4 c:/pixhawk/winarm/bin/../lib/gcc/arm-elf/4.1.1/../../../../arm-elf/lib/interwork\libm.a(s_lib_ver.o)
                0x00033dc4                __fdlib_version
 .rodata        0x00033dc8       0x10 c:/pixhawk/winarm/bin/../lib/gcc/arm-elf/4.1.1/../../../../arm-elf/lib/interwork\libm.a(s_rint.o)
 *(.rodata*)
 .rodata.str1.4
                0x00033dd8      0x784 build/obj/main/mainloop_generic.o
 .rodata.str1.4
                0x00000000       0xd8 build/obj/main/mainloop_ground_car.o
 .rodata.str1.4
                0x0003455c      0x155 build/obj/main/common_mainloop_functions.o
                                0x6c0 (size before relaxing)
 *fill*         0x000346b1        0x3 00
 .rodata.str1.4
                0x000346b4      0x34c build/obj/arm7/i2c.o
 .rodata.str1.4
                0x00034a00       0x4c build/obj/arm7/i2c_devices/eeprom.o
 .rodata.str1.4
                0x00034a4c      0x25b build/obj/system/communication.o
                                0x25c (size before relaxing)
 *fill*         0x00034ca7        0x1 00
 .rodata.str1.4
                0x00034ca8        0xb build/obj/controllers/quadrotor/control_quadrotor_position.o
                                  0xc (size before relaxing)
 *fill*         0x00034cb3        0x1 00
 .rodata.str1.4
                0x00034cb4       0xe6 build/obj/controllers/quadrotor/control_quadrotor_start_land.o
                                 0xe8 (size before relaxing)
 *fill*         0x00034d9a        0x2 00
 .rodata.str1.4
                0x00034d9c       0xfc build/obj/system/remote_control.o
 .rodata.str1.4
                0x00034e98      0x1c8 build/obj/system/params.o
 .rodata.str1.4
                0x00035060      0x13e build/obj/fusion/vision_buffer.o
                                0x140 (size before relaxing)
 .rodata.str1.4
                0x00000000       0x20 build/obj/fusion/outdoor_position_kalman.o
 *fill*         0x0003519e        0x2 00
 .rodata.str1.4
                0x000351a0        0xa build/obj/fusion/vision_position_kalman.o
                                  0xc (size before relaxing)
 *fill*         0x000351aa        0x2 00
 .rodata.str1.4
                0x000351ac       0xaf build/obj/math/matrix.o
                                 0xb0 (size before relaxing)
 *fill*         0x0003525b        0x1 00
 .rodata.str1.4
                0x0003525c       0x17 build/obj/math/geodetic/gps_transformations.o
                                 0x18 (size before relaxing)
 *fill*         0x00035273        0x1 00
 .rodata.str1.4
                0x00035274       0x5e build/obj/hal/gps/gps_nmea.o
                                 0x60 (size before relaxing)
 *fill*         0x000352d2        0x2 00
 .rodata.str1.4
                0x000352d4       0x8b build/obj/system/sys_state.o
                                 0x8c (size before relaxing)
 *fill*         0x0003535f        0x1 00
 .rodata.str1.4
                0x00035360       0x65 build/obj/system/calibration.o
                                 0x68 (size before relaxing)
 .rodata.str1.4
                0x00000000       0x65 c:/pixhawk/winarm/bin/../lib/gcc/arm-elf/4.1.1/../../../../arm-elf/lib/interwork\libc.a(impure.o)
                                  0x4 (size before relaxing)
 *fill*         0x000353c5        0x3 00
 .rodata.str1.4
                0x000353c8        0x5 c:/pixhawk/winarm/bin/../lib/gcc/arm-elf/4.1.1/../../../../arm-elf/lib/interwork\libm.a(w_acos.o)
                                  0x8 (size before relaxing)
 *fill*         0x000353cd        0x3 00
 .rodata.str1.4
                0x000353d0        0x5 c:/pixhawk/winarm/bin/../lib/gcc/arm-elf/4.1.1/../../../../arm-elf/lib/interwork\libm.a(w_asin.o)
                                  0x8 (size before relaxing)
 *fill*         0x000353d5        0x3 00
 .rodata.str1.4
                0x000353d8        0x6 c:/pixhawk/winarm/bin/../lib/gcc/arm-elf/4.1.1/../../../../arm-elf/lib/interwork\libm.a(w_atan2.o)
                                  0x8 (size before relaxing)
 *fill*         0x000353de        0x2 00
 .rodata.str1.4
                0x000353e0        0x5 c:/pixhawk/winarm/bin/../lib/gcc/arm-elf/4.1.1/../../../../arm-elf/lib/interwork\libm.a(w_cosh.o)
                                  0x8 (size before relaxing)
 *fill*         0x000353e5        0x3 00
 .rodata.str1.4
                0x000353e8        0x4 c:/pixhawk/winarm/bin/../lib/gcc/arm-elf/4.1.1/../../../../arm-elf/lib/interwork\libm.a(w_exp.o)
 .rodata.str1.4
                0x000353ec        0x4 c:/pixhawk/winarm/bin/../lib/gcc/arm-elf/4.1.1/../../../../arm-elf/lib/interwork\libm.a(w_log.o)
 .rodata.str1.4
                0x000353f0        0x4 c:/pixhawk/winarm/bin/../lib/gcc/arm-elf/4.1.1/../../../../arm-elf/lib/interwork\libm.a(w_pow.o)
 .rodata.str1.4
                0x000353f4        0x8 c:/pixhawk/winarm/bin/../lib/gcc/arm-elf/4.1.1/../../../../arm-elf/lib/interwork\libm.a(w_sinh.o)
 *(.gnu.linkonce.r.*)
                0x000353fc                . = ALIGN (0x4)

.ctors          0x000353fc        0x0
                0x000353fc                PROVIDE (__ctors_start__, .)
 *(SORT(.ctors.*))
 *(.ctors)
                0x000353fc                PROVIDE (__ctors_end__, .)

.dtors          0x000353fc        0x0
                0x000353fc                PROVIDE (__dtors_start__, .)
 *(SORT(.dtors.*))
 *(.dtors)
                0x000353fc                PROVIDE (__dtors_end__, .)
                0x000353fc                . = ALIGN (0x4)
                0x000353fc                _etext = .
                0x000353fc                PROVIDE (etext, .)

.data           0x40000000      0xc50 load address 0x000353fc
                0x40000000                _data = .
 *(.data)
 .data          0x40000000        0x0 build/obj/arm7/include/crt0.o
 .data          0x40000000        0x4 build/obj/main/mainloop_generic.o
 .data          0x40000004        0x0 build/obj/main/mainloop_fixed_wing.o
 .data          0x40000004        0x0 build/obj/main/mainloop_quadrotor.o
 .data          0x40000004        0x4 build/obj/main/mainloop_ground_car.o
 .data          0x40000008        0x0 build/obj/main/common_mainloop_functions.o
 .data          0x40000008        0x0 build/obj/math/lookup_sin_cos.o
 .data          0x40000008        0x0 build/obj/arm7/adc.o
 .data          0x40000008        0x0 build/obj/arm7/armVIC.o
 .data          0x40000008        0x0 build/obj/arm7/cam_trigger.o
 .data          0x40000008        0x0 build/obj/arm7/dac.o
 .data          0x40000008        0x0 build/obj/arm7/led.o
 .data          0x40000008        0x0 build/obj/arm7/spi.o
 .data          0x40000008        0x0 build/obj/arm7/i2c.o
 .data          0x40000008        0x0 build/obj/arm7/spi_devices/ads8341.o
 .data          0x40000008        0x0 build/obj/arm7/spi_devices/ms2100.o
 .data          0x40000008        0x0 build/obj/arm7/spi_devices/sca3100.o
 .data          0x40000008        0x0 build/obj/arm7/spi_devices/adns9500.o
 .data          0x40000008        0x0 build/obj/arm7/spi_devices/sca3000.o
 .data          0x40000008        0x0 build/obj/arm7/i2c_devices/bmp085.o
 .data          0x40000008        0x1 build/obj/arm7/i2c_devices/eeprom.o
 .data          0x40000009        0x0 build/obj/arm7/i2c_devices/i2c_motor_controller.o
 .data          0x40000009        0x0 build/obj/arm7/i2c_devices/i2c_motor_mikrokopter.o
 .data          0x40000009        0x2 build/obj/arm7/i2c_devices/hmc5843.o
                0x40000009                hmc5843_address
                0x4000000a                hmc5843_bus
 *fill*         0x4000000b        0x1 00
 .data          0x4000000c        0x4 build/obj/arm7/ppm.o
 .data          0x40000010        0x0 build/obj/arm7/pwm.o
 .data          0x40000010        0x0 build/obj/arm7/sys_time.o
 .data          0x40000010        0x0 build/obj/arm7/uart.o
 .data          0x40000010        0x0 build/obj/comm/comm.o
 .data          0x40000010        0x0 build/obj/system/watchdog.o
 .data          0x40000010        0x0 build/obj/system/pid.o
 .data          0x40000010        0x0 build/obj/hal/shutter.o
 .data          0x40000010        0x0 build/obj/system/communication.o
 .data          0x40000010        0x0 build/obj/controllers/coaxial/control_position.o
 .data          0x40000010        0x0 build/obj/controllers/coaxial/control_attitude.o
 .data          0x40000010        0x0 build/obj/controllers/coaxial/control_yawSpeed.o
 .data          0x40000010        0x0 build/obj/controllers/coaxial/control_yaw_altitude.o
 .data          0x40000010        0x0 build/obj/controllers/quadrotor/control_quadrotor_attitude.o
 .data          0x40000010        0x0 build/obj/controllers/fixed_wing/control_fixed_wing_attitude.o
 .data          0x40000010        0x0 build/obj/controllers/quadrotor/control_quadrotor_position.o
 .data          0x40000010        0x0 build/obj/controllers/quadrotor/control_quadrotor_start_land.o
 .data          0x40000010        0x0 build/obj/system/remote_control.o
 .data          0x40000010        0x0 build/obj/system/debug.o
 .data          0x40000010        0x1 build/obj/system/params.o
                0x40000010                param_sizecheck
 .data          0x40000011        0x0 build/obj/fusion/altitude_kalman.o
 .data          0x40000011        0x0 build/obj/fusion/attitude_observer.o
 *fill*         0x40000011        0x3 00
 .data          0x40000014        0x4 build/obj/fusion/position_kalman.o
                0x40000014                xN
 .data          0x40000018        0x0 build/obj/fusion/vision_buffer.o
 .data          0x40000018        0x0 build/obj/fusion/kalman.o
 .data          0x40000018      0x208 build/obj/fusion/outdoor_position_kalman.o
 .data          0x40000220      0x204 build/obj/fusion/vision_position_kalman.o
 .data          0x40000424        0x0 build/obj/fusion/attitude_compl_euler.o
 .data          0x40000424        0x0 build/obj/fusion/simple_altitude_moving_average.o
 .data          0x40000424        0x0 build/obj/fusion/least_square.o
 .data          0x40000424        0x0 build/obj/fusion/global_pos.o
 .data          0x40000424        0x0 build/obj/fusion/world_to_body.o
 .data          0x40000424        0x0 build/obj/fusion/position_kalman2.o
 .data          0x40000424       0x10 build/obj/fusion/position_kalman3.o
                0x40000428                minV
                0x40000424                maxV
                0x4000042c                thresh
                0x40000430                slope
 .data          0x40000434        0x0 build/obj/math/transformation.o
 .data          0x40000434        0x0 build/obj/math/matrix.o
 .data          0x40000434        0x0 build/obj/math/geodetic/latlong.o
 .data          0x40000434        0x0 build/obj/arm7/sdfat/syscalls.o
 .data          0x40000434        0x0 build/obj/math/geodetic/gps_transformations.o
 .data          0x40000434        0x1 build/obj/hal/gps/gps_nmea.o
                0x40000434                nav_utm_zone0
 .data          0x40000435        0x0 build/obj/system/sys_state.o
 .data          0x40000435        0x0 build/obj/system/calibration.o
 .data          0x40000435        0x0 build/obj/main.o
 .data          0x40000435        0x0 c:/pixhawk/winarm/bin/../lib/gcc/arm-elf/4.1.1/../../../../arm-elf/lib/interwork\libc.a(atoi.o)
 .data          0x40000435        0x0 c:/pixhawk/winarm/bin/../lib/gcc/arm-elf/4.1.1/../../../../arm-elf/lib/interwork\libc.a(memcpy.o)
 .data          0x40000435        0x0 c:/pixhawk/winarm/bin/../lib/gcc/arm-elf/4.1.1/../../../../arm-elf/lib/interwork\libc.a(memset.o)
 .data          0x40000435        0x0 c:/pixhawk/winarm/bin/../lib/gcc/arm-elf/4.1.1/../../../../arm-elf/lib/interwork\libc.a(s_modf.o)
 .data          0x40000435        0x0 c:/pixhawk/winarm/bin/../lib/gcc/arm-elf/4.1.1/../../../../arm-elf/lib/interwork\libc.a(strncmp.o)
 .data          0x40000435        0x0 c:/pixhawk/winarm/bin/../lib/gcc/arm-elf/4.1.1/../../../../arm-elf/lib/interwork\libc.a(strncpy.o)
 .data          0x40000435        0x0 c:/pixhawk/winarm/bin/../lib/gcc/arm-elf/4.1.1/../../../../arm-elf/lib/interwork\libc.a(strtod.o)
 .data          0x40000435        0x0 c:/pixhawk/winarm/bin/../lib/gcc/arm-elf/4.1.1/../../../../arm-elf/lib/interwork\libc.a(strtol.o)
 *fill*         0x40000435        0x3 00
 .data          0x40000438        0x4 c:/pixhawk/winarm/bin/../lib/gcc/arm-elf/4.1.1/../../../../arm-elf/lib/interwork\libc.a(ctype_.o)
                0x40000438                __ctype_ptr
 .data          0x4000043c      0x404 c:/pixhawk/winarm/bin/../lib/gcc/arm-elf/4.1.1/../../../../arm-elf/lib/interwork\libc.a(impure.o)
                0x4000043c                _impure_ptr
 .data          0x40000840        0x0 c:/pixhawk/winarm/bin/../lib/gcc/arm-elf/4.1.1/../../../../arm-elf/lib/interwork\libc.a(mprec.o)
 .data          0x40000840        0x0 c:/pixhawk/winarm/bin/../lib/gcc/arm-elf/4.1.1/../../../../arm-elf/lib/interwork\libc.a(s_isnan.o)
 .data          0x40000840        0x0 c:/pixhawk/winarm/bin/../lib/gcc/arm-elf/4.1.1/../../../../arm-elf/lib/interwork\libc.a(s_nan.o)
 .data          0x40000840        0x0 c:/pixhawk/winarm/bin/../lib/gcc/arm-elf/4.1.1/../../../../arm-elf/lib/interwork\libc.a(sf_nan.o)
 .data          0x40000840        0x0 c:/pixhawk/winarm/bin/../lib/gcc/arm-elf/4.1.1/../../../../arm-elf/lib/interwork\libc.a(callocr.o)
 .data          0x40000840      0x410 c:/pixhawk/winarm/bin/../lib/gcc/arm-elf/4.1.1/../../../../arm-elf/lib/interwork\libc.a(mallocr.o)
                0x40000c4c                __malloc_sbrk_base
                0x40000840                __malloc_av_
                0x40000c48                __malloc_trim_threshold
 .data          0x40000c50        0x0 c:/pixhawk/winarm/bin/../lib/gcc/arm-elf/4.1.1/../../../../arm-elf/lib/interwork\libc.a(mlock.o)
 .data          0x40000c50        0x0 c:/pixhawk/winarm/bin/../lib/gcc/arm-elf/4.1.1/../../../../arm-elf/lib/interwork\libc.a(freer.o)
 .data          0x40000c50        0x0 c:/pixhawk/winarm/bin/../lib/gcc/arm-elf/4.1.1/../../../../arm-elf/lib/interwork\libm.a(s_atan.o)
 .data          0x40000c50        0x0 c:/pixhawk/winarm/bin/../lib/gcc/arm-elf/4.1.1/../../../../arm-elf/lib/interwork\libm.a(s_cos.o)
 .data          0x40000c50        0x0 c:/pixhawk/winarm/bin/../lib/gcc/arm-elf/4.1.1/../../../../arm-elf/lib/interwork\libm.a(s_fabs.o)
 .data          0x40000c50        0x0 c:/pixhawk/winarm/bin/../lib/gcc/arm-elf/4.1.1/../../../../arm-elf/lib/interwork\libm.a(s_sin.o)
 .data          0x40000c50        0x0 c:/pixhawk/winarm/bin/../lib/gcc/arm-elf/4.1.1/../../../../arm-elf/lib/interwork\libm.a(s_tan.o)
 .data          0x40000c50        0x0 c:/pixhawk/winarm/bin/../lib/gcc/arm-elf/4.1.1/../../../../arm-elf/lib/interwork\libm.a(w_acos.o)
 .data          0x40000c50        0x0 c:/pixhawk/winarm/bin/../lib/gcc/arm-elf/4.1.1/../../../../arm-elf/lib/interwork\libm.a(w_asin.o)
 .data          0x40000c50        0x0 c:/pixhawk/winarm/bin/../lib/gcc/arm-elf/4.1.1/../../../../arm-elf/lib/interwork\libm.a(w_atan2.o)
 .data          0x40000c50        0x0 c:/pixhawk/winarm/bin/../lib/gcc/arm-elf/4.1.1/../../../../arm-elf/lib/interwork\libm.a(w_cosh.o)
 .data          0x40000c50        0x0 c:/pixhawk/winarm/bin/../lib/gcc/arm-elf/4.1.1/../../../../arm-elf/lib/interwork\libm.a(w_exp.o)
 .data          0x40000c50        0x0 c:/pixhawk/winarm/bin/../lib/gcc/arm-elf/4.1.1/../../../../arm-elf/lib/interwork\libm.a(w_log.o)
 .data          0x40000c50        0x0 c:/pixhawk/winarm/bin/../lib/gcc/arm-elf/4.1.1/../../../../arm-elf/lib/interwork\libm.a(w_pow.o)
 .data          0x40000c50        0x0 c:/pixhawk/winarm/bin/../lib/gcc/arm-elf/4.1.1/../../../../arm-elf/lib/interwork\libm.a(w_sinh.o)
 .data          0x40000c50        0x0 c:/pixhawk/winarm/bin/../lib/gcc/arm-elf/4.1.1/../../../../arm-elf/lib/interwork\libm.a(e_acos.o)
 .data          0x40000c50        0x0 c:/pixhawk/winarm/bin/../lib/gcc/arm-elf/4.1.1/../../../../arm-elf/lib/interwork\libm.a(e_asin.o)
 .data          0x40000c50        0x0 c:/pixhawk/winarm/bin/../lib/gcc/arm-elf/4.1.1/../../../../arm-elf/lib/interwork\libm.a(e_atan2.o)
 .data          0x40000c50        0x0 c:/pixhawk/winarm/bin/../lib/gcc/arm-elf/4.1.1/../../../../arm-elf/lib/interwork\libm.a(e_cosh.o)
 .data          0x40000c50        0x0 c:/pixhawk/winarm/bin/../lib/gcc/arm-elf/4.1.1/../../../../arm-elf/lib/interwork\libm.a(e_exp.o)
 .data          0x40000c50        0x0 c:/pixhawk/winarm/bin/../lib/gcc/arm-elf/4.1.1/../../../../arm-elf/lib/interwork\libm.a(e_log.o)
 .data          0x40000c50        0x0 c:/pixhawk/winarm/bin/../lib/gcc/arm-elf/4.1.1/../../../../arm-elf/lib/interwork\libm.a(e_pow.o)
 .data          0x40000c50        0x0 c:/pixhawk/winarm/bin/../lib/gcc/arm-elf/4.1.1/../../../../arm-elf/lib/interwork\libm.a(e_rem_pio2.o)
 .data          0x40000c50        0x0 c:/pixhawk/winarm/bin/../lib/gcc/arm-elf/4.1.1/../../../../arm-elf/lib/interwork\libm.a(e_sinh.o)
 .data          0x40000c50        0x0 c:/pixhawk/winarm/bin/../lib/gcc/arm-elf/4.1.1/../../../../arm-elf/lib/interwork\libm.a(e_sqrt.o)
 .data          0x40000c50        0x0 c:/pixhawk/winarm/bin/../lib/gcc/arm-elf/4.1.1/../../../../arm-elf/lib/interwork\libm.a(k_cos.o)
 .data          0x40000c50        0x0 c:/pixhawk/winarm/bin/../lib/gcc/arm-elf/4.1.1/../../../../arm-elf/lib/interwork\libm.a(k_rem_pio2.o)
 .data          0x40000c50        0x0 c:/pixhawk/winarm/bin/../lib/gcc/arm-elf/4.1.1/../../../../arm-elf/lib/interwork\libm.a(k_sin.o)
 .data          0x40000c50        0x0 c:/pixhawk/winarm/bin/../lib/gcc/arm-elf/4.1.1/../../../../arm-elf/lib/interwork\libm.a(k_tan.o)
 .data          0x40000c50        0x0 c:/pixhawk/winarm/bin/../lib/gcc/arm-elf/4.1.1/../../../../arm-elf/lib/interwork\libm.a(s_expm1.o)
 .data          0x40000c50        0x0 c:/pixhawk/winarm/bin/../lib/gcc/arm-elf/4.1.1/../../../../arm-elf/lib/interwork\libm.a(s_finite.o)
 .data          0x40000c50        0x0 c:/pixhawk/winarm/bin/../lib/gcc/arm-elf/4.1.1/../../../../arm-elf/lib/interwork\libm.a(s_floor.o)
 .data          0x40000c50        0x0 c:/pixhawk/winarm/bin/../lib/gcc/arm-elf/4.1.1/../../../../arm-elf/lib/interwork\libm.a(s_lib_ver.o)
 .data          0x40000c50        0x0 c:/pixhawk/winarm/bin/../lib/gcc/arm-elf/4.1.1/../../../../arm-elf/lib/interwork\libm.a(s_matherr.o)
 .data          0x40000c50        0x0 c:/pixhawk/winarm/bin/../lib/gcc/arm-elf/4.1.1/../../../../arm-elf/lib/interwork\libm.a(s_rint.o)
 .data          0x40000c50        0x0 c:/pixhawk/winarm/bin/../lib/gcc/arm-elf/4.1.1/../../../../arm-elf/lib/interwork\libm.a(s_scalbn.o)
 .data          0x40000c50        0x0 c:/pixhawk/winarm/bin/../lib/gcc/arm-elf/4.1.1/../../../../arm-elf/lib/interwork\libm.a(s_copysign.o)
 .data          0x40000c50        0x0 c:/pixhawk/winarm/bin/../lib/gcc/arm-elf/4.1.1/../../../../arm-elf/lib/interwork\libc.a(errno.o)
 .data          0x40000c50        0x0 c:/pixhawk/winarm/bin/../lib/gcc/arm-elf/4.1.1/interwork\libgcc.a(_udivsi3.o)
 .data          0x40000c50        0x0 c:/pixhawk/winarm/bin/../lib/gcc/arm-elf/4.1.1/interwork\libgcc.a(_divsi3.o)
 .data          0x40000c50        0x0 c:/pixhawk/winarm/bin/../lib/gcc/arm-elf/4.1.1/interwork\libgcc.a(_umodsi3.o)
 .data          0x40000c50        0x0 c:/pixhawk/winarm/bin/../lib/gcc/arm-elf/4.1.1/interwork\libgcc.a(_dvmd_tls.o)
 .data          0x40000c50        0x0 c:/pixhawk/winarm/bin/../lib/gcc/arm-elf/4.1.1/interwork\libgcc.a(_addsubdf3.o)
 .data          0x40000c50        0x0 c:/pixhawk/winarm/bin/../lib/gcc/arm-elf/4.1.1/interwork\libgcc.a(_muldivdf3.o)
 .data          0x40000c50        0x0 c:/pixhawk/winarm/bin/../lib/gcc/arm-elf/4.1.1/interwork\libgcc.a(_cmpdf2.o)